5.120.215.152 - - [09/Aug/2023:00:40:52 +0330] "GET /v/media/e81dce0a-4df2-11eb-82ce-ecb1d77bc5d8/8a0ca09d73ef2974029fc8f237dfd432/8a0ca09d73ef2974029fc8f237dfd432.m3u8 HTTP/2.0" 200 308 "https://notenet.ir/" "Mozilla/5.0 (Linux; Android 12; SM-A525F) AppleWebKit/537.36 (KHTML, like Gecko) Chrome/103.0.0.0 Mobile Safari/537.36" -access_log/var/log/nginx/access.log
5.120.215.152 - - [09/Aug/2023:00:40:55 +0330] "GET /v/media/e81dce0a-4df2-11eb-82ce-ecb1d77bc5d8/8a0ca09d73ef2974029fc8f237dfd432/360/360p.m3u8 HTTP/2.0" 200 809 "https://notenet.ir/" "Mozilla/5.0 (Linux; Android 12; SM-A525F) AppleWebKit/537.36 (KHTML, like Gecko) Chrome/103.0.0.0 Mobile Safari/537.36" -access_log/var/log/nginx/access.log
5.120.215.152 - - [09/Aug/2023:00:40:56 +0330] "GET /v/media/e81dce0a-4df2-11eb-82ce-ecb1d77bc5d8/8a0ca09d73ef2974029fc8f237dfd432/360/360p_000.ts HTTP/2.0" 200 870440 "https://notenet.ir/" "Mozilla/5.0 (Linux; Android 12; SM-A525F) AppleWebKit/537.36 (KHTML, like Gecko) Chrome/103.0.0.0 Mobile Safari/537.36" -access_log/var/log/nginx/access.log
5.120.215.152 - - [09/Aug/2023:00:40:58 +0330] "GET /v/media/e81dce0a-4df2-11eb-82ce-ecb1d77bc5d8/8a0ca09d73ef2974029fc8f237dfd432/480/480p.m3u8 HTTP/2.0" 200 809 "https://notenet.ir/" "Mozilla/5.0 (Linux; Android 12; SM-A525F) AppleWebKit/537.36 (KHTML, like Gecko) Chrome/103.0.0.0 Mobile Safari/537.36" -access_log/var/log/nginx/access.log
5.120.215.152 - - [09/Aug/2023:00:40:59 +0330] "GET /image/proxy/rs:fill:140:100:1/g:sm/s:140:100/plain/https://notenet.ir/media/d3a102d6365a430a116ffd95e5ea3b04.jpg@webp HTTP/2.0" 200 2956 "https://notenet.ir/p/%D9%85%D8%AD%D8%B3%D9%86_%DA%86%D8%A7%D9%88%D8%B4%DB%8C/%D8%B2%D8%AE%D9%85_%D8%B2%D8%A8%D9%88%D9%86?artist=603f98b9d13ebefbdcb1fb74" "Mozilla/5.0 (Linux; Android 12; SM-A525F) AppleWebKit/537.36 (KHTML, like Gecko) Chrome/103.0.0.0 Mobile Safari/537.36" -access_log/var/log/nginx/access.log
5.120.215.152 - - [09/Aug/2023:00:40:59 +0330] "GET /image/proxy/rs:fill:140:100:1/g:sm/s:140:100/plain/https://notenet.ir/media/06a0a4c5a2731ab38a00c8a79e85926c.jpg@webp HTTP/2.0" 200 1646 "https://notenet.ir/p/%D9%85%D8%AD%D8%B3%D9%86_%DA%86%D8%A7%D9%88%D8%B4%DB%8C/%D8%B2%D8%AE%D9%85_%D8%B2%D8%A8%D9%88%D9%86?artist=603f98b9d13ebefbdcb1fb74" "Mozilla/5.0 (Linux; Android 12; SM-A525F) AppleWebKit/537.36 (KHTML, like Gecko) Chrome/103.0.0.0 Mobile Safari/537.36" -access_log/var/log/nginx/access.log
5.120.215.152 - - [09/Aug/2023:00:40:59 +0330] "GET /image/proxy/rs:fill:140:100:1/g:sm/s:140:100/plain/https://notenet.ir/media/00d7012bb519aedc8984b90caaf4ae2e.jpg@webp HTTP/2.0" 200 2540 "https://notenet.ir/p/%D9%85%D8%AD%D8%B3%D9%86_%DA%86%D8%A7%D9%88%D8%B4%DB%8C/%D8%B2%D8%AE%D9%85_%D8%B2%D8%A8%D9%88%D9%86?artist=603f98b9d13ebefbdcb1fb74" "Mozilla/5.0 (Linux; Android 12; SM-A525F) AppleWebKit/537.36 (KHTML, like Gecko) Chrome/103.0.0.0 Mobile Safari/537.36" -access_log/var/log/nginx/access.log
5.120.215.152 - - [09/Aug/2023:00:40:59 +0330] "GET /image/proxy/rs:fill:140:100:1/g:sm/s:140:100/plain/https://notenet.ir/media/3ec2a1ae463619f1724efe4b46d2bc92.jpg@webp HTTP/2.0" 200 2686 "https://notenet.ir/p/%D9%85%D8%AD%D8%B3%D9%86_%DA%86%D8%A7%D9%88%D8%B4%DB%8C/%D8%B2%D8%AE%D9%85_%D8%B2%D8%A8%D9%88%D9%86?artist=603f98b9d13ebefbdcb1fb74" "Mozilla/5.0 (Linux; Android 12; SM-A525F) AppleWebKit/537.36 (KHTML, like Gecko) Chrome/103.0.0.0 Mobile Safari/537.36" -access_log/var/log/nginx/access.log
5.120.215.152 - - [09/Aug/2023:00:40:59 +0330] "GET /image/proxy/rs:fill:140:100:1/g:sm/s:140:100/plain/https://notenet.ir/media/819e2eeb39b6bc004dd695125ff8db3e.jpg@webp HTTP/2.0" 200 2062 "https://notenet.ir/p/%D9%85%D8%AD%D8%B3%D9%86_%DA%86%D8%A7%D9%88%D8%B4%DB%8C/%D8%B2%D8%AE%D9%85_%D8%B2%D8%A8%D9%88%D9%86?artist=603f98b9d13ebefbdcb1fb74" "Mozilla/5.0 (Linux; Android 12; SM-A525F) AppleWebKit/537.36 (KHTML, like Gecko) Chrome/103.0.0.0 Mobile Safari/537.36" -access_log/var/log/nginx/access.log
5.120.215.152 - - [09/Aug/2023:00:40:59 +0330] "GET /image/proxy/rs:fill:140:100:1/g:sm/s:140:100/plain/https://notenet.ir/media/1b473296799c814b9ee42bb1ac4f5b64.jpg@webp HTTP/2.0" 200 3264 "https://notenet.ir/p/%D9%85%D8%AD%D8%B3%D9%86_%DA%86%D8%A7%D9%88%D8%B4%DB%8C/%D8%B2%D8%AE%D9%85_%D8%B2%D8%A8%D9%88%D9%86?artist=603f98b9d13ebefbdcb1fb74" "Mozilla/5.0 (Linux; Android 12; SM-A525F) AppleWebKit/537.36 (KHTML, like Gecko) Chrome/103.0.0.0 Mobile Safari/537.36" -access_log/var/log/nginx/access.log
5.120.215.152 - - [09/Aug/2023:00:40:59 +0330] "GET /image/proxy/rs:fill:140:100:1/g:sm/s:140:100/plain/https://notenet.ir/media/8ac041e5c42ff8fd0e85e9eeab8fe6f4.jpg@webp HTTP/2.0" 200 1954 "https://notenet.ir/p/%D9%85%D8%AD%D8%B3%D9%86_%DA%86%D8%A7%D9%88%D8%B4%DB%8C/%D8%B2%D8%AE%D9%85_%D8%B2%D8%A8%D9%88%D9%86?artist=603f98b9d13ebefbdcb1fb74" "Mozilla/5.0 (Linux; Android 12; SM-A525F) AppleWebKit/537.36 (KHTML, like Gecko) Chrome/103.0.0.0 Mobile Safari/537.36" -access_log/var/log/nginx/access.log
5.120.215.152 - - [09/Aug/2023:00:40:59 +0330] "GET /image/proxy/rs:fill:140:100:1/g:sm/s:140:100/plain/https://notenet.ir/media/48ce2a839b24b7994c631e073a5473e5.jpg@webp HTTP/2.0" 200 1904 "https://notenet.ir/p/%D9%85%D8%AD%D8%B3%D9%86_%DA%86%D8%A7%D9%88%D8%B4%DB%8C/%D8%B2%D8%AE%D9%85_%D8%B2%D8%A8%D9%88%D9%86?artist=603f98b9d13ebefbdcb1fb74" "Mozilla/5.0 (Linux; Android 12; SM-A525F) AppleWebKit/537.36 (KHTML, like Gecko) Chrome/103.0.0.0 Mobile Safari/537.36" -access_log/var/log/nginx/access.log
5.120.215.152 - - [09/Aug/2023:00:40:59 +0330] "GET /image/proxy/rs:fill:140:100:1/g:sm/s:140:100/plain/https://notenet.ir/media/7dbcb14c517bfb2c706834f8dec176bb.jpg@webp HTTP/2.0" 200 984 "https://notenet.ir/p/%D9%85%D8%AD%D8%B3%D9%86_%DA%86%D8%A7%D9%88%D8%B4%DB%8C/%D8%B2%D8%AE%D9%85_%D8%B2%D8%A8%D9%88%D9%86?artist=603f98b9d13ebefbdcb1fb74" "Mozilla/5.0 (Linux; Android 12; SM-A525F) AppleWebKit/537.36 (KHTML, like Gecko) Chrome/103.0.0.0 Mobile Safari/537.36" -access_log/var/log/nginx/access.log
5.120.215.152 - - [09/Aug/2023:00:40:59 +0330] "GET /image/proxy/rs:fill:140:100:1/g:sm/s:140:100/plain/https://notenet.ir/media/7b7cd6a9e76c63c4b0ef1b2e929547da.jpg@webp HTTP/2.0" 200 2446 "https://notenet.ir/p/%D9%85%D8%AD%D8%B3%D9%86_%DA%86%D8%A7%D9%88%D8%B4%DB%8C/%D8%B2%D8%AE%D9%85_%D8%B2%D8%A8%D9%88%D9%86?artist=603f98b9d13ebefbdcb1fb74" "Mozilla/5.0 (Linux; Android 12; SM-A525F) AppleWebKit/537.36 (KHTML, like Gecko) Chrome/103.0.0.0 Mobile Safari/537.36" -access_log/var/log/nginx/access.log
10.2.51.2 - - [09/Aug/2023:00:40:59 +0330] "GET /media/819e2eeb39b6bc004dd695125ff8db3e.jpg HTTP/2.0" 200 74814 "-" "imgproxy/3.18.2" -access_log/var/log/nginx/access.log
10.2.51.2 - - [09/Aug/2023:00:40:59 +0330] "GET /media/06a0a4c5a2731ab38a00c8a79e85926c.jpg HTTP/2.0" 200 17556 "-" "imgproxy/3.18.2" -access_log/var/log/nginx/access.log
10.2.51.2 - - [09/Aug/2023:00:40:59 +0330] "GET /media/7dbcb14c517bfb2c706834f8dec176bb.jpg HTTP/2.0" 200 93443 "-" "imgproxy/3.18.2" -access_log/var/log/nginx/access.log
10.2.51.2 - - [09/Aug/2023:00:40:59 +0330] "GET /media/8ac041e5c42ff8fd0e85e9eeab8fe6f4.jpg HTTP/2.0" 200 196541 "-" "imgproxy/3.18.2" -access_log/var/log/nginx/access.log
10.2.51.2 - - [09/Aug/2023:00:40:59 +0330] "GET /media/7b7cd6a9e76c63c4b0ef1b2e929547da.jpg HTTP/2.0" 200 485753 "-" "imgproxy/3.18.2" -access_log/var/log/nginx/access.log
10.2.51.2 - - [09/Aug/2023:00:40:59 +0330] "GET /media/00d7012bb519aedc8984b90caaf4ae2e.jpg HTTP/2.0" 200 345925 "-" "imgproxy/3.18.2" -access_log/var/log/nginx/access.log
10.2.51.2 - - [09/Aug/2023:00:40:59 +0330] "GET /media/48ce2a839b24b7994c631e073a5473e5.jpg HTTP/2.0" 200 716525 "-" "imgproxy/3.18.2" -access_log/var/log/nginx/access.log
10.2.51.2 - - [09/Aug/2023:00:40:59 +0330] "GET /media/3ec2a1ae463619f1724efe4b46d2bc92.jpg HTTP/2.0" 200 310385 "-" "imgproxy/3.18.2" -access_log/var/log/nginx/access.log
10.2.51.2 - - [09/Aug/2023:00:40:59 +0330] "GET /media/d3a102d6365a430a116ffd95e5ea3b04.jpg HTTP/2.0" 200 355000 "-" "imgproxy/3.18.2" -access_log/var/log/nginx/access.log
10.2.51.2 - - [09/Aug/2023:00:40:59 +0330] "GET /media/1b473296799c814b9ee42bb1ac4f5b64.jpg HTTP/2.0" 200 466210 "-" "imgproxy/3.18.2" -access_log/var/log/nginx/access.log
5.120.215.152 - - [09/Aug/2023:00:40:59 +0330] "GET /image/proxy/rs:fill:140:100:1/g:sm/s:140:100/plain/https://notenet.ir/media/cee58d68fdd46e3992b8a8264c0b9e74.jpg@webp HTTP/2.0" 200 2536 "https://notenet.ir/p/%D9%85%D8%AD%D8%B3%D9%86_%DA%86%D8%A7%D9%88%D8%B4%DB%8C/%D8%B2%D8%AE%D9%85_%D8%B2%D8%A8%D9%88%D9%86?artist=603f98b9d13ebefbdcb1fb74" "Mozilla/5.0 (Linux; Android 12; SM-A525F) AppleWebKit/537.36 (KHTML, like Gecko) Chrome/103.0.0.0 Mobile Safari/537.36" -access_log/var/log/nginx/access.log
5.120.215.152 - - [09/Aug/2023:00:40:59 +0330] "GET /image/proxy/rs:fill:140:100:1/g:sm/s:140:100/plain/https://notenet.ir/media/0ad34044429865b91925e59346d3f79d.jpg@webp HTTP/2.0" 200 2322 "https://notenet.ir/p/%D9%85%D8%AD%D8%B3%D9%86_%DA%86%D8%A7%D9%88%D8%B4%DB%8C/%D8%B2%D8%AE%D9%85_%D8%B2%D8%A8%D9%88%D9%86?artist=603f98b9d13ebefbdcb1fb74" "Mozilla/5.0 (Linux; Android 12; SM-A525F) AppleWebKit/537.36 (KHTML, like Gecko) Chrome/103.0.0.0 Mobile Safari/537.36" -access_log/var/log/nginx/access.log
5.120.215.152 - - [09/Aug/2023:00:40:59 +0330] "GET /image/proxy/rs:fill:140:100:1/g:sm/s:140:100/plain/https://notenet.ir/media/860bb512c78d07b5b19539bbf91207dc.jpg@webp HTTP/2.0" 200 3482 "https://notenet.ir/p/%D9%85%D8%AD%D8%B3%D9%86_%DA%86%D8%A7%D9%88%D8%B4%DB%8C/%D8%B2%D8%AE%D9%85_%D8%B2%D8%A8%D9%88%D9%86?artist=603f98b9d13ebefbdcb1fb74" "Mozilla/5.0 (Linux; Android 12; SM-A525F) AppleWebKit/537.36 (KHTML, like Gecko) Chrome/103.0.0.0 Mobile Safari/537.36" -access_log/var/log/nginx/access.log
10.2.51.2 - - [09/Aug/2023:00:40:59 +0330] "GET /media/cee58d68fdd46e3992b8a8264c0b9e74.jpg HTTP/2.0" 200 37681 "-" "imgproxy/3.18.2" -access_log/var/log/nginx/access.log
10.2.51.2 - - [09/Aug/2023:00:40:59 +0330] "GET /media/0ad34044429865b91925e59346d3f79d.jpg HTTP/2.0" 200 46457 "-" "imgproxy/3.18.2" -access_log/var/log/nginx/access.log
10.2.51.2 - - [09/Aug/2023:00:40:59 +0330] "GET /media/860bb512c78d07b5b19539bbf91207dc.jpg HTTP/2.0" 200 360625 "-" "imgproxy/3.18.2" -access_log/var/log/nginx/access.log
5.120.215.152 - - [09/Aug/2023:00:41:01 +0330] "GET /v/media/e81dce0a-4df2-11eb-82ce-ecb1d77bc5d8/8a0ca09d73ef2974029fc8f237dfd432/360/360p_001.ts HTTP/2.0" 200 709700 "https://notenet.ir/" "Mozilla/5.0 (Linux; Android 12; SM-A525F) AppleWebKit/537.36 (KHTML, like Gecko) Chrome/103.0.0.0 Mobile Safari/537.36" -access_log/var/log/nginx/access.log
5.120.215.152 - - [09/Aug/2023:00:41:11 +0330] "GET /v/media/e81dce0a-4df2-11eb-82ce-ecb1d77bc5d8/8a0ca09d73ef2974029fc8f237dfd432/360/360p_002.ts HTTP/2.0" 200 774184 "https://notenet.ir/" "Mozilla/5.0 (Linux; Android 12; SM-A525F) AppleWebKit/537.36 (KHTML, like Gecko) Chrome/103.0.0.0 Mobile Safari/537.36" -access_log/var/log/nginx/access.log
5.120.215.152 - - [09/Aug/2023:00:41:14 +0330] "GET /media/favicon/6e922c4dbabb9a3c895f5121ae335d58.png HTTP/2.0" 200 6227 "https://notenet.ir/p/%D9%85%D8%AD%D8%B3%D9%86_%DA%86%D8%A7%D9%88%D8%B4%DB%8C/%D8%B2%D8%AE%D9%85_%D8%B2%D8%A8%D9%88%D9%86?artist=603f98b9d13ebefbdcb1fb74" "Mozilla/5.0 (Linux; Android 12; SM-A525F) AppleWebKit/537.36 (KHTML, like Gecko) Chrome/103.0.0.0 Mobile Safari/537.36" -access_log/var/log/nginx/access.log
216.244.66.236 - - [09/Aug/2023:00:41:15 +0330] "GET /p/%D8%A7%D9%85%D9%88_%D8%A8%D9%86%D8%AF/%D8%AF%D9%86%DB%8C%D8%A7%D9%85%D9%88 HTTP/1.1" 200 154337 "-" "Mozilla/5.0 (compatible; DotBot/1.2; +https://opensiteexplorer.org/dotbot; help@moz.com)" -access_log/var/log/nginx/access.log
5.120.215.152 - - [09/Aug/2023:00:41:20 +0330] "GET /v/media/e81dce0a-4df2-11eb-82ce-ecb1d77bc5d8/8a0ca09d73ef2974029fc8f237dfd432/480/480p_003.ts HTTP/2.0" 200 1171616 "https://notenet.ir/" "Mozilla/5.0 (Linux; Android 12; SM-A525F) AppleWebKit/537.36 (KHTML, like Gecko) Chrome/103.0.0.0 Mobile Safari/537.36" -access_log/var/log/nginx/access.log
5.120.215.152 - - [09/Aug/2023:00:41:30 +0330] "GET /v/media/e81dce0a-4df2-11eb-82ce-ecb1d77bc5d8/8a0ca09d73ef2974029fc8f237dfd432/480/480p_004.ts HTTP/2.0" 200 1433500 "https://notenet.ir/" "Mozilla/5.0 (Linux; Android 12; SM-A525F) AppleWebKit/537.36 (KHTML, like Gecko) Chrome/103.0.0.0 Mobile Safari/537.36" -access_log/var/log/nginx/access.log
40.77.167.148 - - [09/Aug/2023:00:41:33 +0330] "GET /player/NjMxZGVkMTA5NzY3YTBkMjAwZTg0MmE2 HTTP/2.0" 302 0 "-" "Mozilla/5.0 AppleWebKit/537.36 (KHTML, like Gecko; compatible; bingbot/2.0; +http://www.bing.com/bingbot.htm) Chrome/103.0.5060.134 Safari/537.36" -access_log/var/log/nginx/access.log
40.77.167.148 - - [09/Aug/2023:00:41:34 +0330] "GET /p/%D9%85%DB%8C%D8%AB%D9%85_%D8%A7%D8%A8%D8%B1%D8%A7%D9%87%DB%8C%D9%85%DB%8C/%DA%86%D9%87%D8%A7%D8%B1_%D8%AF%DB%8C%D9%88%D8%A7%D8%B1%DB%8C? HTTP/2.0" 302 50268 "-" "Mozilla/5.0 AppleWebKit/537.36 (KHTML, like Gecko; compatible; bingbot/2.0; +http://www.bing.com/bingbot.htm) Chrome/103.0.5060.134 Safari/537.36" -access_log/var/log/nginx/access.log
40.77.167.148 - - [09/Aug/2023:00:41:35 +0330] "GET /notfound-404? HTTP/2.0" 200 0 "-" "Mozilla/5.0 AppleWebKit/537.36 (KHTML, like Gecko; compatible; bingbot/2.0; +http://www.bing.com/bingbot.htm) Chrome/103.0.5060.134 Safari/537.36" -access_log/var/log/nginx/access.log
5.120.215.152 - - [09/Aug/2023:00:41:41 +0330] "GET /v/media/e81dce0a-4df2-11eb-82ce-ecb1d77bc5d8/8a0ca09d73ef2974029fc8f237dfd432/360/360p_005.ts HTTP/2.0" 200 764596 "https://notenet.ir/" "Mozilla/5.0 (Linux; Android 12; SM-A525F) AppleWebKit/537.36 (KHTML, like Gecko) Chrome/103.0.0.0 Mobile Safari/537.36" -access_log/var/log/nginx/access.log
5.120.215.152 - - [09/Aug/2023:00:41:51 +0330] "GET /v/media/e81dce0a-4df2-11eb-82ce-ecb1d77bc5d8/8a0ca09d73ef2974029fc8f237dfd432/480/480p_006.ts HTTP/2.0" 200 1205832 "https://notenet.ir/" "Mozilla/5.0 (Linux; Android 12; SM-A525F) AppleWebKit/537.36 (KHTML, like Gecko) Chrome/103.0.0.0 Mobile Safari/537.36" -access_log/var/log/nginx/access.log
5.120.215.152 - - [09/Aug/2023:00:41:58 +0330] "GET /image/proxy/rs:fill:140:100:1/g:sm/s:140:100/plain/https://notenet.ir/media/a9fe6e7234624efa30db96767c828588.jpg@webp HTTP/2.0" 200 3284 "https://notenet.ir/p/%D9%85%D8%AD%D8%B3%D9%86_%DA%86%D8%A7%D9%88%D8%B4%DB%8C/%D8%B2%D8%AE%D9%85_%D8%B2%D8%A8%D9%88%D9%86?artist=603f98b9d13ebefbdcb1fb74" "Mozilla/5.0 (Linux; Android 12; SM-A525F) AppleWebKit/537.36 (KHTML, like Gecko) Chrome/103.0.0.0 Mobile Safari/537.36" -access_log/var/log/nginx/access.log
5.120.215.152 - - [09/Aug/2023:00:41:58 +0330] "GET /image/proxy/rs:fill:140:100:1/g:sm/s:140:100/plain/https://notenet.ir/media/26a593656d4f38d9fcfbbdf52d96b11c.jpg@webp HTTP/2.0" 200 1806 "https://notenet.ir/p/%D9%85%D8%AD%D8%B3%D9%86_%DA%86%D8%A7%D9%88%D8%B4%DB%8C/%D8%B2%D8%AE%D9%85_%D8%B2%D8%A8%D9%88%D9%86?artist=603f98b9d13ebefbdcb1fb74" "Mozilla/5.0 (Linux; Android 12; SM-A525F) AppleWebKit/537.36 (KHTML, like Gecko) Chrome/103.0.0.0 Mobile Safari/537.36" -access_log/var/log/nginx/access.log
10.2.51.2 - - [09/Aug/2023:00:41:58 +0330] "GET /media/a9fe6e7234624efa30db96767c828588.jpg HTTP/2.0" 200 394640 "-" "imgproxy/3.18.2" -access_log/var/log/nginx/access.log
10.2.51.2 - - [09/Aug/2023:00:41:58 +0330] "GET /media/26a593656d4f38d9fcfbbdf52d96b11c.jpg HTTP/2.0" 200 79030 "-" "imgproxy/3.18.2" -access_log/var/log/nginx/access.log
5.120.215.152 - - [09/Aug/2023:00:41:58 +0330] "GET /image/proxy/rs:fill:140:100:1/g:sm/s:140:100/plain/https://notenet.ir/media/ab092c6603b83ee016fbbc418e680209.jpg@webp HTTP/2.0" 200 3316 "https://notenet.ir/p/%D9%85%D8%AD%D8%B3%D9%86_%DA%86%D8%A7%D9%88%D8%B4%DB%8C/%D8%B2%D8%AE%D9%85_%D8%B2%D8%A8%D9%88%D9%86?artist=603f98b9d13ebefbdcb1fb74" "Mozilla/5.0 (Linux; Android 12; SM-A525F) AppleWebKit/537.36 (KHTML, like Gecko) Chrome/103.0.0.0 Mobile Safari/537.36" -access_log/var/log/nginx/access.log
10.2.51.2 - - [09/Aug/2023:00:41:58 +0330] "GET /media/ab092c6603b83ee016fbbc418e680209.jpg HTTP/2.0" 200 612622 "-" "imgproxy/3.18.2" -access_log/var/log/nginx/access.log
10.2.51.2 - - [09/Aug/2023:00:42:00 +0330] "GET /media/f2125afdea22cd45233716cb79d218a8.jpg HTTP/2.0" 200 192975 "-" "imgproxy/3.18.2" -access_log/var/log/nginx/access.log
5.120.215.152 - - [09/Aug/2023:00:42:00 +0330] "GET /image/proxy/rs:fill:140:100:1/g:sm/s:140:100/plain/https://notenet.ir/media/f2125afdea22cd45233716cb79d218a8.jpg@webp HTTP/2.0" 200 2112 "https://notenet.ir/p/%D9%85%D8%AD%D8%B3%D9%86_%DA%86%D8%A7%D9%88%D8%B4%DB%8C/%D8%B2%D8%AE%D9%85_%D8%B2%D8%A8%D9%88%D9%86?artist=603f98b9d13ebefbdcb1fb74" "Mozilla/5.0 (Linux; Android 12; SM-A525F) AppleWebKit/537.36 (KHTML, like Gecko) Chrome/103.0.0.0 Mobile Safari/537.36" -access_log/var/log/nginx/access.log
5.120.215.152 - - [09/Aug/2023:00:42:00 +0330] "GET /image/proxy/rs:fill:140:100:1/g:sm/s:140:100/plain/https://notenet.ir/media/4b79bd79de64e11a181d067a05090327.jpg@webp HTTP/2.0" 200 2232 "https://notenet.ir/p/%D9%85%D8%AD%D8%B3%D9%86_%DA%86%D8%A7%D9%88%D8%B4%DB%8C/%D8%B2%D8%AE%D9%85_%D8%B2%D8%A8%D9%88%D9%86?artist=603f98b9d13ebefbdcb1fb74" "Mozilla/5.0 (Linux; Android 12; SM-A525F) AppleWebKit/537.36 (KHTML, like Gecko) Chrome/103.0.0.0 Mobile Safari/537.36" -access_log/var/log/nginx/access.log
10.2.51.2 - - [09/Aug/2023:00:42:00 +0330] "GET /media/4b79bd79de64e11a181d067a05090327.jpg HTTP/2.0" 200 275186 "-" "imgproxy/3.18.2" -access_log/var/log/nginx/access.log
5.120.215.152 - - [09/Aug/2023:00:42:01 +0330] "GET /v/media/e81dce0a-4df2-11eb-82ce-ecb1d77bc5d8/8a0ca09d73ef2974029fc8f237dfd432/480/480p_007.ts HTTP/2.0" 200 1180452 "https://notenet.ir/" "Mozilla/5.0 (Linux; Android 12; SM-A525F) AppleWebKit/537.36 (KHTML, like Gecko) Chrome/103.0.0.0 Mobile Safari/537.36" -access_log/var/log/nginx/access.log
5.120.215.152 - - [09/Aug/2023:00:42:05 +0330] "GET /artist/MohsenChavoshi HTTP/2.0" 200 18820 "https://notenet.ir/p/%D9%85%D8%AD%D8%B3%D9%86_%DA%86%D8%A7%D9%88%D8%B4%DB%8C/%D8%B2%D8%AE%D9%85_%D8%B2%D8%A8%D9%88%D9%86?artist=603f98b9d13ebefbdcb1fb74" "Mozilla/5.0 (Linux; Android 12; SM-A525F) AppleWebKit/537.36 (KHTML, like Gecko) Chrome/103.0.0.0 Mobile Safari/537.36" -access_log/var/log/nginx/access.log
5.120.215.152 - - [09/Aug/2023:00:42:05 +0330] "GET /static/img/svg/Play.svg HTTP/2.0" 200 1174 "https://notenet.ir/static/css/main.css" "Mozilla/5.0 (Linux; Android 12; SM-A525F) AppleWebKit/537.36 (KHTML, like Gecko) Chrome/103.0.0.0 Mobile Safari/537.36" -access_log/var/log/nginx/access.log
5.120.215.152 - - [09/Aug/2023:00:42:05 +0330] "GET /static/static/img/Banner01-Desktop.jpg HTTP/2.0" 302 0 "https://notenet.ir/static/css/main.css" "Mozilla/5.0 (Linux; Android 12; SM-A525F) AppleWebKit/537.36 (KHTML, like Gecko) Chrome/103.0.0.0 Mobile Safari/537.36" -access_log/var/log/nginx/access.log
10.2.51.2 - - [09/Aug/2023:00:42:06 +0330] "GET /media/860bb512c78d07b5b19539bbf91207dc.jpg HTTP/2.0" 200 360625 "-" "imgproxy/3.18.2" -access_log/var/log/nginx/access.log
10.2.51.2 - - [09/Aug/2023:00:42:06 +0330] "GET /media/cee58d68fdd46e3992b8a8264c0b9e74.jpg HTTP/2.0" 200 37681 "-" "imgproxy/3.18.2" -access_log/var/log/nginx/access.log
10.2.51.2 - - [09/Aug/2023:00:42:06 +0330] "GET /media/35766bac0fadee3fcdfa6a5d251fa371.jpg HTTP/2.0" 200 318868 "-" "imgproxy/3.18.2" -access_log/var/log/nginx/access.log
10.2.51.2 - - [09/Aug/2023:00:42:06 +0330] "GET /media/8620c85ea678700ed4863c97a8e38100.jpg HTTP/2.0" 200 301095 "-" "imgproxy/3.18.2" -access_log/var/log/nginx/access.log
10.2.51.2 - - [09/Aug/2023:00:42:06 +0330] "GET /media/c53d9ad22dbd6dddefd5eb2e8fc42c04.jpg HTTP/2.0" 200 12292 "-" "imgproxy/3.18.2" -access_log/var/log/nginx/access.log
5.120.215.152 - - [09/Aug/2023:00:42:06 +0330] "GET /image/proxy/rs:fill:230:230:1/g:sm/s:230:230/plain/https://notenet.ir/media/cee58d68fdd46e3992b8a8264c0b9e74.jpg@webp HTTP/2.0" 200 10206 "https://notenet.ir/artist/MohsenChavoshi" "Mozilla/5.0 (Linux; Android 12; SM-A525F) AppleWebKit/537.36 (KHTML, like Gecko) Chrome/103.0.0.0 Mobile Safari/537.36" -access_log/var/log/nginx/access.log
5.120.215.152 - - [09/Aug/2023:00:42:06 +0330] "GET /image/proxy/rs:fill:230:230:1/g:sm/s:230:230/plain/https://notenet.ir/media/35766bac0fadee3fcdfa6a5d251fa371.jpg@webp HTTP/2.0" 200 6660 "https://notenet.ir/artist/MohsenChavoshi" "Mozilla/5.0 (Linux; Android 12; SM-A525F) AppleWebKit/537.36 (KHTML, like Gecko) Chrome/103.0.0.0 Mobile Safari/537.36" -access_log/var/log/nginx/access.log
5.120.215.152 - - [09/Aug/2023:00:42:06 +0330] "GET /image/proxy/rs:fill:230:230:1/g:sm/s:230:230/plain/https://notenet.ir/media/860bb512c78d07b5b19539bbf91207dc.jpg@webp HTTP/2.0" 200 14770 "https://notenet.ir/artist/MohsenChavoshi" "Mozilla/5.0 (Linux; Android 12; SM-A525F) AppleWebKit/537.36 (KHTML, like Gecko) Chrome/103.0.0.0 Mobile Safari/537.36" -access_log/var/log/nginx/access.log
5.120.215.152 - - [09/Aug/2023:00:42:06 +0330] "GET /image/proxy/rs:fill:230:230:1/g:sm/s:230:230/plain/https://notenet.ir/media/8620c85ea678700ed4863c97a8e38100.jpg@webp HTTP/2.0" 200 13734 "https://notenet.ir/artist/MohsenChavoshi" "Mozilla/5.0 (Linux; Android 12; SM-A525F) AppleWebKit/537.36 (KHTML, like Gecko) Chrome/103.0.0.0 Mobile Safari/537.36" -access_log/var/log/nginx/access.log
5.120.215.152 - - [09/Aug/2023:00:42:06 +0330] "GET /image/proxy/rs:fill:540:180:1/g:sm/s:540:180/plain/https://notenet.ir/media/c53d9ad22dbd6dddefd5eb2e8fc42c04.jpg@webp HTTP/2.0" 200 3356 "https://notenet.ir/artist/MohsenChavoshi" "Mozilla/5.0 (Linux; Android 12; SM-A525F) AppleWebKit/537.36 (KHTML, like Gecko) Chrome/103.0.0.0 Mobile Safari/537.36" -access_log/var/log/nginx/access.log
10.2.51.2 - - [09/Aug/2023:00:42:06 +0330] "GET /media/f3ce1ffc37f9d23634e4de7fb5cd42f3.jpg HTTP/2.0" 200 509883 "-" "imgproxy/3.18.2" -access_log/var/log/nginx/access.log
10.2.51.2 - - [09/Aug/2023:00:42:06 +0330] "GET /media/0ad34044429865b91925e59346d3f79d.jpg HTTP/2.0" 200 46457 "-" "imgproxy/3.18.2" -access_log/var/log/nginx/access.log
10.2.51.2 - - [09/Aug/2023:00:42:06 +0330] "GET /media/3ec2a1ae463619f1724efe4b46d2bc92.jpg HTTP/2.0" 200 310385 "-" "imgproxy/3.18.2" -access_log/var/log/nginx/access.log
10.2.51.2 - - [09/Aug/2023:00:42:06 +0330] "GET /media/7bbcfcfd9292d78cbe20794b34dbfe1f.jpg HTTP/2.0" 200 25229 "-" "imgproxy/3.18.2" -access_log/var/log/nginx/access.log
10.2.51.2 - - [09/Aug/2023:00:42:06 +0330] "GET /media/63cbd6a2f69854e0cc83ed7007e7292e.jpg HTTP/2.0" 200 395187 "-" "imgproxy/3.18.2" -access_log/var/log/nginx/access.log
5.120.215.152 - - [09/Aug/2023:00:42:06 +0330] "GET /notfound-404 HTTP/2.0" 200 12573 "https://notenet.ir/static/css/main.css" "Mozilla/5.0 (Linux; Android 12; SM-A525F) AppleWebKit/537.36 (KHTML, like Gecko) Chrome/103.0.0.0 Mobile Safari/537.36" -access_log/var/log/nginx/access.log
10.2.51.2 - - [09/Aug/2023:00:42:06 +0330] "GET /media/3d98fcf2b4dddf687f1c8c34a89a64b3.jpg HTTP/2.0" 200 14894 "-" "imgproxy/3.18.2" -access_log/var/log/nginx/access.log
5.120.215.152 - - [09/Aug/2023:00:42:06 +0330] "GET /image/proxy/rs:fill:230:230:1/g:sm/s:230:230/plain/https://notenet.ir/media/f3ce1ffc37f9d23634e4de7fb5cd42f3.jpg@webp HTTP/2.0" 200 9376 "https://notenet.ir/artist/MohsenChavoshi" "Mozilla/5.0 (Linux; Android 12; SM-A525F) AppleWebKit/537.36 (KHTML, like Gecko) Chrome/103.0.0.0 Mobile Safari/537.36" -access_log/var/log/nginx/access.log
10.2.51.2 - - [09/Aug/2023:00:42:06 +0330] "GET /media/a802df89e834ffeab5097d9f97f900d0.jpg HTTP/2.0" 200 23517 "-" "imgproxy/3.18.2" -access_log/var/log/nginx/access.log
10.2.51.2 - - [09/Aug/2023:00:42:06 +0330] "GET /media/be78c7ee80a97fdac31735be7f52945d.jpg HTTP/2.0" 200 73957 "-" "imgproxy/3.18.2" -access_log/var/log/nginx/access.log
5.120.215.152 - - [09/Aug/2023:00:42:06 +0330] "GET /image/proxy/rs:fill:230:230:1/g:sm/s:230:230/plain/https://notenet.ir/media/0ad34044429865b91925e59346d3f79d.jpg@webp HTTP/2.0" 200 7296 "https://notenet.ir/artist/MohsenChavoshi" "Mozilla/5.0 (Linux; Android 12; SM-A525F) AppleWebKit/537.36 (KHTML, like Gecko) Chrome/103.0.0.0 Mobile Safari/537.36" -access_log/var/log/nginx/access.log
5.120.215.152 - - [09/Aug/2023:00:42:06 +0330] "GET /image/proxy/rs:fill:230:230:1/g:sm/s:230:230/plain/https://notenet.ir/media/7bbcfcfd9292d78cbe20794b34dbfe1f.jpg@webp HTTP/2.0" 200 8656 "https://notenet.ir/artist/MohsenChavoshi" "Mozilla/5.0 (Linux; Android 12; SM-A525F) AppleWebKit/537.36 (KHTML, like Gecko) Chrome/103.0.0.0 Mobile Safari/537.36" -access_log/var/log/nginx/access.log
5.120.215.152 - - [09/Aug/2023:00:42:06 +0330] "GET /image/proxy/rs:fill:230:230:1/g:sm/s:230:230/plain/https://notenet.ir/media/3d98fcf2b4dddf687f1c8c34a89a64b3.jpg@webp HTTP/2.0" 200 5542 "https://notenet.ir/artist/MohsenChavoshi" "Mozilla/5.0 (Linux; Android 12; SM-A525F) AppleWebKit/537.36 (KHTML, like Gecko) Chrome/103.0.0.0 Mobile Safari/537.36" -access_log/var/log/nginx/access.log
5.120.215.152 - - [09/Aug/2023:00:42:06 +0330] "GET /image/proxy/rs:fill:230:230:1/g:sm/s:230:230/plain/https://notenet.ir/media/3ec2a1ae463619f1724efe4b46d2bc92.jpg@webp HTTP/2.0" 200 10786 "https://notenet.ir/artist/MohsenChavoshi" "Mozilla/5.0 (Linux; Android 12; SM-A525F) AppleWebKit/537.36 (KHTML, like Gecko) Chrome/103.0.0.0 Mobile Safari/537.36" -access_log/var/log/nginx/access.log
5.120.215.152 - - [09/Aug/2023:00:42:06 +0330] "GET /image/proxy/rs:fill:230:230:1/g:sm/s:230:230/plain/https://notenet.ir/media/63cbd6a2f69854e0cc83ed7007e7292e.jpg@webp HTTP/2.0" 200 11598 "https://notenet.ir/artist/MohsenChavoshi" "Mozilla/5.0 (Linux; Android 12; SM-A525F) AppleWebKit/537.36 (KHTML, like Gecko) Chrome/103.0.0.0 Mobile Safari/537.36" -access_log/var/log/nginx/access.log
5.120.215.152 - - [09/Aug/2023:00:42:06 +0330] "GET /image/proxy/rs:fill:230:230:1/g:sm/s:230:230/plain/https://notenet.ir/media/a802df89e834ffeab5097d9f97f900d0.jpg@webp HTTP/2.0" 200 10180 "https://notenet.ir/artist/MohsenChavoshi" "Mozilla/5.0 (Linux; Android 12; SM-A525F) AppleWebKit/537.36 (KHTML, like Gecko) Chrome/103.0.0.0 Mobile Safari/537.36" -access_log/var/log/nginx/access.log
5.120.215.152 - - [09/Aug/2023:00:42:06 +0330] "GET /image/proxy/rs:fill:230:230:1/g:sm/s:230:230/plain/https://notenet.ir/media/be78c7ee80a97fdac31735be7f52945d.jpg@webp HTTP/2.0" 200 7908 "https://notenet.ir/artist/MohsenChavoshi" "Mozilla/5.0 (Linux; Android 12; SM-A525F) AppleWebKit/537.36 (KHTML, like Gecko) Chrome/103.0.0.0 Mobile Safari/537.36" -access_log/var/log/nginx/access.log
10.2.51.2 - - [09/Aug/2023:00:42:06 +0330] "GET /media/366789273197423ff520a050adb0a14c.jpg HTTP/2.0" 200 11612 "-" "imgproxy/3.18.2" -access_log/var/log/nginx/access.log
5.120.215.152 - - [09/Aug/2023:00:42:06 +0330] "GET /image/proxy/rs:fill:230:230:1/g:sm/s:230:230/plain/https://notenet.ir/media/366789273197423ff520a050adb0a14c.jpg@webp HTTP/2.0" 200 6158 "https://notenet.ir/artist/MohsenChavoshi" "Mozilla/5.0 (Linux; Android 12; SM-A525F) AppleWebKit/537.36 (KHTML, like Gecko) Chrome/103.0.0.0 Mobile Safari/537.36" -access_log/var/log/nginx/access.log
10.2.51.2 - - [09/Aug/2023:00:42:06 +0330] "GET /media/4aa921db43a13c6e7d95df5ec040daea.jpg HTTP/2.0" 200 91237 "-" "imgproxy/3.18.2" -access_log/var/log/nginx/access.log
10.2.51.2 - - [09/Aug/2023:00:42:06 +0330] "GET /media/5feddcdf73f7e1d04f980bb6e258b48b.jpg HTTP/2.0" 200 35455 "-" "imgproxy/3.18.2" -access_log/var/log/nginx/access.log
10.2.51.2 - - [09/Aug/2023:00:42:06 +0330] "GET /media/ce83bc00cad5ef7aaea99fc3bf112038.jpg HTTP/2.0" 200 21677 "-" "imgproxy/3.18.2" -access_log/var/log/nginx/access.log
10.2.51.2 - - [09/Aug/2023:00:42:06 +0330] "GET /media/80035b3d58211e45b404ed525924494b.jpg HTTP/2.0" 200 82713 "-" "imgproxy/3.18.2" -access_log/var/log/nginx/access.log
10.2.51.2 - - [09/Aug/2023:00:42:06 +0330] "GET /media/c9e3f026f50dc78a242ac6132d17d0dd.jpg HTTP/2.0" 200 454359 "-" "imgproxy/3.18.2" -access_log/var/log/nginx/access.log
10.2.51.2 - - [09/Aug/2023:00:42:06 +0330] "GET /media/c0a4feb9dc454883049453631ee16e03.jpg HTTP/2.0" 200 189842 "-" "imgproxy/3.18.2" -access_log/var/log/nginx/access.log
5.120.215.152 - - [09/Aug/2023:00:42:06 +0330] "GET /image/proxy/rs:fill:230:230:1/g:sm/s:230:230/plain/https://notenet.ir/media/ce83bc00cad5ef7aaea99fc3bf112038.jpg@webp HTTP/2.0" 200 9500 "https://notenet.ir/artist/MohsenChavoshi" "Mozilla/5.0 (Linux; Android 12; SM-A525F) AppleWebKit/537.36 (KHTML, like Gecko) Chrome/103.0.0.0 Mobile Safari/537.36" -access_log/var/log/nginx/access.log
5.120.215.152 - - [09/Aug/2023:00:42:06 +0330] "GET /image/proxy/rs:fill:230:230:1/g:sm/s:230:230/plain/https://notenet.ir/media/4aa921db43a13c6e7d95df5ec040daea.jpg@webp HTTP/2.0" 200 4744 "https://notenet.ir/artist/MohsenChavoshi" "Mozilla/5.0 (Linux; Android 12; SM-A525F) AppleWebKit/537.36 (KHTML, like Gecko) Chrome/103.0.0.0 Mobile Safari/537.36" -access_log/var/log/nginx/access.log
5.120.215.152 - - [09/Aug/2023:00:42:06 +0330] "GET /image/proxy/rs:fill:230:230:1/g:sm/s:230:230/plain/https://notenet.ir/media/5feddcdf73f7e1d04f980bb6e258b48b.jpg@webp HTTP/2.0" 200 18024 "https://notenet.ir/artist/MohsenChavoshi" "Mozilla/5.0 (Linux; Android 12; SM-A525F) AppleWebKit/537.36 (KHTML, like Gecko) Chrome/103.0.0.0 Mobile Safari/537.36" -access_log/var/log/nginx/access.log
5.120.215.152 - - [09/Aug/2023:00:42:06 +0330] "GET /image/proxy/rs:fill:230:230:1/g:sm/s:230:230/plain/https://notenet.ir/media/80035b3d58211e45b404ed525924494b.jpg@webp HTTP/2.0" 200 17522 "https://notenet.ir/artist/MohsenChavoshi" "Mozilla/5.0 (Linux; Android 12; SM-A525F) AppleWebKit/537.36 (KHTML, like Gecko) Chrome/103.0.0.0 Mobile Safari/537.36" -access_log/var/log/nginx/access.log
5.120.215.152 - - [09/Aug/2023:00:42:06 +0330] "GET /image/proxy/rs:fill:230:230:1/g:sm/s:230:230/plain/https://notenet.ir/media/c0a4feb9dc454883049453631ee16e03.jpg@webp HTTP/2.0" 200 7044 "https://notenet.ir/artist/MohsenChavoshi" "Mozilla/5.0 (Linux; Android 12; SM-A525F) AppleWebKit/537.36 (KHTML, like Gecko) Chrome/103.0.0.0 Mobile Safari/537.36" -access_log/var/log/nginx/access.log
10.2.51.2 - - [09/Aug/2023:00:42:06 +0330] "GET /media/e2d241defe0c6aa576e2919e1a29691e.jpg HTTP/2.0" 200 428540 "-" "imgproxy/3.18.2" -access_log/var/log/nginx/access.log
5.120.215.152 - - [09/Aug/2023:00:42:06 +0330] "GET /image/proxy/rs:fill:230:230:1/g:sm/s:230:230/plain/https://notenet.ir/media/c9e3f026f50dc78a242ac6132d17d0dd.jpg@webp HTTP/2.0" 200 2504 "https://notenet.ir/artist/MohsenChavoshi" "Mozilla/5.0 (Linux; Android 12; SM-A525F) AppleWebKit/537.36 (KHTML, like Gecko) Chrome/103.0.0.0 Mobile Safari/537.36" -access_log/var/log/nginx/access.log
5.120.215.152 - - [09/Aug/2023:00:42:06 +0330] "GET /image/proxy/rs:fill:230:230:1/g:sm/s:230:230/plain/https://notenet.ir/media/e2d241defe0c6aa576e2919e1a29691e.jpg@webp HTTP/2.0" 200 14548 "https://notenet.ir/artist/MohsenChavoshi" "Mozilla/5.0 (Linux; Android 12; SM-A525F) AppleWebKit/537.36 (KHTML, like Gecko) Chrome/103.0.0.0 Mobile Safari/537.36" -access_log/var/log/nginx/access.log
10.2.51.2 - - [09/Aug/2023:00:42:06 +0330] "GET /media/a2cff7d4686853174639de4a9af73645.jpg HTTP/2.0" 200 13961 "-" "imgproxy/3.18.2" -access_log/var/log/nginx/access.log
10.2.51.2 - - [09/Aug/2023:00:42:06 +0330] "GET /media/4285812985f60f71edcd58465935e705.jpg HTTP/2.0" 200 365666 "-" "imgproxy/3.18.2" -access_log/var/log/nginx/access.log
5.120.215.152 - - [09/Aug/2023:00:42:06 +0330] "GET /image/proxy/rs:fill:230:230:1/g:sm/s:230:230/plain/https://notenet.ir/media/a2cff7d4686853174639de4a9af73645.jpg@webp HTTP/2.0" 200 6168 "https://notenet.ir/artist/MohsenChavoshi" "Mozilla/5.0 (Linux; Android 12; SM-A525F) AppleWebKit/537.36 (KHTML, like Gecko) Chrome/103.0.0.0 Mobile Safari/537.36" -access_log/var/log/nginx/access.log
10.2.51.2 - - [09/Aug/2023:00:42:06 +0330] "GET /media/2d6303eef5f8936ea3729a87b5d406dc.jpg HTTP/2.0" 200 300316 "-" "imgproxy/3.18.2" -access_log/var/log/nginx/access.log
10.2.51.2 - - [09/Aug/2023:00:42:06 +0330] "GET /media/21a5ae2508bad08f02194ecda75d6f54.jpg HTTP/2.0" 200 695039 "-" "imgproxy/3.18.2" -access_log/var/log/nginx/access.log
10.2.51.2 - - [09/Aug/2023:00:42:06 +0330] "GET /media/47341605182f893746086ec73c779195.jpg HTTP/2.0" 200 1214315 "-" "imgproxy/3.18.2" -access_log/var/log/nginx/access.log
5.120.215.152 - - [09/Aug/2023:00:42:06 +0330] "GET /image/proxy/rs:fill:230:230:1/g:sm/s:230:230/plain/https://notenet.ir/media/2d6303eef5f8936ea3729a87b5d406dc.jpg@webp HTTP/2.0" 200 17038 "https://notenet.ir/artist/MohsenChavoshi" "Mozilla/5.0 (Linux; Android 12; SM-A525F) AppleWebKit/537.36 (KHTML, like Gecko) Chrome/103.0.0.0 Mobile Safari/537.36" -access_log/var/log/nginx/access.log
5.120.215.152 - - [09/Aug/2023:00:42:06 +0330] "GET /image/proxy/rs:fill:230:230:1/g:sm/s:230:230/plain/https://notenet.ir/media/4285812985f60f71edcd58465935e705.jpg@webp HTTP/2.0" 200 4072 "https://notenet.ir/artist/MohsenChavoshi" "Mozilla/5.0 (Linux; Android 12; SM-A525F) AppleWebKit/537.36 (KHTML, like Gecko) Chrome/103.0.0.0 Mobile Safari/537.36" -access_log/var/log/nginx/access.log
10.2.51.2 - - [09/Aug/2023:00:42:06 +0330] "GET /media/b763d41cf02b572cb319586da6d651b5.jpg HTTP/2.0" 200 319248 "-" "imgproxy/3.18.2" -access_log/var/log/nginx/access.log
5.120.215.152 - - [09/Aug/2023:00:42:06 +0330] "GET /image/proxy/rs:fill:230:230:1/g:sm/s:230:230/plain/https://notenet.ir/media/21a5ae2508bad08f02194ecda75d6f54.jpg@webp HTTP/2.0" 200 8850 "https://notenet.ir/artist/MohsenChavoshi" "Mozilla/5.0 (Linux; Android 12; SM-A525F) AppleWebKit/537.36 (KHTML, like Gecko) Chrome/103.0.0.0 Mobile Safari/537.36" -access_log/var/log/nginx/access.log
10.2.51.2 - - [09/Aug/2023:00:42:06 +0330] "GET /media/fcb25d89c89641368eaac581be913de1.jpg HTTP/2.0" 200 58674 "-" "imgproxy/3.18.2" -access_log/var/log/nginx/access.log
5.120.215.152 - - [09/Aug/2023:00:42:06 +0330] "GET /image/proxy/rs:fill:230:230:1/g:sm/s:230:230/plain/https://notenet.ir/media/fcb25d89c89641368eaac581be913de1.jpg@webp HTTP/2.0" 200 3130 "https://notenet.ir/artist/MohsenChavoshi" "Mozilla/5.0 (Linux; Android 12; SM-A525F) AppleWebKit/537.36 (KHTML, like Gecko) Chrome/103.0.0.0 Mobile Safari/537.36" -access_log/var/log/nginx/access.log
5.120.215.152 - - [09/Aug/2023:00:42:06 +0330] "GET /image/proxy/rs:fill:230:230:1/g:sm/s:230:230/plain/https://notenet.ir/media/b763d41cf02b572cb319586da6d651b5.jpg@webp HTTP/2.0" 200 10206 "https://notenet.ir/artist/MohsenChavoshi" "Mozilla/5.0 (Linux; Android 12; SM-A525F) AppleWebKit/537.36 (KHTML, like Gecko) Chrome/103.0.0.0 Mobile Safari/537.36" -access_log/var/log/nginx/access.log
10.2.51.2 - - [09/Aug/2023:00:42:06 +0330] "GET /media/e557252a3692a2f0feb31faf8ea0f1df.jpg HTTP/2.0" 200 45204 "-" "imgproxy/3.18.2" -access_log/var/log/nginx/access.log
5.120.215.152 - - [09/Aug/2023:00:42:06 +0330] "GET /image/proxy/rs:fill:230:230:1/g:sm/s:230:230/plain/https://notenet.ir/media/e557252a3692a2f0feb31faf8ea0f1df.jpg@webp HTTP/2.0" 200 6364 "https://notenet.ir/artist/MohsenChavoshi" "Mozilla/5.0 (Linux; Android 12; SM-A525F) AppleWebKit/537.36 (KHTML, like Gecko) Chrome/103.0.0.0 Mobile Safari/537.36" -access_log/var/log/nginx/access.log
5.120.215.152 - - [09/Aug/2023:00:42:06 +0330] "GET /image/proxy/rs:fill:230:230:1/g:sm/s:230:230/plain/https://notenet.ir/media/47341605182f893746086ec73c779195.jpg@webp HTTP/2.0" 200 8336 "https://notenet.ir/artist/MohsenChavoshi" "Mozilla/5.0 (Linux; Android 12; SM-A525F) AppleWebKit/537.36 (KHTML, like Gecko) Chrome/103.0.0.0 Mobile Safari/537.36" -access_log/var/log/nginx/access.log
10.2.51.2 - - [09/Aug/2023:00:42:06 +0330] "GET /media/00d7012bb519aedc8984b90caaf4ae2e.jpg HTTP/2.0" 200 345925 "-" "imgproxy/3.18.2" -access_log/var/log/nginx/access.log
10.2.51.2 - - [09/Aug/2023:00:42:06 +0330] "GET /media/ec7de7df07c6aefa54bbeecff7997e5a.jpg HTTP/2.0" 200 18945 "-" "imgproxy/3.18.2" -access_log/var/log/nginx/access.log
10.2.51.2 - - [09/Aug/2023:00:42:06 +0330] "GET /media/ecf02313af3eefe09df6b3d736715e45.jpg HTTP/2.0" 200 317706 "-" "imgproxy/3.18.2" -access_log/var/log/nginx/access.log
10.2.51.2 - - [09/Aug/2023:00:42:06 +0330] "GET /media/d384468748c0c162491399542084f269.jpg HTTP/2.0" 200 229167 "-" "imgproxy/3.18.2" -access_log/var/log/nginx/access.log
5.120.215.152 - - [09/Aug/2023:00:42:06 +0330] "GET /image/proxy/rs:fill:230:230:1/g:sm/s:230:230/plain/https://notenet.ir/media/ec7de7df07c6aefa54bbeecff7997e5a.jpg@webp HTTP/2.0" 200 2940 "https://notenet.ir/artist/MohsenChavoshi" "Mozilla/5.0 (Linux; Android 12; SM-A525F) AppleWebKit/537.36 (KHTML, like Gecko) Chrome/103.0.0.0 Mobile Safari/537.36" -access_log/var/log/nginx/access.log
5.120.215.152 - - [09/Aug/2023:00:42:06 +0330] "GET /image/proxy/rs:fill:230:230:1/g:sm/s:230:230/plain/https://notenet.ir/media/00d7012bb519aedc8984b90caaf4ae2e.jpg@webp HTTP/2.0" 200 8198 "https://notenet.ir/artist/MohsenChavoshi" "Mozilla/5.0 (Linux; Android 12; SM-A525F) AppleWebKit/537.36 (KHTML, like Gecko) Chrome/103.0.0.0 Mobile Safari/537.36" -access_log/var/log/nginx/access.log
10.2.51.2 - - [09/Aug/2023:00:42:06 +0330] "GET /media/9102e88445890acfbd6001a315e9b508.jpg HTTP/2.0" 200 2630840 "-" "imgproxy/3.18.2" -access_log/var/log/nginx/access.log
5.120.215.152 - - [09/Aug/2023:00:42:06 +0330] "GET /image/proxy/rs:fill:230:230:1/g:sm/s:230:230/plain/https://notenet.ir/media/ecf02313af3eefe09df6b3d736715e45.jpg@webp HTTP/2.0" 200 11050 "https://notenet.ir/artist/MohsenChavoshi" "Mozilla/5.0 (Linux; Android 12; SM-A525F) AppleWebKit/537.36 (KHTML, like Gecko) Chrome/103.0.0.0 Mobile Safari/537.36" -access_log/var/log/nginx/access.log
10.2.51.2 - - [09/Aug/2023:00:42:06 +0330] "GET /media/06a0a4c5a2731ab38a00c8a79e85926c.jpg HTTP/2.0" 200 17556 "-" "imgproxy/3.18.2" -access_log/var/log/nginx/access.log
5.120.215.152 - - [09/Aug/2023:00:42:06 +0330] "GET /image/proxy/rs:fill:230:230:1/g:sm/s:230:230/plain/https://notenet.ir/media/d384468748c0c162491399542084f269.jpg@webp HTTP/2.0" 200 8816 "https://notenet.ir/artist/MohsenChavoshi" "Mozilla/5.0 (Linux; Android 12; SM-A525F) AppleWebKit/537.36 (KHTML, like Gecko) Chrome/103.0.0.0 Mobile Safari/537.36" -access_log/var/log/nginx/access.log
10.2.51.2 - - [09/Aug/2023:00:42:06 +0330] "GET /media/f68cd6983d5a1fddaf58a6b62fa32037.jpg HTTP/2.0" 200 344709 "-" "imgproxy/3.18.2" -access_log/var/log/nginx/access.log
5.120.215.152 - - [09/Aug/2023:00:42:06 +0330] "GET /image/proxy/rs:fill:230:230:1/g:sm/s:230:230/plain/https://notenet.ir/media/06a0a4c5a2731ab38a00c8a79e85926c.jpg@webp HTTP/2.0" 200 7434 "https://notenet.ir/artist/MohsenChavoshi" "Mozilla/5.0 (Linux; Android 12; SM-A525F) AppleWebKit/537.36 (KHTML, like Gecko) Chrome/103.0.0.0 Mobile Safari/537.36" -access_log/var/log/nginx/access.log
5.120.215.152 - - [09/Aug/2023:00:42:06 +0330] "GET /image/proxy/rs:fill:230:230:1/g:sm/s:230:230/plain/https://notenet.ir/media/f68cd6983d5a1fddaf58a6b62fa32037.jpg@webp HTTP/2.0" 200 8510 "https://notenet.ir/artist/MohsenChavoshi" "Mozilla/5.0 (Linux; Android 12; SM-A525F) AppleWebKit/537.36 (KHTML, like Gecko) Chrome/103.0.0.0 Mobile Safari/537.36" -access_log/var/log/nginx/access.log
5.120.215.152 - - [09/Aug/2023:00:42:06 +0330] "GET /image/proxy/rs:fill:230:230:1/g:sm/s:230:230/plain/https://notenet.ir/media/9102e88445890acfbd6001a315e9b508.jpg@webp HTTP/2.0" 200 10366 "https://notenet.ir/artist/MohsenChavoshi" "Mozilla/5.0 (Linux; Android 12; SM-A525F) AppleWebKit/537.36 (KHTML, like Gecko) Chrome/103.0.0.0 Mobile Safari/537.36" -access_log/var/log/nginx/access.log
10.2.51.2 - - [09/Aug/2023:00:42:06 +0330] "GET /media/7b7cd6a9e76c63c4b0ef1b2e929547da.jpg HTTP/2.0" 200 485753 "-" "imgproxy/3.18.2" -access_log/var/log/nginx/access.log
10.2.51.2 - - [09/Aug/2023:00:42:06 +0330] "GET /media/48ce2a839b24b7994c631e073a5473e5.jpg HTTP/2.0" 200 716525 "-" "imgproxy/3.18.2" -access_log/var/log/nginx/access.log
10.2.51.2 - - [09/Aug/2023:00:42:06 +0330] "GET /media/8ac041e5c42ff8fd0e85e9eeab8fe6f4.jpg HTTP/2.0" 200 196541 "-" "imgproxy/3.18.2" -access_log/var/log/nginx/access.log
10.2.51.2 - - [09/Aug/2023:00:42:06 +0330] "GET /media/1b473296799c814b9ee42bb1ac4f5b64.jpg HTTP/2.0" 200 466210 "-" "imgproxy/3.18.2" -access_log/var/log/nginx/access.log
10.2.51.2 - - [09/Aug/2023:00:42:06 +0330] "GET /media/4b79bd79de64e11a181d067a05090327.jpg HTTP/2.0" 200 275186 "-" "imgproxy/3.18.2" -access_log/var/log/nginx/access.log
10.2.51.2 - - [09/Aug/2023:00:42:06 +0330] "GET /media/512d8e20a186cd95fd5a8005ffe03709.jpg HTTP/2.0" 200 407894 "-" "imgproxy/3.18.2" -access_log/var/log/nginx/access.log
5.120.215.152 - - [09/Aug/2023:00:42:06 +0330] "GET /image/proxy/rs:fill:230:230:1/g:sm/s:230:230/plain/https://notenet.ir/media/7b7cd6a9e76c63c4b0ef1b2e929547da.jpg@webp HTTP/2.0" 200 11622 "https://notenet.ir/artist/MohsenChavoshi" "Mozilla/5.0 (Linux; Android 12; SM-A525F) AppleWebKit/537.36 (KHTML, like Gecko) Chrome/103.0.0.0 Mobile Safari/537.36" -access_log/var/log/nginx/access.log
10.2.51.2 - - [09/Aug/2023:00:42:06 +0330] "GET /media/f2125afdea22cd45233716cb79d218a8.jpg HTTP/2.0" 200 192975 "-" "imgproxy/3.18.2" -access_log/var/log/nginx/access.log
5.120.215.152 - - [09/Aug/2023:00:42:06 +0330] "GET /image/proxy/rs:fill:230:230:1/g:sm/s:230:230/plain/https://notenet.ir/media/8ac041e5c42ff8fd0e85e9eeab8fe6f4.jpg@webp HTTP/2.0" 200 6514 "https://notenet.ir/artist/MohsenChavoshi" "Mozilla/5.0 (Linux; Android 12; SM-A525F) AppleWebKit/537.36 (KHTML, like Gecko) Chrome/103.0.0.0 Mobile Safari/537.36" -access_log/var/log/nginx/access.log
5.120.215.152 - - [09/Aug/2023:00:42:06 +0330] "GET /image/proxy/rs:fill:230:230:1/g:sm/s:230:230/plain/https://notenet.ir/media/4b79bd79de64e11a181d067a05090327.jpg@webp HTTP/2.0" 200 8372 "https://notenet.ir/artist/MohsenChavoshi" "Mozilla/5.0 (Linux; Android 12; SM-A525F) AppleWebKit/537.36 (KHTML, like Gecko) Chrome/103.0.0.0 Mobile Safari/537.36" -access_log/var/log/nginx/access.log
5.120.215.152 - - [09/Aug/2023:00:42:06 +0330] "GET /image/proxy/rs:fill:230:230:1/g:sm/s:230:230/plain/https://notenet.ir/media/512d8e20a186cd95fd5a8005ffe03709.jpg@webp HTTP/2.0" 200 13974 "https://notenet.ir/artist/MohsenChavoshi" "Mozilla/5.0 (Linux; Android 12; SM-A525F) AppleWebKit/537.36 (KHTML, like Gecko) Chrome/103.0.0.0 Mobile Safari/537.36" -access_log/var/log/nginx/access.log
5.120.215.152 - - [09/Aug/2023:00:42:06 +0330] "GET /image/proxy/rs:fill:230:230:1/g:sm/s:230:230/plain/https://notenet.ir/media/1b473296799c814b9ee42bb1ac4f5b64.jpg@webp HTTP/2.0" 200 12740 "https://notenet.ir/artist/MohsenChavoshi" "Mozilla/5.0 (Linux; Android 12; SM-A525F) AppleWebKit/537.36 (KHTML, like Gecko) Chrome/103.0.0.0 Mobile Safari/537.36" -access_log/var/log/nginx/access.log
5.120.215.152 - - [09/Aug/2023:00:42:06 +0330] "GET /image/proxy/rs:fill:230:230:1/g:sm/s:230:230/plain/https://notenet.ir/media/f2125afdea22cd45233716cb79d218a8.jpg@webp HTTP/2.0" 200 7820 "https://notenet.ir/artist/MohsenChavoshi" "Mozilla/5.0 (Linux; Android 12; SM-A525F) AppleWebKit/537.36 (KHTML, like Gecko) Chrome/103.0.0.0 Mobile Safari/537.36" -access_log/var/log/nginx/access.log
5.120.215.152 - - [09/Aug/2023:00:42:06 +0330] "GET /image/proxy/rs:fill:230:230:1/g:sm/s:230:230/plain/https://notenet.ir/media/48ce2a839b24b7994c631e073a5473e5.jpg@webp HTTP/2.0" 200 6074 "https://notenet.ir/artist/MohsenChavoshi" "Mozilla/5.0 (Linux; Android 12; SM-A525F) AppleWebKit/537.36 (KHTML, like Gecko) Chrome/103.0.0.0 Mobile Safari/537.36" -access_log/var/log/nginx/access.log
10.2.51.2 - - [09/Aug/2023:00:42:06 +0330] "GET /media/ab092c6603b83ee016fbbc418e680209.jpg HTTP/2.0" 200 612622 "-" "imgproxy/3.18.2" -access_log/var/log/nginx/access.log
10.2.51.2 - - [09/Aug/2023:00:42:06 +0330] "GET /media/26a593656d4f38d9fcfbbdf52d96b11c.jpg HTTP/2.0" 200 79030 "-" "imgproxy/3.18.2" -access_log/var/log/nginx/access.log
10.2.51.2 - - [09/Aug/2023:00:42:06 +0330] "GET /media/a9fe6e7234624efa30db96767c828588.jpg HTTP/2.0" 200 394640 "-" "imgproxy/3.18.2" -access_log/var/log/nginx/access.log
5.120.215.152 - - [09/Aug/2023:00:42:06 +0330] "GET /image/proxy/rs:fill:230:230:1/g:sm/s:230:230/plain/https://notenet.ir/media/ab092c6603b83ee016fbbc418e680209.jpg@webp HTTP/2.0" 200 11204 "https://notenet.ir/artist/MohsenChavoshi" "Mozilla/5.0 (Linux; Android 12; SM-A525F) AppleWebKit/537.36 (KHTML, like Gecko) Chrome/103.0.0.0 Mobile Safari/537.36" -access_log/var/log/nginx/access.log
10.2.51.2 - - [09/Aug/2023:00:42:06 +0330] "GET /media/d3a102d6365a430a116ffd95e5ea3b04.jpg HTTP/2.0" 200 355000 "-" "imgproxy/3.18.2" -access_log/var/log/nginx/access.log
10.2.51.2 - - [09/Aug/2023:00:42:06 +0330] "GET /media/819e2eeb39b6bc004dd695125ff8db3e.jpg HTTP/2.0" 200 74814 "-" "imgproxy/3.18.2" -access_log/var/log/nginx/access.log
5.120.215.152 - - [09/Aug/2023:00:42:06 +0330] "GET /image/proxy/rs:fill:230:230:1/g:sm/s:230:230/plain/https://notenet.ir/media/26a593656d4f38d9fcfbbdf52d96b11c.jpg@webp HTTP/2.0" 200 5472 "https://notenet.ir/artist/MohsenChavoshi" "Mozilla/5.0 (Linux; Android 12; SM-A525F) AppleWebKit/537.36 (KHTML, like Gecko) Chrome/103.0.0.0 Mobile Safari/537.36" -access_log/var/log/nginx/access.log
10.2.51.2 - - [09/Aug/2023:00:42:06 +0330] "GET /media/c17cfc3e30e1fc6b24af6f26df9c9a2c.jpg HTTP/2.0" 200 466277 "-" "imgproxy/3.18.2" -access_log/var/log/nginx/access.log
5.120.215.152 - - [09/Aug/2023:00:42:06 +0330] "GET /image/proxy/rs:fill:230:230:1/g:sm/s:230:230/plain/https://notenet.ir/media/819e2eeb39b6bc004dd695125ff8db3e.jpg@webp HTTP/2.0" 200 5004 "https://notenet.ir/artist/MohsenChavoshi" "Mozilla/5.0 (Linux; Android 12; SM-A525F) AppleWebKit/537.36 (KHTML, like Gecko) Chrome/103.0.0.0 Mobile Safari/537.36" -access_log/var/log/nginx/access.log
5.120.215.152 - - [09/Aug/2023:00:42:06 +0330] "GET /image/proxy/rs:fill:230:230:1/g:sm/s:230:230/plain/https://notenet.ir/media/a9fe6e7234624efa30db96767c828588.jpg@webp HTTP/2.0" 200 11926 "https://notenet.ir/artist/MohsenChavoshi" "Mozilla/5.0 (Linux; Android 12; SM-A525F) AppleWebKit/537.36 (KHTML, like Gecko) Chrome/103.0.0.0 Mobile Safari/537.36" -access_log/var/log/nginx/access.log
10.2.51.2 - - [09/Aug/2023:00:42:06 +0330] "GET /media/ee40d88acd1fe2f18e05db5ef40fde9b.jpg HTTP/2.0" 200 1409267 "-" "imgproxy/3.18.2" -access_log/var/log/nginx/access.log
5.120.215.152 - - [09/Aug/2023:00:42:06 +0330] "GET /image/proxy/rs:fill:230:230:1/g:sm/s:230:230/plain/https://notenet.ir/media/c17cfc3e30e1fc6b24af6f26df9c9a2c.jpg@webp HTTP/2.0" 200 14852 "https://notenet.ir/artist/MohsenChavoshi" "Mozilla/5.0 (Linux; Android 12; SM-A525F) AppleWebKit/537.36 (KHTML, like Gecko) Chrome/103.0.0.0 Mobile Safari/537.36" -access_log/var/log/nginx/access.log
5.120.215.152 - - [09/Aug/2023:00:42:07 +0330] "GET /image/proxy/rs:fill:230:230:1/g:sm/s:230:230/plain/https://notenet.ir/media/d3a102d6365a430a116ffd95e5ea3b04.jpg@webp HTTP/2.0" 200 9704 "https://notenet.ir/artist/MohsenChavoshi" "Mozilla/5.0 (Linux; Android 12; SM-A525F) AppleWebKit/537.36 (KHTML, like Gecko) Chrome/103.0.0.0 Mobile Safari/537.36" -access_log/var/log/nginx/access.log
10.2.51.2 - - [09/Aug/2023:00:42:07 +0330] "GET /media/7dbcb14c517bfb2c706834f8dec176bb.jpg HTTP/2.0" 200 93443 "-" "imgproxy/3.18.2" -access_log/var/log/nginx/access.log
10.2.51.2 - - [09/Aug/2023:00:42:07 +0330] "GET /media/6ffdd710270486aa8bb6d8a23b325b62.jpg HTTP/2.0" 200 526283 "-" "imgproxy/3.18.2" -access_log/var/log/nginx/access.log
5.120.215.152 - - [09/Aug/2023:00:42:07 +0330] "GET /image/proxy/rs:fill:230:230:1/g:sm/s:230:230/plain/https://notenet.ir/media/7dbcb14c517bfb2c706834f8dec176bb.jpg@webp HTTP/2.0" 200 2934 "https://notenet.ir/artist/MohsenChavoshi" "Mozilla/5.0 (Linux; Android 12; SM-A525F) AppleWebKit/537.36 (KHTML, like Gecko) Chrome/103.0.0.0 Mobile Safari/537.36" -access_log/var/log/nginx/access.log
5.120.215.152 - - [09/Aug/2023:00:42:07 +0330] "GET /image/proxy/rs:fill:230:230:1/g:sm/s:230:230/plain/https://notenet.ir/media/ee40d88acd1fe2f18e05db5ef40fde9b.jpg@webp HTTP/2.0" 200 7508 "https://notenet.ir/artist/MohsenChavoshi" "Mozilla/5.0 (Linux; Android 12; SM-A525F) AppleWebKit/537.36 (KHTML, like Gecko) Chrome/103.0.0.0 Mobile Safari/537.36" -access_log/var/log/nginx/access.log
10.2.51.2 - - [09/Aug/2023:00:42:07 +0330] "GET /media/6189e8116a1d2da6e947b35ffe7df70c.jpg HTTP/2.0" 200 35492 "-" "imgproxy/3.18.2" -access_log/var/log/nginx/access.log
5.120.215.152 - - [09/Aug/2023:00:42:07 +0330] "GET /image/proxy/rs:fill:230:230:1/g:sm/s:230:230/plain/https://notenet.ir/media/6ffdd710270486aa8bb6d8a23b325b62.jpg@webp HTTP/2.0" 200 10494 "https://notenet.ir/artist/MohsenChavoshi" "Mozilla/5.0 (Linux; Android 12; SM-A525F) AppleWebKit/537.36 (KHTML, like Gecko) Chrome/103.0.0.0 Mobile Safari/537.36" -access_log/var/log/nginx/access.log
5.120.215.152 - - [09/Aug/2023:00:42:07 +0330] "GET /image/proxy/rs:fill:230:230:1/g:sm/s:230:230/plain/https://notenet.ir/media/6189e8116a1d2da6e947b35ffe7df70c.jpg@webp HTTP/2.0" 200 2686 "https://notenet.ir/artist/MohsenChavoshi" "Mozilla/5.0 (Linux; Android 12; SM-A525F) AppleWebKit/537.36 (KHTML, like Gecko) Chrome/103.0.0.0 Mobile Safari/537.36" -access_log/var/log/nginx/access.log
10.2.51.2 - - [09/Aug/2023:00:42:07 +0330] "GET /media/514aa76ec21b619854ec7f9b77829a6b.jpg HTTP/2.0" 200 377890 "-" "imgproxy/3.18.2" -access_log/var/log/nginx/access.log
10.2.51.2 - - [09/Aug/2023:00:42:07 +0330] "GET /media/0b33953d0709a71c5be1493a8f271944.jpg HTTP/2.0" 200 19703 "-" "imgproxy/3.18.2" -access_log/var/log/nginx/access.log
5.120.215.152 - - [09/Aug/2023:00:42:07 +0330] "GET /image/proxy/rs:fill:230:230:1/g:sm/s:230:230/plain/https://notenet.ir/media/514aa76ec21b619854ec7f9b77829a6b.jpg@webp HTTP/2.0" 200 7394 "https://notenet.ir/artist/MohsenChavoshi" "Mozilla/5.0 (Linux; Android 12; SM-A525F) AppleWebKit/537.36 (KHTML, like Gecko) Chrome/103.0.0.0 Mobile Safari/537.36" -access_log/var/log/nginx/access.log
5.120.215.152 - - [09/Aug/2023:00:42:07 +0330] "GET /image/proxy/rs:fill:230:230:1/g:sm/s:230:230/plain/https://notenet.ir/media/0b33953d0709a71c5be1493a8f271944.jpg@webp HTTP/2.0" 200 12576 "https://notenet.ir/artist/MohsenChavoshi" "Mozilla/5.0 (Linux; Android 12; SM-A525F) AppleWebKit/537.36 (KHTML, like Gecko) Chrome/103.0.0.0 Mobile Safari/537.36" -access_log/var/log/nginx/access.log
