2.147.179.226 - - [09/Aug/2023:02:12:33 +0330] "GET /static/js/carousel.min.js HTTP/2.0" 200 5228 "https://notenet.ir/p/%D8%B4%D8%A7%D9%87%DB%8C%D9%86_%D8%A8%D9%86%D8%A7%D9%86/%DA%86%D8%A7%D9%84_%D8%B1%D9%88_%DA%AF%D9%88%D9%86%D9%87%E2%80%8C%D8%A7%D8%AA_(%DA%86%D8%B4%D9%85%D8%A7%DB%8C_%D8%AF%D8%B1%DB%8C%D8%A7%DB%8C%DB%8C)?" "Mozilla/5.0 (Linux; Android 12; 22120RN86G) AppleWebKit/537.36 (KHTML, like Gecko) Chrome/103.0.0.0 Mobile Safari/537.36" -access_log/var/log/nginx/access.log
2.147.179.226 - - [09/Aug/2023:02:12:34 +0330] "GET /static/vendors/shaka/mux.js HTTP/2.0" 200 81795 "https://notenet.ir/p/%D8%B4%D8%A7%D9%87%DB%8C%D9%86_%D8%A8%D9%86%D8%A7%D9%86/%DA%86%D8%A7%D9%84_%D8%B1%D9%88_%DA%AF%D9%88%D9%86%D9%87%E2%80%8C%D8%A7%D8%AA_(%DA%86%D8%B4%D9%85%D8%A7%DB%8C_%D8%AF%D8%B1%DB%8C%D8%A7%DB%8C%DB%8C)?" "Mozilla/5.0 (Linux; Android 12; 22120RN86G) AppleWebKit/537.36 (KHTML, like Gecko) Chrome/103.0.0.0 Mobile Safari/537.36" -access_log/var/log/nginx/access.log
2.147.179.226 - - [09/Aug/2023:02:12:34 +0330] "GET /static/vendors/shaka/controls.css HTTP/2.0" 200 4468 "https://notenet.ir/p/%D8%B4%D8%A7%D9%87%DB%8C%D9%86_%D8%A8%D9%86%D8%A7%D9%86/%DA%86%D8%A7%D9%84_%D8%B1%D9%88_%DA%AF%D9%88%D9%86%D9%87%E2%80%8C%D8%A7%D8%AA_(%DA%86%D8%B4%D9%85%D8%A7%DB%8C_%D8%AF%D8%B1%DB%8C%D8%A7%DB%8C%DB%8C)?" "Mozilla/5.0 (Linux; Android 12; 22120RN86G) AppleWebKit/537.36 (KHTML, like Gecko) Chrome/103.0.0.0 Mobile Safari/537.36" -access_log/var/log/nginx/access.log
2.147.179.226 - - [09/Aug/2023:02:12:34 +0330] "GET /static/vendors/shaka/shaka-player.ui.js HTTP/2.0" 200 200643 "https://notenet.ir/p/%D8%B4%D8%A7%D9%87%DB%8C%D9%86_%D8%A8%D9%86%D8%A7%D9%86/%DA%86%D8%A7%D9%84_%D8%B1%D9%88_%DA%AF%D9%88%D9%86%D9%87%E2%80%8C%D8%A7%D8%AA_(%DA%86%D8%B4%D9%85%D8%A7%DB%8C_%D8%AF%D8%B1%DB%8C%D8%A7%DB%8C%DB%8C)?" "Mozilla/5.0 (Linux; Android 12; 22120RN86G) AppleWebKit/537.36 (KHTML, like Gecko) Chrome/103.0.0.0 Mobile Safari/537.36" -access_log/var/log/nginx/access.log
2.147.179.226 - - [09/Aug/2023:02:12:34 +0330] "GET /image/proxy/rs:fill:150:150:1/g:sm/s:150:150/plain/https://notenet.ir/media/bae3e21c397114bf2c27ba435f7ca469.jpg@webp HTTP/2.0" 200 3366 "https://notenet.ir/p/%D8%B4%D8%A7%D9%87%DB%8C%D9%86_%D8%A8%D9%86%D8%A7%D9%86/%DA%86%D8%A7%D9%84_%D8%B1%D9%88_%DA%AF%D9%88%D9%86%D9%87%E2%80%8C%D8%A7%D8%AA_(%DA%86%D8%B4%D9%85%D8%A7%DB%8C_%D8%AF%D8%B1%DB%8C%D8%A7%DB%8C%DB%8C)?" "Mozilla/5.0 (Linux; Android 12; 22120RN86G) AppleWebKit/537.36 (KHTML, like Gecko) Chrome/103.0.0.0 Mobile Safari/537.36" -access_log/var/log/nginx/access.log
2.147.179.226 - - [09/Aug/2023:02:12:34 +0330] "GET /static/vendors/iphone-inline-video.min.js HTTP/2.0" 200 4086 "https://notenet.ir/p/%D8%B4%D8%A7%D9%87%DB%8C%D9%86_%D8%A8%D9%86%D8%A7%D9%86/%DA%86%D8%A7%D9%84_%D8%B1%D9%88_%DA%AF%D9%88%D9%86%D9%87%E2%80%8C%D8%A7%D8%AA_(%DA%86%D8%B4%D9%85%D8%A7%DB%8C_%D8%AF%D8%B1%DB%8C%D8%A7%DB%8C%DB%8C)?" "Mozilla/5.0 (Linux; Android 12; 22120RN86G) AppleWebKit/537.36 (KHTML, like Gecko) Chrome/103.0.0.0 Mobile Safari/537.36" -access_log/var/log/nginx/access.log
10.2.51.2 - - [09/Aug/2023:02:12:34 +0330] "GET /media/bae3e21c397114bf2c27ba435f7ca469.jpg HTTP/2.0" 200 17546 "-" "imgproxy/3.18.2" -access_log/var/log/nginx/access.log
2.147.179.226 - - [09/Aug/2023:02:12:34 +0330] "GET /static/img/Instagram.png HTTP/2.0" 200 467 "https://notenet.ir/p/%D8%B4%D8%A7%D9%87%DB%8C%D9%86_%D8%A8%D9%86%D8%A7%D9%86/%DA%86%D8%A7%D9%84_%D8%B1%D9%88_%DA%AF%D9%88%D9%86%D9%87%E2%80%8C%D8%A7%D8%AA_(%DA%86%D8%B4%D9%85%D8%A7%DB%8C_%D8%AF%D8%B1%DB%8C%D8%A7%DB%8C%DB%8C)?" "Mozilla/5.0 (Linux; Android 12; 22120RN86G) AppleWebKit/537.36 (KHTML, like Gecko) Chrome/103.0.0.0 Mobile Safari/537.36" -access_log/var/log/nginx/access.log
2.147.179.226 - - [09/Aug/2023:02:12:34 +0330] "GET /static/img/AboutUs.png HTTP/2.0" 200 1642 "https://notenet.ir/p/%D8%B4%D8%A7%D9%87%DB%8C%D9%86_%D8%A8%D9%86%D8%A7%D9%86/%DA%86%D8%A7%D9%84_%D8%B1%D9%88_%DA%AF%D9%88%D9%86%D9%87%E2%80%8C%D8%A7%D8%AA_(%DA%86%D8%B4%D9%85%D8%A7%DB%8C_%D8%AF%D8%B1%DB%8C%D8%A7%DB%8C%DB%8C)?" "Mozilla/5.0 (Linux; Android 12; 22120RN86G) AppleWebKit/537.36 (KHTML, like Gecko) Chrome/103.0.0.0 Mobile Safari/537.36" -access_log/var/log/nginx/access.log
2.147.179.226 - - [09/Aug/2023:02:12:34 +0330] "GET /static/img/FooterLogo.png HTTP/2.0" 200 2585 "https://notenet.ir/p/%D8%B4%D8%A7%D9%87%DB%8C%D9%86_%D8%A8%D9%86%D8%A7%D9%86/%DA%86%D8%A7%D9%84_%D8%B1%D9%88_%DA%AF%D9%88%D9%86%D9%87%E2%80%8C%D8%A7%D8%AA_(%DA%86%D8%B4%D9%85%D8%A7%DB%8C_%D8%AF%D8%B1%DB%8C%D8%A7%DB%8C%DB%8C)?" "Mozilla/5.0 (Linux; Android 12; 22120RN86G) AppleWebKit/537.36 (KHTML, like Gecko) Chrome/103.0.0.0 Mobile Safari/537.36" -access_log/var/log/nginx/access.log
2.147.179.226 - - [09/Aug/2023:02:12:34 +0330] "GET /static/img/Rules.png HTTP/2.0" 200 1530 "https://notenet.ir/p/%D8%B4%D8%A7%D9%87%DB%8C%D9%86_%D8%A8%D9%86%D8%A7%D9%86/%DA%86%D8%A7%D9%84_%D8%B1%D9%88_%DA%AF%D9%88%D9%86%D9%87%E2%80%8C%D8%A7%D8%AA_(%DA%86%D8%B4%D9%85%D8%A7%DB%8C_%D8%AF%D8%B1%DB%8C%D8%A7%DB%8C%DB%8C)?" "Mozilla/5.0 (Linux; Android 12; 22120RN86G) AppleWebKit/537.36 (KHTML, like Gecko) Chrome/103.0.0.0 Mobile Safari/537.36" -access_log/var/log/nginx/access.log
2.147.179.226 - - [09/Aug/2023:02:12:34 +0330] "GET /static/img/Email.png HTTP/2.0" 200 466 "https://notenet.ir/p/%D8%B4%D8%A7%D9%87%DB%8C%D9%86_%D8%A8%D9%86%D8%A7%D9%86/%DA%86%D8%A7%D9%84_%D8%B1%D9%88_%DA%AF%D9%88%D9%86%D9%87%E2%80%8C%D8%A7%D8%AA_(%DA%86%D8%B4%D9%85%D8%A7%DB%8C_%D8%AF%D8%B1%DB%8C%D8%A7%DB%8C%DB%8C)?" "Mozilla/5.0 (Linux; Android 12; 22120RN86G) AppleWebKit/537.36 (KHTML, like Gecko) Chrome/103.0.0.0 Mobile Safari/537.36" -access_log/var/log/nginx/access.log
2.147.179.226 - - [09/Aug/2023:02:12:34 +0330] "GET /static/img/ContactUs.png HTTP/2.0" 200 1819 "https://notenet.ir/p/%D8%B4%D8%A7%D9%87%DB%8C%D9%86_%D8%A8%D9%86%D8%A7%D9%86/%DA%86%D8%A7%D9%84_%D8%B1%D9%88_%DA%AF%D9%88%D9%86%D9%87%E2%80%8C%D8%A7%D8%AA_(%DA%86%D8%B4%D9%85%D8%A7%DB%8C_%D8%AF%D8%B1%DB%8C%D8%A7%DB%8C%DB%8C)?" "Mozilla/5.0 (Linux; Android 12; 22120RN86G) AppleWebKit/537.36 (KHTML, like Gecko) Chrome/103.0.0.0 Mobile Safari/537.36" -access_log/var/log/nginx/access.log
2.147.179.226 - - [09/Aug/2023:02:12:34 +0330] "GET /static/img/FAQ.svg HTTP/2.0" 200 1961 "https://notenet.ir/p/%D8%B4%D8%A7%D9%87%DB%8C%D9%86_%D8%A8%D9%86%D8%A7%D9%86/%DA%86%D8%A7%D9%84_%D8%B1%D9%88_%DA%AF%D9%88%D9%86%D9%87%E2%80%8C%D8%A7%D8%AA_(%DA%86%D8%B4%D9%85%D8%A7%DB%8C_%D8%AF%D8%B1%DB%8C%D8%A7%DB%8C%DB%8C)?" "Mozilla/5.0 (Linux; Android 12; 22120RN86G) AppleWebKit/537.36 (KHTML, like Gecko) Chrome/103.0.0.0 Mobile Safari/537.36" -access_log/var/log/nginx/access.log
2.147.179.226 - - [09/Aug/2023:02:12:34 +0330] "GET /static/font/Shabnam.woff2 HTTP/2.0" 200 35752 "https://notenet.ir/static/sass/font.min.css" "Mozilla/5.0 (Linux; Android 12; 22120RN86G) AppleWebKit/537.36 (KHTML, like Gecko) Chrome/103.0.0.0 Mobile Safari/537.36" -access_log/var/log/nginx/access.log
2.147.179.226 - - [09/Aug/2023:02:12:34 +0330] "GET /static/img/Notenet-Logotype.png HTTP/2.0" 200 15578 "https://notenet.ir/p/%D8%B4%D8%A7%D9%87%DB%8C%D9%86_%D8%A8%D9%86%D8%A7%D9%86/%DA%86%D8%A7%D9%84_%D8%B1%D9%88_%DA%AF%D9%88%D9%86%D9%87%E2%80%8C%D8%A7%D8%AA_(%DA%86%D8%B4%D9%85%D8%A7%DB%8C_%D8%AF%D8%B1%DB%8C%D8%A7%DB%8C%DB%8C)?" "Mozilla/5.0 (Linux; Android 12; 22120RN86G) AppleWebKit/537.36 (KHTML, like Gecko) Chrome/103.0.0.0 Mobile Safari/537.36" -access_log/var/log/nginx/access.log
2.147.179.226 - - [09/Aug/2023:02:12:34 +0330] "GET /static/vendors/webfonts/fa-regular-400.woff2 HTTP/2.0" 200 13548 "https://notenet.ir/static/vendors/all/all.min.css" "Mozilla/5.0 (Linux; Android 12; 22120RN86G) AppleWebKit/537.36 (KHTML, like Gecko) Chrome/103.0.0.0 Mobile Safari/537.36" -access_log/var/log/nginx/access.log
2.147.179.226 - - [09/Aug/2023:02:12:35 +0330] "GET /static/img/svg/backward.svg HTTP/2.0" 200 1314 "https://notenet.ir/p/%D8%B4%D8%A7%D9%87%DB%8C%D9%86_%D8%A8%D9%86%D8%A7%D9%86/%DA%86%D8%A7%D9%84_%D8%B1%D9%88_%DA%AF%D9%88%D9%86%D9%87%E2%80%8C%D8%A7%D8%AA_(%DA%86%D8%B4%D9%85%D8%A7%DB%8C_%D8%AF%D8%B1%DB%8C%D8%A7%DB%8C%DB%8C)?" "Mozilla/5.0 (Linux; Android 12; 22120RN86G) AppleWebKit/537.36 (KHTML, like Gecko) Chrome/103.0.0.0 Mobile Safari/537.36" -access_log/var/log/nginx/access.log
2.147.179.226 - - [09/Aug/2023:02:12:35 +0330] "GET /static/img/svg/forward.svg HTTP/2.0" 200 1322 "https://notenet.ir/p/%D8%B4%D8%A7%D9%87%DB%8C%D9%86_%D8%A8%D9%86%D8%A7%D9%86/%DA%86%D8%A7%D9%84_%D8%B1%D9%88_%DA%AF%D9%88%D9%86%D9%87%E2%80%8C%D8%A7%D8%AA_(%DA%86%D8%B4%D9%85%D8%A7%DB%8C_%D8%AF%D8%B1%DB%8C%D8%A7%DB%8C%DB%8C)?" "Mozilla/5.0 (Linux; Android 12; 22120RN86G) AppleWebKit/537.36 (KHTML, like Gecko) Chrome/103.0.0.0 Mobile Safari/537.36" -access_log/var/log/nginx/access.log
2.147.179.226 - - [09/Aug/2023:02:12:35 +0330] "GET /static/font/Shabnam-FD.woff2 HTTP/2.0" 200 34816 "https://notenet.ir/static/sass/font.min.css" "Mozilla/5.0 (Linux; Android 12; 22120RN86G) AppleWebKit/537.36 (KHTML, like Gecko) Chrome/103.0.0.0 Mobile Safari/537.36" -access_log/var/log/nginx/access.log
2.147.179.226 - - [09/Aug/2023:02:12:35 +0330] "GET /static/vendors/webfonts/fa-solid-900.woff2 HTTP/2.0" 200 80300 "https://notenet.ir/static/vendors/all/all.min.css" "Mozilla/5.0 (Linux; Android 12; 22120RN86G) AppleWebKit/537.36 (KHTML, like Gecko) Chrome/103.0.0.0 Mobile Safari/537.36" -access_log/var/log/nginx/access.log
10.2.51.2 - - [09/Aug/2023:02:12:35 +0330] "GET /media/f5ce0baa5410449de56469a506da77c7.jpg HTTP/2.0" 200 32968 "-" "imgproxy/3.18.2" -access_log/var/log/nginx/access.log
10.2.51.2 - - [09/Aug/2023:02:12:35 +0330] "GET /media/6084de894fd9bd0d0f3560ca47950516.jpg HTTP/2.0" 200 17523 "-" "imgproxy/3.18.2" -access_log/var/log/nginx/access.log
10.2.51.2 - - [09/Aug/2023:02:12:35 +0330] "GET /media/9b216b050c40e501e87b83fa7ae943c8.jpg HTTP/2.0" 200 22751 "-" "imgproxy/3.18.2" -access_log/var/log/nginx/access.log
10.2.51.2 - - [09/Aug/2023:02:12:35 +0330] "GET /media/dbb0f37d2a966bba38e886c7b3eb7e06.jpg HTTP/2.0" 200 361277 "-" "imgproxy/3.18.2" -access_log/var/log/nginx/access.log
2.147.179.226 - - [09/Aug/2023:02:12:35 +0330] "GET /image/proxy/rs:fill:140:100:1/g:sm/s:140:100/plain/https://notenet.ir/media/f5ce0baa5410449de56469a506da77c7.jpg@webp HTTP/2.0" 200 2516 "https://notenet.ir/p/%D8%B4%D8%A7%D9%87%DB%8C%D9%86_%D8%A8%D9%86%D8%A7%D9%86/%DA%86%D8%A7%D9%84_%D8%B1%D9%88_%DA%AF%D9%88%D9%86%D9%87%E2%80%8C%D8%A7%D8%AA_(%DA%86%D8%B4%D9%85%D8%A7%DB%8C_%D8%AF%D8%B1%DB%8C%D8%A7%DB%8C%DB%8C)?" "Mozilla/5.0 (Linux; Android 12; 22120RN86G) AppleWebKit/537.36 (KHTML, like Gecko) Chrome/103.0.0.0 Mobile Safari/537.36" -access_log/var/log/nginx/access.log
10.2.51.2 - - [09/Aug/2023:02:12:35 +0330] "GET /media/31b9eda38b5400ba2f0c8214abc6a2eb.jpg HTTP/2.0" 200 236636 "-" "imgproxy/3.18.2" -access_log/var/log/nginx/access.log
2.147.179.226 - - [09/Aug/2023:02:12:35 +0330] "GET /image/proxy/rs:fill:140:100:1/g:sm/s:140:100/plain/https://notenet.ir/media/6084de894fd9bd0d0f3560ca47950516.jpg@webp HTTP/2.0" 200 1480 "https://notenet.ir/p/%D8%B4%D8%A7%D9%87%DB%8C%D9%86_%D8%A8%D9%86%D8%A7%D9%86/%DA%86%D8%A7%D9%84_%D8%B1%D9%88_%DA%AF%D9%88%D9%86%D9%87%E2%80%8C%D8%A7%D8%AA_(%DA%86%D8%B4%D9%85%D8%A7%DB%8C_%D8%AF%D8%B1%DB%8C%D8%A7%DB%8C%DB%8C)?" "Mozilla/5.0 (Linux; Android 12; 22120RN86G) AppleWebKit/537.36 (KHTML, like Gecko) Chrome/103.0.0.0 Mobile Safari/537.36" -access_log/var/log/nginx/access.log
2.147.179.226 - - [09/Aug/2023:02:12:35 +0330] "GET /image/proxy/rs:fill:140:100:1/g:sm/s:140:100/plain/https://notenet.ir/media/9b216b050c40e501e87b83fa7ae943c8.jpg@webp HTTP/2.0" 200 2300 "https://notenet.ir/p/%D8%B4%D8%A7%D9%87%DB%8C%D9%86_%D8%A8%D9%86%D8%A7%D9%86/%DA%86%D8%A7%D9%84_%D8%B1%D9%88_%DA%AF%D9%88%D9%86%D9%87%E2%80%8C%D8%A7%D8%AA_(%DA%86%D8%B4%D9%85%D8%A7%DB%8C_%D8%AF%D8%B1%DB%8C%D8%A7%DB%8C%DB%8C)?" "Mozilla/5.0 (Linux; Android 12; 22120RN86G) AppleWebKit/537.36 (KHTML, like Gecko) Chrome/103.0.0.0 Mobile Safari/537.36" -access_log/var/log/nginx/access.log
10.2.51.2 - - [09/Aug/2023:02:12:35 +0330] "GET /media/b8b9c9b8d329423b9586b6aafe450103.jpg HTTP/2.0" 200 18490 "-" "imgproxy/3.18.2" -access_log/var/log/nginx/access.log
10.2.51.2 - - [09/Aug/2023:02:12:35 +0330] "GET /media/5722e7ddf67030a9594cac190494beca.jpg HTTP/2.0" 200 34152 "-" "imgproxy/3.18.2" -access_log/var/log/nginx/access.log
10.2.51.2 - - [09/Aug/2023:02:12:35 +0330] "GET /media/a63742c5de8c77a0264255ba49f1923c.jpg HTTP/2.0" 200 21689 "-" "imgproxy/3.18.2" -access_log/var/log/nginx/access.log
10.2.51.2 - - [09/Aug/2023:02:12:35 +0330] "GET /media/fdfbc45151d7fee7d16f53ba0b9eaaf1.jpg HTTP/2.0" 200 37604 "-" "imgproxy/3.18.2" -access_log/var/log/nginx/access.log
10.2.51.2 - - [09/Aug/2023:02:12:35 +0330] "GET /media/a8d445d95d29491fc039ba6f9c70ff3e.jpg HTTP/2.0" 200 34951 "-" "imgproxy/3.18.2" -access_log/var/log/nginx/access.log
10.2.51.2 - - [09/Aug/2023:02:12:35 +0330] "GET /media/821e5742efeebddbe2dffa975e5bc800.jpg HTTP/2.0" 200 21455 "-" "imgproxy/3.18.2" -access_log/var/log/nginx/access.log
2.147.179.226 - - [09/Aug/2023:02:12:35 +0330] "GET /image/proxy/rs:fill:140:100:1/g:sm/s:140:100/plain/https://notenet.ir/media/b8b9c9b8d329423b9586b6aafe450103.jpg@webp HTTP/2.0" 200 1694 "https://notenet.ir/p/%D8%B4%D8%A7%D9%87%DB%8C%D9%86_%D8%A8%D9%86%D8%A7%D9%86/%DA%86%D8%A7%D9%84_%D8%B1%D9%88_%DA%AF%D9%88%D9%86%D9%87%E2%80%8C%D8%A7%D8%AA_(%DA%86%D8%B4%D9%85%D8%A7%DB%8C_%D8%AF%D8%B1%DB%8C%D8%A7%DB%8C%DB%8C)?" "Mozilla/5.0 (Linux; Android 12; 22120RN86G) AppleWebKit/537.36 (KHTML, like Gecko) Chrome/103.0.0.0 Mobile Safari/537.36" -access_log/var/log/nginx/access.log
2.147.179.226 - - [09/Aug/2023:02:12:35 +0330] "GET /image/proxy/rs:fill:140:100:1/g:sm/s:140:100/plain/https://notenet.ir/media/dbb0f37d2a966bba38e886c7b3eb7e06.jpg@webp HTTP/2.0" 200 2572 "https://notenet.ir/p/%D8%B4%D8%A7%D9%87%DB%8C%D9%86_%D8%A8%D9%86%D8%A7%D9%86/%DA%86%D8%A7%D9%84_%D8%B1%D9%88_%DA%AF%D9%88%D9%86%D9%87%E2%80%8C%D8%A7%D8%AA_(%DA%86%D8%B4%D9%85%D8%A7%DB%8C_%D8%AF%D8%B1%DB%8C%D8%A7%DB%8C%DB%8C)?" "Mozilla/5.0 (Linux; Android 12; 22120RN86G) AppleWebKit/537.36 (KHTML, like Gecko) Chrome/103.0.0.0 Mobile Safari/537.36" -access_log/var/log/nginx/access.log
2.147.179.226 - - [09/Aug/2023:02:12:35 +0330] "GET /image/proxy/rs:fill:140:100:1/g:sm/s:140:100/plain/https://notenet.ir/media/a63742c5de8c77a0264255ba49f1923c.jpg@webp HTTP/2.0" 200 2054 "https://notenet.ir/p/%D8%B4%D8%A7%D9%87%DB%8C%D9%86_%D8%A8%D9%86%D8%A7%D9%86/%DA%86%D8%A7%D9%84_%D8%B1%D9%88_%DA%AF%D9%88%D9%86%D9%87%E2%80%8C%D8%A7%D8%AA_(%DA%86%D8%B4%D9%85%D8%A7%DB%8C_%D8%AF%D8%B1%DB%8C%D8%A7%DB%8C%DB%8C)?" "Mozilla/5.0 (Linux; Android 12; 22120RN86G) AppleWebKit/537.36 (KHTML, like Gecko) Chrome/103.0.0.0 Mobile Safari/537.36" -access_log/var/log/nginx/access.log
2.147.179.226 - - [09/Aug/2023:02:12:35 +0330] "GET /image/proxy/rs:fill:140:100:1/g:sm/s:140:100/plain/https://notenet.ir/media/5722e7ddf67030a9594cac190494beca.jpg@webp HTTP/2.0" 200 3098 "https://notenet.ir/p/%D8%B4%D8%A7%D9%87%DB%8C%D9%86_%D8%A8%D9%86%D8%A7%D9%86/%DA%86%D8%A7%D9%84_%D8%B1%D9%88_%DA%AF%D9%88%D9%86%D9%87%E2%80%8C%D8%A7%D8%AA_(%DA%86%D8%B4%D9%85%D8%A7%DB%8C_%D8%AF%D8%B1%DB%8C%D8%A7%DB%8C%DB%8C)?" "Mozilla/5.0 (Linux; Android 12; 22120RN86G) AppleWebKit/537.36 (KHTML, like Gecko) Chrome/103.0.0.0 Mobile Safari/537.36" -access_log/var/log/nginx/access.log
2.147.179.226 - - [09/Aug/2023:02:12:35 +0330] "GET /image/proxy/rs:fill:140:100:1/g:sm/s:140:100/plain/https://notenet.ir/media/fdfbc45151d7fee7d16f53ba0b9eaaf1.jpg@webp HTTP/2.0" 200 2972 "https://notenet.ir/p/%D8%B4%D8%A7%D9%87%DB%8C%D9%86_%D8%A8%D9%86%D8%A7%D9%86/%DA%86%D8%A7%D9%84_%D8%B1%D9%88_%DA%AF%D9%88%D9%86%D9%87%E2%80%8C%D8%A7%D8%AA_(%DA%86%D8%B4%D9%85%D8%A7%DB%8C_%D8%AF%D8%B1%DB%8C%D8%A7%DB%8C%DB%8C)?" "Mozilla/5.0 (Linux; Android 12; 22120RN86G) AppleWebKit/537.36 (KHTML, like Gecko) Chrome/103.0.0.0 Mobile Safari/537.36" -access_log/var/log/nginx/access.log
2.147.179.226 - - [09/Aug/2023:02:12:35 +0330] "GET /image/proxy/rs:fill:140:100:1/g:sm/s:140:100/plain/https://notenet.ir/media/31b9eda38b5400ba2f0c8214abc6a2eb.jpg@webp HTTP/2.0" 200 2544 "https://notenet.ir/p/%D8%B4%D8%A7%D9%87%DB%8C%D9%86_%D8%A8%D9%86%D8%A7%D9%86/%DA%86%D8%A7%D9%84_%D8%B1%D9%88_%DA%AF%D9%88%D9%86%D9%87%E2%80%8C%D8%A7%D8%AA_(%DA%86%D8%B4%D9%85%D8%A7%DB%8C_%D8%AF%D8%B1%DB%8C%D8%A7%DB%8C%DB%8C)?" "Mozilla/5.0 (Linux; Android 12; 22120RN86G) AppleWebKit/537.36 (KHTML, like Gecko) Chrome/103.0.0.0 Mobile Safari/537.36" -access_log/var/log/nginx/access.log
2.147.179.226 - - [09/Aug/2023:02:12:35 +0330] "GET /image/proxy/rs:fill:140:100:1/g:sm/s:140:100/plain/https://notenet.ir/media/a8d445d95d29491fc039ba6f9c70ff3e.jpg@webp HTTP/2.0" 200 1416 "https://notenet.ir/p/%D8%B4%D8%A7%D9%87%DB%8C%D9%86_%D8%A8%D9%86%D8%A7%D9%86/%DA%86%D8%A7%D9%84_%D8%B1%D9%88_%DA%AF%D9%88%D9%86%D9%87%E2%80%8C%D8%A7%D8%AA_(%DA%86%D8%B4%D9%85%D8%A7%DB%8C_%D8%AF%D8%B1%DB%8C%D8%A7%DB%8C%DB%8C)?" "Mozilla/5.0 (Linux; Android 12; 22120RN86G) AppleWebKit/537.36 (KHTML, like Gecko) Chrome/103.0.0.0 Mobile Safari/537.36" -access_log/var/log/nginx/access.log
2.147.179.226 - - [09/Aug/2023:02:12:35 +0330] "GET /image/proxy/rs:fill:140:100:1/g:sm/s:140:100/plain/https://notenet.ir/media/821e5742efeebddbe2dffa975e5bc800.jpg@webp HTTP/2.0" 200 2100 "https://notenet.ir/p/%D8%B4%D8%A7%D9%87%DB%8C%D9%86_%D8%A8%D9%86%D8%A7%D9%86/%DA%86%D8%A7%D9%84_%D8%B1%D9%88_%DA%AF%D9%88%D9%86%D9%87%E2%80%8C%D8%A7%D8%AA_(%DA%86%D8%B4%D9%85%D8%A7%DB%8C_%D8%AF%D8%B1%DB%8C%D8%A7%DB%8C%DB%8C)?" "Mozilla/5.0 (Linux; Android 12; 22120RN86G) AppleWebKit/537.36 (KHTML, like Gecko) Chrome/103.0.0.0 Mobile Safari/537.36" -access_log/var/log/nginx/access.log
2.147.179.226 - - [09/Aug/2023:02:12:35 +0330] "GET /image/proxy/rs:fill:140:100:1/g:sm/s:140:100/plain/https://notenet.ir/media/096110a1a8d4f057f396df06820e805a.jpg@webp HTTP/2.0" 200 3652 "https://notenet.ir/p/%D8%B4%D8%A7%D9%87%DB%8C%D9%86_%D8%A8%D9%86%D8%A7%D9%86/%DA%86%D8%A7%D9%84_%D8%B1%D9%88_%DA%AF%D9%88%D9%86%D9%87%E2%80%8C%D8%A7%D8%AA_(%DA%86%D8%B4%D9%85%D8%A7%DB%8C_%D8%AF%D8%B1%DB%8C%D8%A7%DB%8C%DB%8C)?" "Mozilla/5.0 (Linux; Android 12; 22120RN86G) AppleWebKit/537.36 (KHTML, like Gecko) Chrome/103.0.0.0 Mobile Safari/537.36" -access_log/var/log/nginx/access.log
2.147.179.226 - - [09/Aug/2023:02:12:35 +0330] "GET /image/proxy/rs:fill:140:100:1/g:sm/s:140:100/plain/https://notenet.ir/media/170c70ec1b0b0d7196322260d371f38e.jpg@webp HTTP/2.0" 200 3232 "https://notenet.ir/p/%D8%B4%D8%A7%D9%87%DB%8C%D9%86_%D8%A8%D9%86%D8%A7%D9%86/%DA%86%D8%A7%D9%84_%D8%B1%D9%88_%DA%AF%D9%88%D9%86%D9%87%E2%80%8C%D8%A7%D8%AA_(%DA%86%D8%B4%D9%85%D8%A7%DB%8C_%D8%AF%D8%B1%DB%8C%D8%A7%DB%8C%DB%8C)?" "Mozilla/5.0 (Linux; Android 12; 22120RN86G) AppleWebKit/537.36 (KHTML, like Gecko) Chrome/103.0.0.0 Mobile Safari/537.36" -access_log/var/log/nginx/access.log
2.147.179.226 - - [09/Aug/2023:02:12:35 +0330] "GET /image/proxy/rs:fill:140:100:1/g:sm/s:140:100/plain/https://notenet.ir/media/641640fca33ac005103e6964e05d9924.jpg@webp HTTP/2.0" 200 1916 "https://notenet.ir/p/%D8%B4%D8%A7%D9%87%DB%8C%D9%86_%D8%A8%D9%86%D8%A7%D9%86/%DA%86%D8%A7%D9%84_%D8%B1%D9%88_%DA%AF%D9%88%D9%86%D9%87%E2%80%8C%D8%A7%D8%AA_(%DA%86%D8%B4%D9%85%D8%A7%DB%8C_%D8%AF%D8%B1%DB%8C%D8%A7%DB%8C%DB%8C)?" "Mozilla/5.0 (Linux; Android 12; 22120RN86G) AppleWebKit/537.36 (KHTML, like Gecko) Chrome/103.0.0.0 Mobile Safari/537.36" -access_log/var/log/nginx/access.log
10.2.51.2 - - [09/Aug/2023:02:12:35 +0330] "GET /media/096110a1a8d4f057f396df06820e805a.jpg HTTP/2.0" 200 402576 "-" "imgproxy/3.18.2" -access_log/var/log/nginx/access.log
10.2.51.2 - - [09/Aug/2023:02:12:35 +0330] "GET /media/170c70ec1b0b0d7196322260d371f38e.jpg HTTP/2.0" 200 2262110 "-" "imgproxy/3.18.2" -access_log/var/log/nginx/access.log
10.2.51.2 - - [09/Aug/2023:02:12:35 +0330] "GET /media/641640fca33ac005103e6964e05d9924.jpg HTTP/2.0" 200 1179110 "-" "imgproxy/3.18.2" -access_log/var/log/nginx/access.log
10.2.51.2 - - [09/Aug/2023:02:12:35 +0330] "GET /media/bfa47a7f60bb3943bb16f25e6c44c00b.jpg HTTP/2.0" 200 16195 "-" "imgproxy/3.18.2" -access_log/var/log/nginx/access.log
10.2.51.2 - - [09/Aug/2023:02:12:35 +0330] "GET /media/5ebe769b4a300324d205bf4d58b70747.jpg HTTP/2.0" 200 27865 "-" "imgproxy/3.18.2" -access_log/var/log/nginx/access.log
2.147.179.226 - - [09/Aug/2023:02:12:35 +0330] "GET /image/proxy/rs:fill:140:100:1/g:sm/s:140:100/plain/https://notenet.ir/media/bfa47a7f60bb3943bb16f25e6c44c00b.jpg@webp HTTP/2.0" 200 1544 "https://notenet.ir/p/%D8%B4%D8%A7%D9%87%DB%8C%D9%86_%D8%A8%D9%86%D8%A7%D9%86/%DA%86%D8%A7%D9%84_%D8%B1%D9%88_%DA%AF%D9%88%D9%86%D9%87%E2%80%8C%D8%A7%D8%AA_(%DA%86%D8%B4%D9%85%D8%A7%DB%8C_%D8%AF%D8%B1%DB%8C%D8%A7%DB%8C%DB%8C)?" "Mozilla/5.0 (Linux; Android 12; 22120RN86G) AppleWebKit/537.36 (KHTML, like Gecko) Chrome/103.0.0.0 Mobile Safari/537.36" -access_log/var/log/nginx/access.log
2.147.179.226 - - [09/Aug/2023:02:12:35 +0330] "GET /image/proxy/rs:fill:140:100:1/g:sm/s:140:100/plain/https://notenet.ir/media/5ebe769b4a300324d205bf4d58b70747.jpg@webp HTTP/2.0" 200 2690 "https://notenet.ir/p/%D8%B4%D8%A7%D9%87%DB%8C%D9%86_%D8%A8%D9%86%D8%A7%D9%86/%DA%86%D8%A7%D9%84_%D8%B1%D9%88_%DA%AF%D9%88%D9%86%D9%87%E2%80%8C%D8%A7%D8%AA_(%DA%86%D8%B4%D9%85%D8%A7%DB%8C_%D8%AF%D8%B1%DB%8C%D8%A7%DB%8C%DB%8C)?" "Mozilla/5.0 (Linux; Android 12; 22120RN86G) AppleWebKit/537.36 (KHTML, like Gecko) Chrome/103.0.0.0 Mobile Safari/537.36" -access_log/var/log/nginx/access.log
2.147.179.226 - - [09/Aug/2023:02:12:36 +0330] "GET /v/media/e81dce0a-4df2-11eb-82ce-ecb1d77bc5d8/7d5d9b37a7aa7e5c118962ba833829da/7d5d9b37a7aa7e5c118962ba833829da.m3u8 HTTP/2.0" 200 308 "https://notenet.ir/" "Mozilla/5.0 (Linux; Android 12; 22120RN86G) AppleWebKit/537.36 (KHTML, like Gecko) Chrome/103.0.0.0 Mobile Safari/537.36" -access_log/var/log/nginx/access.log
2.147.179.226 - - [09/Aug/2023:02:12:36 +0330] "GET /v/media/e81dce0a-4df2-11eb-82ce-ecb1d77bc5d8/7d5d9b37a7aa7e5c118962ba833829da/480/480p.m3u8 HTTP/2.0" 200 718 "https://notenet.ir/" "Mozilla/5.0 (Linux; Android 12; 22120RN86G) AppleWebKit/537.36 (KHTML, like Gecko) Chrome/103.0.0.0 Mobile Safari/537.36" -access_log/var/log/nginx/access.log
2.147.179.226 - - [09/Aug/2023:02:12:36 +0330] "GET /v/media/e81dce0a-4df2-11eb-82ce-ecb1d77bc5d8/7d5d9b37a7aa7e5c118962ba833829da/480/480p_000.ts HTTP/2.0" 200 1589352 "https://notenet.ir/" "Mozilla/5.0 (Linux; Android 12; 22120RN86G) AppleWebKit/537.36 (KHTML, like Gecko) Chrome/103.0.0.0 Mobile Safari/537.36" -access_log/var/log/nginx/access.log
2.147.179.226 - - [09/Aug/2023:02:12:39 +0330] "GET /image/proxy/rs:fill:140:100:1/g:sm/s:140:100/plain/https://notenet.ir/media/a7d698afe73d5c21c6e56ce35d28fb4b.jpg@webp HTTP/2.0" 200 3338 "https://notenet.ir/p/%D8%B4%D8%A7%D9%87%DB%8C%D9%86_%D8%A8%D9%86%D8%A7%D9%86/%DA%86%D8%A7%D9%84_%D8%B1%D9%88_%DA%AF%D9%88%D9%86%D9%87%E2%80%8C%D8%A7%D8%AA_(%DA%86%D8%B4%D9%85%D8%A7%DB%8C_%D8%AF%D8%B1%DB%8C%D8%A7%DB%8C%DB%8C)?" "Mozilla/5.0 (Linux; Android 12; 22120RN86G) AppleWebKit/537.36 (KHTML, like Gecko) Chrome/103.0.0.0 Mobile Safari/537.36" -access_log/var/log/nginx/access.log
10.2.51.2 - - [09/Aug/2023:02:12:39 +0330] "GET /media/a7d698afe73d5c21c6e56ce35d28fb4b.jpg HTTP/2.0" 200 98277 "-" "imgproxy/3.18.2" -access_log/var/log/nginx/access.log
2.147.179.226 - - [09/Aug/2023:02:12:39 +0330] "GET /image/proxy/rs:fill:140:100:1/g:sm/s:140:100/plain/https://notenet.ir/media/b6ecb7778172d380ec9fbb40943e2801.jpg@webp HTTP/2.0" 200 1668 "https://notenet.ir/p/%D8%B4%D8%A7%D9%87%DB%8C%D9%86_%D8%A8%D9%86%D8%A7%D9%86/%DA%86%D8%A7%D9%84_%D8%B1%D9%88_%DA%AF%D9%88%D9%86%D9%87%E2%80%8C%D8%A7%D8%AA_(%DA%86%D8%B4%D9%85%D8%A7%DB%8C_%D8%AF%D8%B1%DB%8C%D8%A7%DB%8C%DB%8C)?" "Mozilla/5.0 (Linux; Android 12; 22120RN86G) AppleWebKit/537.36 (KHTML, like Gecko) Chrome/103.0.0.0 Mobile Safari/537.36" -access_log/var/log/nginx/access.log
10.2.51.2 - - [09/Aug/2023:02:12:39 +0330] "GET /media/b6ecb7778172d380ec9fbb40943e2801.jpg HTTP/2.0" 200 50317 "-" "imgproxy/3.18.2" -access_log/var/log/nginx/access.log
2.147.179.226 - - [09/Aug/2023:02:12:39 +0330] "GET /image/proxy/rs:fill:140:100:1/g:sm/s:140:100/plain/https://notenet.ir/media/7e18171119f6c1e69ae2f0b8710873e1.jpg@webp HTTP/2.0" 200 3142 "https://notenet.ir/p/%D8%B4%D8%A7%D9%87%DB%8C%D9%86_%D8%A8%D9%86%D8%A7%D9%86/%DA%86%D8%A7%D9%84_%D8%B1%D9%88_%DA%AF%D9%88%D9%86%D9%87%E2%80%8C%D8%A7%D8%AA_(%DA%86%D8%B4%D9%85%D8%A7%DB%8C_%D8%AF%D8%B1%DB%8C%D8%A7%DB%8C%DB%8C)?" "Mozilla/5.0 (Linux; Android 12; 22120RN86G) AppleWebKit/537.36 (KHTML, like Gecko) Chrome/103.0.0.0 Mobile Safari/537.36" -access_log/var/log/nginx/access.log
10.2.51.2 - - [09/Aug/2023:02:12:39 +0330] "GET /media/7e18171119f6c1e69ae2f0b8710873e1.jpg HTTP/2.0" 200 1966935 "-" "imgproxy/3.18.2" -access_log/var/log/nginx/access.log
2.147.179.226 - - [09/Aug/2023:02:12:39 +0330] "GET /image/proxy/rs:fill:140:100:1/g:sm/s:140:100/plain/https://notenet.ir/media/257d477f5a1808801decbb5cd5adc79a.jpg@webp HTTP/2.0" 200 3182 "https://notenet.ir/p/%D8%B4%D8%A7%D9%87%DB%8C%D9%86_%D8%A8%D9%86%D8%A7%D9%86/%DA%86%D8%A7%D9%84_%D8%B1%D9%88_%DA%AF%D9%88%D9%86%D9%87%E2%80%8C%D8%A7%D8%AA_(%DA%86%D8%B4%D9%85%D8%A7%DB%8C_%D8%AF%D8%B1%DB%8C%D8%A7%DB%8C%DB%8C)?" "Mozilla/5.0 (Linux; Android 12; 22120RN86G) AppleWebKit/537.36 (KHTML, like Gecko) Chrome/103.0.0.0 Mobile Safari/537.36" -access_log/var/log/nginx/access.log
10.2.51.2 - - [09/Aug/2023:02:12:39 +0330] "GET /media/257d477f5a1808801decbb5cd5adc79a.jpg HTTP/2.0" 200 553940 "-" "imgproxy/3.18.2" -access_log/var/log/nginx/access.log
2.147.179.226 - - [09/Aug/2023:02:12:40 +0330] "GET /image/proxy/rs:fill:140:100:1/g:sm/s:140:100/plain/https://notenet.ir/media/c0aae05f7f8ab8130c47f8ab2df5e4b1.jpg@webp HTTP/2.0" 200 3342 "https://notenet.ir/p/%D8%B4%D8%A7%D9%87%DB%8C%D9%86_%D8%A8%D9%86%D8%A7%D9%86/%DA%86%D8%A7%D9%84_%D8%B1%D9%88_%DA%AF%D9%88%D9%86%D9%87%E2%80%8C%D8%A7%D8%AA_(%DA%86%D8%B4%D9%85%D8%A7%DB%8C_%D8%AF%D8%B1%DB%8C%D8%A7%DB%8C%DB%8C)?" "Mozilla/5.0 (Linux; Android 12; 22120RN86G) AppleWebKit/537.36 (KHTML, like Gecko) Chrome/103.0.0.0 Mobile Safari/537.36" -access_log/var/log/nginx/access.log
10.2.51.2 - - [09/Aug/2023:02:12:40 +0330] "GET /media/c0aae05f7f8ab8130c47f8ab2df5e4b1.jpg HTTP/2.0" 200 387149 "-" "imgproxy/3.18.2" -access_log/var/log/nginx/access.log
2.147.179.226 - - [09/Aug/2023:02:12:41 +0330] "GET /image/proxy/rs:fill:140:100:1/g:sm/s:140:100/plain/https://notenet.ir/media/63865db8ad2ca161e13e26dd2ef30fc1.jpg@webp HTTP/2.0" 200 3128 "https://notenet.ir/p/%D8%B4%D8%A7%D9%87%DB%8C%D9%86_%D8%A8%D9%86%D8%A7%D9%86/%DA%86%D8%A7%D9%84_%D8%B1%D9%88_%DA%AF%D9%88%D9%86%D9%87%E2%80%8C%D8%A7%D8%AA_(%DA%86%D8%B4%D9%85%D8%A7%DB%8C_%D8%AF%D8%B1%DB%8C%D8%A7%DB%8C%DB%8C)?" "Mozilla/5.0 (Linux; Android 12; 22120RN86G) AppleWebKit/537.36 (KHTML, like Gecko) Chrome/103.0.0.0 Mobile Safari/537.36" -access_log/var/log/nginx/access.log
10.2.51.2 - - [09/Aug/2023:02:12:41 +0330] "GET /media/63865db8ad2ca161e13e26dd2ef30fc1.jpg HTTP/2.0" 200 941431 "-" "imgproxy/3.18.2" -access_log/var/log/nginx/access.log
2.147.179.226 - - [09/Aug/2023:02:12:41 +0330] "GET /image/proxy/rs:fill:140:100:1/g:sm/s:140:100/plain/https://notenet.ir/media/41b321bc668c01782c17cc280360533e.jpg@webp HTTP/2.0" 200 2114 "https://notenet.ir/p/%D8%B4%D8%A7%D9%87%DB%8C%D9%86_%D8%A8%D9%86%D8%A7%D9%86/%DA%86%D8%A7%D9%84_%D8%B1%D9%88_%DA%AF%D9%88%D9%86%D9%87%E2%80%8C%D8%A7%D8%AA_(%DA%86%D8%B4%D9%85%D8%A7%DB%8C_%D8%AF%D8%B1%DB%8C%D8%A7%DB%8C%DB%8C)?" "Mozilla/5.0 (Linux; Android 12; 22120RN86G) AppleWebKit/537.36 (KHTML, like Gecko) Chrome/103.0.0.0 Mobile Safari/537.36" -access_log/var/log/nginx/access.log
10.2.51.2 - - [09/Aug/2023:02:12:41 +0330] "GET /media/41b321bc668c01782c17cc280360533e.jpg HTTP/2.0" 200 753559 "-" "imgproxy/3.18.2" -access_log/var/log/nginx/access.log
2.147.179.226 - - [09/Aug/2023:02:12:41 +0330] "GET /image/proxy/rs:fill:140:100:1/g:sm/s:140:100/plain/https://notenet.ir/media/41f2380c7369c8fc6fc3979f2354d67a.jpg@webp HTTP/2.0" 200 2676 "https://notenet.ir/p/%D8%B4%D8%A7%D9%87%DB%8C%D9%86_%D8%A8%D9%86%D8%A7%D9%86/%DA%86%D8%A7%D9%84_%D8%B1%D9%88_%DA%AF%D9%88%D9%86%D9%87%E2%80%8C%D8%A7%D8%AA_(%DA%86%D8%B4%D9%85%D8%A7%DB%8C_%D8%AF%D8%B1%DB%8C%D8%A7%DB%8C%DB%8C)?" "Mozilla/5.0 (Linux; Android 12; 22120RN86G) AppleWebKit/537.36 (KHTML, like Gecko) Chrome/103.0.0.0 Mobile Safari/537.36" -access_log/var/log/nginx/access.log
10.2.51.2 - - [09/Aug/2023:02:12:41 +0330] "GET /media/41f2380c7369c8fc6fc3979f2354d67a.jpg HTTP/2.0" 200 1554737 "-" "imgproxy/3.18.2" -access_log/var/log/nginx/access.log
2.147.179.226 - - [09/Aug/2023:02:12:41 +0330] "GET /image/proxy/rs:fill:140:100:1/g:sm/s:140:100/plain/https://notenet.ir/media/c96db17ffd99e0f1bc190415b72f0c7f.jpg@webp HTTP/2.0" 200 3102 "https://notenet.ir/p/%D8%B4%D8%A7%D9%87%DB%8C%D9%86_%D8%A8%D9%86%D8%A7%D9%86/%DA%86%D8%A7%D9%84_%D8%B1%D9%88_%DA%AF%D9%88%D9%86%D9%87%E2%80%8C%D8%A7%D8%AA_(%DA%86%D8%B4%D9%85%D8%A7%DB%8C_%D8%AF%D8%B1%DB%8C%D8%A7%DB%8C%DB%8C)?" "Mozilla/5.0 (Linux; Android 12; 22120RN86G) AppleWebKit/537.36 (KHTML, like Gecko) Chrome/103.0.0.0 Mobile Safari/537.36" -access_log/var/log/nginx/access.log
10.2.51.2 - - [09/Aug/2023:02:12:41 +0330] "GET /media/c96db17ffd99e0f1bc190415b72f0c7f.jpg HTTP/2.0" 200 2895073 "-" "imgproxy/3.18.2" -access_log/var/log/nginx/access.log
2.147.179.226 - - [09/Aug/2023:02:12:41 +0330] "GET /image/proxy/rs:fill:140:100:1/g:sm/s:140:100/plain/https://notenet.ir/media/af4bca3b3cd0cad271d15bd2ddd9b924.jpg@webp HTTP/2.0" 200 1936 "https://notenet.ir/p/%D8%B4%D8%A7%D9%87%DB%8C%D9%86_%D8%A8%D9%86%D8%A7%D9%86/%DA%86%D8%A7%D9%84_%D8%B1%D9%88_%DA%AF%D9%88%D9%86%D9%87%E2%80%8C%D8%A7%D8%AA_(%DA%86%D8%B4%D9%85%D8%A7%DB%8C_%D8%AF%D8%B1%DB%8C%D8%A7%DB%8C%DB%8C)?" "Mozilla/5.0 (Linux; Android 12; 22120RN86G) AppleWebKit/537.36 (KHTML, like Gecko) Chrome/103.0.0.0 Mobile Safari/537.36" -access_log/var/log/nginx/access.log
10.2.51.2 - - [09/Aug/2023:02:12:41 +0330] "GET /media/af4bca3b3cd0cad271d15bd2ddd9b924.jpg HTTP/2.0" 200 193601 "-" "imgproxy/3.18.2" -access_log/var/log/nginx/access.log
2.147.179.226 - - [09/Aug/2023:02:12:41 +0330] "GET /image/proxy/rs:fill:140:100:1/g:sm/s:140:100/plain/https://notenet.ir/media/0f0c8715d827b947b768b571276062f9.jpg@webp HTTP/2.0" 200 1996 "https://notenet.ir/p/%D8%B4%D8%A7%D9%87%DB%8C%D9%86_%D8%A8%D9%86%D8%A7%D9%86/%DA%86%D8%A7%D9%84_%D8%B1%D9%88_%DA%AF%D9%88%D9%86%D9%87%E2%80%8C%D8%A7%D8%AA_(%DA%86%D8%B4%D9%85%D8%A7%DB%8C_%D8%AF%D8%B1%DB%8C%D8%A7%DB%8C%DB%8C)?" "Mozilla/5.0 (Linux; Android 12; 22120RN86G) AppleWebKit/537.36 (KHTML, like Gecko) Chrome/103.0.0.0 Mobile Safari/537.36" -access_log/var/log/nginx/access.log
10.2.51.2 - - [09/Aug/2023:02:12:41 +0330] "GET /media/0f0c8715d827b947b768b571276062f9.jpg HTTP/2.0" 200 237840 "-" "imgproxy/3.18.2" -access_log/var/log/nginx/access.log
2.147.179.226 - - [09/Aug/2023:02:12:41 +0330] "GET /image/proxy/rs:fill:140:100:1/g:sm/s:140:100/plain/https://notenet.ir/media/6c9b787af554ccee2e6d6397c5e8faec.jpg@webp HTTP/2.0" 200 3110 "https://notenet.ir/p/%D8%B4%D8%A7%D9%87%DB%8C%D9%86_%D8%A8%D9%86%D8%A7%D9%86/%DA%86%D8%A7%D9%84_%D8%B1%D9%88_%DA%AF%D9%88%D9%86%D9%87%E2%80%8C%D8%A7%D8%AA_(%DA%86%D8%B4%D9%85%D8%A7%DB%8C_%D8%AF%D8%B1%DB%8C%D8%A7%DB%8C%DB%8C)?" "Mozilla/5.0 (Linux; Android 12; 22120RN86G) AppleWebKit/537.36 (KHTML, like Gecko) Chrome/103.0.0.0 Mobile Safari/537.36" -access_log/var/log/nginx/access.log
10.2.51.2 - - [09/Aug/2023:02:12:41 +0330] "GET /media/6c9b787af554ccee2e6d6397c5e8faec.jpg HTTP/2.0" 200 305994 "-" "imgproxy/3.18.2" -access_log/var/log/nginx/access.log
2.147.179.226 - - [09/Aug/2023:02:12:41 +0330] "GET /image/proxy/rs:fill:140:100:1/g:sm/s:140:100/plain/https://notenet.ir/media/54798a634926243b9716707f44806cb1.jpg@webp HTTP/2.0" 200 1888 "https://notenet.ir/p/%D8%B4%D8%A7%D9%87%DB%8C%D9%86_%D8%A8%D9%86%D8%A7%D9%86/%DA%86%D8%A7%D9%84_%D8%B1%D9%88_%DA%AF%D9%88%D9%86%D9%87%E2%80%8C%D8%A7%D8%AA_(%DA%86%D8%B4%D9%85%D8%A7%DB%8C_%D8%AF%D8%B1%DB%8C%D8%A7%DB%8C%DB%8C)?" "Mozilla/5.0 (Linux; Android 12; 22120RN86G) AppleWebKit/537.36 (KHTML, like Gecko) Chrome/103.0.0.0 Mobile Safari/537.36" -access_log/var/log/nginx/access.log
10.2.51.2 - - [09/Aug/2023:02:12:41 +0330] "GET /media/54798a634926243b9716707f44806cb1.jpg HTTP/2.0" 200 16981 "-" "imgproxy/3.18.2" -access_log/var/log/nginx/access.log
2.147.179.226 - - [09/Aug/2023:02:12:41 +0330] "GET /image/proxy/rs:fill:140:100:1/g:sm/s:140:100/plain/https://notenet.ir/media/daeee97c581251cc6d1e5ef132ea40ad.jpg@webp HTTP/2.0" 200 2580 "https://notenet.ir/p/%D8%B4%D8%A7%D9%87%DB%8C%D9%86_%D8%A8%D9%86%D8%A7%D9%86/%DA%86%D8%A7%D9%84_%D8%B1%D9%88_%DA%AF%D9%88%D9%86%D9%87%E2%80%8C%D8%A7%D8%AA_(%DA%86%D8%B4%D9%85%D8%A7%DB%8C_%D8%AF%D8%B1%DB%8C%D8%A7%DB%8C%DB%8C)?" "Mozilla/5.0 (Linux; Android 12; 22120RN86G) AppleWebKit/537.36 (KHTML, like Gecko) Chrome/103.0.0.0 Mobile Safari/537.36" -access_log/var/log/nginx/access.log
10.2.51.2 - - [09/Aug/2023:02:12:41 +0330] "GET /media/daeee97c581251cc6d1e5ef132ea40ad.jpg HTTP/2.0" 200 1731046 "-" "imgproxy/3.18.2" -access_log/var/log/nginx/access.log
2.147.179.226 - - [09/Aug/2023:02:12:41 +0330] "GET /image/proxy/rs:fill:140:100:1/g:sm/s:140:100/plain/https://notenet.ir/media/d08710e9c845924ff688277bb4e28c49.jpg@webp HTTP/2.0" 200 2790 "https://notenet.ir/p/%D8%B4%D8%A7%D9%87%DB%8C%D9%86_%D8%A8%D9%86%D8%A7%D9%86/%DA%86%D8%A7%D9%84_%D8%B1%D9%88_%DA%AF%D9%88%D9%86%D9%87%E2%80%8C%D8%A7%D8%AA_(%DA%86%D8%B4%D9%85%D8%A7%DB%8C_%D8%AF%D8%B1%DB%8C%D8%A7%DB%8C%DB%8C)?" "Mozilla/5.0 (Linux; Android 12; 22120RN86G) AppleWebKit/537.36 (KHTML, like Gecko) Chrome/103.0.0.0 Mobile Safari/537.36" -access_log/var/log/nginx/access.log
10.2.51.2 - - [09/Aug/2023:02:12:41 +0330] "GET /media/d08710e9c845924ff688277bb4e28c49.jpg HTTP/2.0" 200 1658652 "-" "imgproxy/3.18.2" -access_log/var/log/nginx/access.log
2.147.179.226 - - [09/Aug/2023:02:12:42 +0330] "GET /image/proxy/rs:fill:140:100:1/g:sm/s:140:100/plain/https://notenet.ir/media/baf878e45e1da1296e6bcdbc508cf44b.jpg@webp HTTP/2.0" 200 2282 "https://notenet.ir/p/%D8%B4%D8%A7%D9%87%DB%8C%D9%86_%D8%A8%D9%86%D8%A7%D9%86/%DA%86%D8%A7%D9%84_%D8%B1%D9%88_%DA%AF%D9%88%D9%86%D9%87%E2%80%8C%D8%A7%D8%AA_(%DA%86%D8%B4%D9%85%D8%A7%DB%8C_%D8%AF%D8%B1%DB%8C%D8%A7%DB%8C%DB%8C)?" "Mozilla/5.0 (Linux; Android 12; 22120RN86G) AppleWebKit/537.36 (KHTML, like Gecko) Chrome/103.0.0.0 Mobile Safari/537.36" -access_log/var/log/nginx/access.log
10.2.51.2 - - [09/Aug/2023:02:12:42 +0330] "GET /media/baf878e45e1da1296e6bcdbc508cf44b.jpg HTTP/2.0" 200 205571 "-" "imgproxy/3.18.2" -access_log/var/log/nginx/access.log
2.147.179.226 - - [09/Aug/2023:02:12:42 +0330] "GET /image/proxy/rs:fill:140:100:1/g:sm/s:140:100/plain/https://notenet.ir/media/cf4c16b553830b3869dd3f47ce0e1ef3.jpg@webp HTTP/2.0" 200 2576 "https://notenet.ir/p/%D8%B4%D8%A7%D9%87%DB%8C%D9%86_%D8%A8%D9%86%D8%A7%D9%86/%DA%86%D8%A7%D9%84_%D8%B1%D9%88_%DA%AF%D9%88%D9%86%D9%87%E2%80%8C%D8%A7%D8%AA_(%DA%86%D8%B4%D9%85%D8%A7%DB%8C_%D8%AF%D8%B1%DB%8C%D8%A7%DB%8C%DB%8C)?" "Mozilla/5.0 (Linux; Android 12; 22120RN86G) AppleWebKit/537.36 (KHTML, like Gecko) Chrome/103.0.0.0 Mobile Safari/537.36" -access_log/var/log/nginx/access.log
10.2.51.2 - - [09/Aug/2023:02:12:42 +0330] "GET /media/cf4c16b553830b3869dd3f47ce0e1ef3.jpg HTTP/2.0" 200 1694563 "-" "imgproxy/3.18.2" -access_log/var/log/nginx/access.log
85.208.96.208 - - [09/Aug/2023:02:14:52 +0330] "GET /p/%D8%B9%D9%84%DB%8C_%DB%8C%D8%B2%D8%AF%D8%A7%D9%86%DB%8C/%D8%A7%DB%8C_%DB%8C%D8%A7%D8%B1 HTTP/1.1" 200 24997 "-" "Mozilla/5.0 (compatible; SemrushBot/7~bl; +http://www.semrush.com/bot.html)" -access_log/var/log/nginx/access.log
216.244.66.236 - - [09/Aug/2023:02:19:21 +0330] "GET /robots.txt HTTP/1.1" 302 0 "-" "Mozilla/5.0 (compatible; DotBot/1.2; +https://opensiteexplorer.org/dotbot; help@moz.com)" -access_log/var/log/nginx/access.log
216.244.66.236 - - [09/Aug/2023:02:19:22 +0330] "GET /notfound-404 HTTP/1.1" 200 53502 "-" "Mozilla/5.0 (compatible; DotBot/1.2; +https://opensiteexplorer.org/dotbot; help@moz.com)" -access_log/var/log/nginx/access.log
72.14.201.205 - - [09/Aug/2023:02:19:30 +0330] "GET /p/%D8%B9%D9%84%DB%8C_%D8%AC%D8%B9%D9%81%D8%B1%DB%8C_%D9%BE%D9%88%DB%8C%D8%A7%D9%86/%D9%81%D8%B1%DB%8C%D8%A7%D8%AF_%D8%A7%DB%8C%D8%B1%D8%A7%D9%86_?artist=615ec0b3dfef78460f9bc099 HTTP/2.0" 200 19112 "https://www.google.com/" "Mozilla/5.0 (Linux; Android 10; K) AppleWebKit/537.36 (KHTML, like Gecko) Chrome/115.0.0.0 Mobile Safari/537.36" -access_log/var/log/nginx/access.log
51.222.253.20 - - [09/Aug/2023:02:22:05 +0330] "GET /p/%D9%85%D8%A8%DB%8C%D9%86_%D8%B1%D8%B3%D8%A7%DB%8C%DB%8C/%D8%A8%DB%8C_%D9%BE%D9%86%D8%A7%D9%87 HTTP/2.0" 200 25090 "-" "Mozilla/5.0 (compatible; AhrefsBot/7.0; +http://ahrefs.com/robot/)" -access_log/var/log/nginx/access.log
40.77.167.237 - - [09/Aug/2023:02:23:04 +0330] "GET /p/%D8%B3%D8%A7%D9%84%D8%A7%D8%B1_%D8%B9%D9%82%DB%8C%D9%84%DB%8C/_%D8%AA%D9%86%D9%87%D8%A7_%D9%85%DB%8C%D9%85%D8%A7%D9%86%D9%85_?company=6124edcde8ddc03dcd58464f HTTP/2.0" 200 42416 "-" "Mozilla/5.0 AppleWebKit/537.36 (KHTML, like Gecko; compatible; bingbot/2.0; +http://www.bing.com/bingbot.htm) Chrome/103.0.5060.134 Safari/537.36" -access_log/var/log/nginx/access.log
216.244.66.236 - - [09/Aug/2023:02:23:49 +0330] "GET /player/NjM1NTE1YzI5OTRhNjM2MzdiMGI5NDYw HTTP/1.1" 302 0 "-" "Mozilla/5.0 (compatible; DotBot/1.2; +https://opensiteexplorer.org/dotbot; help@moz.com)" -access_log/var/log/nginx/access.log
66.249.64.105 - - [09/Aug/2023:02:25:52 +0330] "GET /p/%D9%85%D8%AC%DB%8C%D8%AF_%D8%A8%D9%86%DB%8C_%D9%81%D8%A7%D8%B7%D9%85%D9%87/%D8%A7%DB%8C_%D8%B3%D8%A7%D8%B1%D8%A8%D8%A7%D9%86_%D8%A2%D9%87%D8%B3%D8%AA%D9%87_%D8%B1%D8%A7%D9%86? HTTP/1.1" 200 25491 "-" "Mozilla/5.0 (Linux; Android 6.0.1; Nexus 5X Build/MMB29P) AppleWebKit/537.36 (KHTML, like Gecko) Chrome/114.0.5735.179 Mobile Safari/537.36 (compatible; Googlebot/2.1; +http://www.google.com/bot.html)" -access_log/var/log/nginx/access.log
85.208.96.212 - - [09/Aug/2023:02:26:05 +0330] "GET /p/%D8%A8%D8%A7%D8%A8%DA%A9_%D8%AC%D9%87%D8%A7%D9%86%D8%A8%D8%AE%D8%B4/%D9%81%D8%B1%D8%A7%D9%85%D9%88%D8%B4_%DA%A9%D8%B1%D8%AF%D9%85 HTTP/1.1" 200 26806 "-" "Mozilla/5.0 (compatible; SemrushBot/7~bl; +http://www.semrush.com/bot.html)" -access_log/var/log/nginx/access.log
114.119.130.221 - - [09/Aug/2023:02:26:05 +0330] "GET /p/%D9%86%D8%B2%D8%A7%D8%B1_%D8%A7%D9%84%D9%82%D8%B7%D8%B1%DB%8C/%D8%A7%D9%86%D8%A7_%D9%85%D8%B8%D9%84%D9%88%D9%85_%D8%AD%D8%B3%DB%8C%D9%86 HTTP/1.1" 302 50335 "-" "Mozilla/5.0 (Linux; Android 7.0;) AppleWebKit/537.36 (KHTML, like Gecko) Mobile Safari/537.36 (compatible; PetalBot;+https://webmaster.petalsearch.com/site/petalbot)" -access_log/var/log/nginx/access.log
114.119.130.221 - - [09/Aug/2023:02:26:08 +0330] "GET /notfound-404 HTTP/1.1" 200 0 "-" "Mozilla/5.0 (Linux; Android 7.0;) AppleWebKit/537.36 (KHTML, like Gecko) Mobile Safari/537.36 (compatible; PetalBot;+https://webmaster.petalsearch.com/site/petalbot)" -access_log/var/log/nginx/access.log
66.249.64.105 - - [09/Aug/2023:02:26:12 +0330] "GET /company/InstrumentPodcast HTTP/1.1" 200 13756 "-" "Mozilla/5.0 (Linux; Android 6.0.1; Nexus 5X Build/MMB29P) AppleWebKit/537.36 (KHTML, like Gecko) Chrome/114.0.5735.179 Mobile Safari/537.36 (compatible; Googlebot/2.1; +http://www.google.com/bot.html)" -access_log/var/log/nginx/access.log
85.208.96.195 - - [09/Aug/2023:02:27:22 +0330] "GET /plan?callback_url=%2Fplayer%2FNjE1YWRlODI0YzMxNTE4MGRhNDdkMmQ1 HTTP/1.1" 200 14383 "-" "Mozilla/5.0 (compatible; SemrushBot/7~bl; +http://www.semrush.com/bot.html)" -access_log/var/log/nginx/access.log
24.199.100.169 - - [09/Aug/2023:02:27:23 +0330] "GET /player/NjQ0YWFmNjU5OTRhNjM2MzdiMGI5NjUx HTTP/2.0" 200 23586 "-" "Mozilla/5.0 (Macintosh; Intel Mac OS X 10_15_7) AppleWebKit/537.36 (KHTML, like Gecko) Chrome/114.0.0.0 Safari/537.36" -access_log/var/log/nginx/access.log
216.244.66.236 - - [09/Aug/2023:02:27:32 +0330] "GET /player/NjM1ZDFmMzY5OTRhNjM2MzdiMGI5NDlj HTTP/1.1" 302 0 "-" "Mozilla/5.0 (compatible; DotBot/1.2; +https://opensiteexplorer.org/dotbot; help@moz.com)" -access_log/var/log/nginx/access.log
216.244.66.236 - - [09/Aug/2023:02:28:21 +0330] "GET /player/NjM1MWEwYzg5OTRhNjM2MzdiMGI5NDQ1 HTTP/1.1" 302 0 "-" "Mozilla/5.0 (compatible; DotBot/1.2; +https://opensiteexplorer.org/dotbot; help@moz.com)" -access_log/var/log/nginx/access.log
193.186.4.42 - - [09/Aug/2023:02:29:29 +0330] "GET /p/%D8%B9%D9%84%DB%8C%D8%B1%D8%B6%D8%A7_%D9%82%D8%B1%D8%A8%D8%A7%D9%86%DB%8C/%D8%B4%D8%A8_%D8%AF%D9%87%D9%85? HTTP/2.0" 200 27484 "https://www.google.com/" "Mozilla/5.0 (Linux; Android 10; K) AppleWebKit/537.36 (KHTML, like Gecko) Chrome/115.0.0.0 Mobile Safari/537.36" -access_log/var/log/nginx/access.log
5.214.130.117 - - [09/Aug/2023:02:29:30 +0330] "GET /p/%D8%B9%D9%84%DB%8C%D8%B1%D8%B6%D8%A7_%D9%82%D8%B1%D8%A8%D8%A7%D9%86%DB%8C/%D8%B4%D8%A8_%D8%AF%D9%87%D9%85? HTTP/2.0" 200 27536 "https://www.google.com/" "Mozilla/5.0 (Linux; Android 10; K) AppleWebKit/537.36 (KHTML, like Gecko) Chrome/115.0.0.0 Mobile Safari/537.36" -access_log/var/log/nginx/access.log
5.214.130.117 - - [09/Aug/2023:02:29:33 +0330] "GET /v/media/e81dce0a-4df2-11eb-82ce-ecb1d77bc5d8/bc5ec84089bff8612565555268349155/1080/1080p.m3u8 HTTP/2.0" 200 645 "https://notenet.ir/" "Mozilla/5.0 (Linux; Android 10; K) AppleWebKit/537.36 (KHTML, like Gecko) Chrome/115.0.0.0 Mobile Safari/537.36" -access_log/var/log/nginx/access.log
5.214.130.117 - - [09/Aug/2023:02:29:34 +0330] "GET /image/proxy/rs:fill:140:100:1/g:sm/s:140:100/plain/https://notenet.ir/media/4f946eb2de91f2436d6f2b13054fa216.jpg@webp HTTP/2.0" 200 2872 "https://notenet.ir/p/%D8%B9%D9%84%DB%8C%D8%B1%D8%B6%D8%A7_%D9%82%D8%B1%D8%A8%D8%A7%D9%86%DB%8C/%D8%B4%D8%A8_%D8%AF%D9%87%D9%85?" "Mozilla/5.0 (Linux; Android 10; K) AppleWebKit/537.36 (KHTML, like Gecko) Chrome/115.0.0.0 Mobile Safari/537.36" -access_log/var/log/nginx/access.log
10.2.51.2 - - [09/Aug/2023:02:29:34 +0330] "GET /media/4f946eb2de91f2436d6f2b13054fa216.jpg HTTP/2.0" 200 18908 "-" "imgproxy/3.18.2" -access_log/var/log/nginx/access.log
5.214.130.117 - - [09/Aug/2023:02:29:34 +0330] "GET /image/proxy/rs:fill:140:100:1/g:sm/s:140:100/plain/https://notenet.ir/media/93cb3ccefa43943208c77c3fa69d86a3.jpg@webp HTTP/2.0" 200 2610 "https://notenet.ir/p/%D8%B9%D9%84%DB%8C%D8%B1%D8%B6%D8%A7_%D9%82%D8%B1%D8%A8%D8%A7%D9%86%DB%8C/%D8%B4%D8%A8_%D8%AF%D9%87%D9%85?" "Mozilla/5.0 (Linux; Android 10; K) AppleWebKit/537.36 (KHTML, like Gecko) Chrome/115.0.0.0 Mobile Safari/537.36" -access_log/var/log/nginx/access.log
10.2.51.2 - - [09/Aug/2023:02:29:34 +0330] "GET /media/93cb3ccefa43943208c77c3fa69d86a3.jpg HTTP/2.0" 200 243143 "-" "imgproxy/3.18.2" -access_log/var/log/nginx/access.log
5.214.130.117 - - [09/Aug/2023:02:29:34 +0330] "GET /image/proxy/rs:fill:140:100:1/g:sm/s:140:100/plain/https://notenet.ir/media/5c30ed5f6d710e9aba1ce3237782b664.jpg@webp HTTP/2.0" 200 4322 "https://notenet.ir/p/%D8%B9%D9%84%DB%8C%D8%B1%D8%B6%D8%A7_%D9%82%D8%B1%D8%A8%D8%A7%D9%86%DB%8C/%D8%B4%D8%A8_%D8%AF%D9%87%D9%85?" "Mozilla/5.0 (Linux; Android 10; K) AppleWebKit/537.36 (KHTML, like Gecko) Chrome/115.0.0.0 Mobile Safari/537.36" -access_log/var/log/nginx/access.log
10.2.51.2 - - [09/Aug/2023:02:29:34 +0330] "GET /media/5c30ed5f6d710e9aba1ce3237782b664.jpg HTTP/2.0" 200 298746 "-" "imgproxy/3.18.2" -access_log/var/log/nginx/access.log
5.214.130.117 - - [09/Aug/2023:02:29:34 +0330] "GET /image/proxy/rs:fill:140:100:1/g:sm/s:140:100/plain/https://notenet.ir/media/e77e5acb1dc1dba895806c08a5ff633f.jpeg@webp HTTP/2.0" 200 1560 "https://notenet.ir/p/%D8%B9%D9%84%DB%8C%D8%B1%D8%B6%D8%A7_%D9%82%D8%B1%D8%A8%D8%A7%D9%86%DB%8C/%D8%B4%D8%A8_%D8%AF%D9%87%D9%85?" "Mozilla/5.0 (Linux; Android 10; K) AppleWebKit/537.36 (KHTML, like Gecko) Chrome/115.0.0.0 Mobile Safari/537.36" -access_log/var/log/nginx/access.log
10.2.51.2 - - [09/Aug/2023:02:29:34 +0330] "GET /media/e77e5acb1dc1dba895806c08a5ff633f.jpeg HTTP/2.0" 200 216379 "-" "imgproxy/3.18.2" -access_log/var/log/nginx/access.log
5.214.130.117 - - [09/Aug/2023:02:29:34 +0330] "GET /image/proxy/rs:fill:140:100:1/g:sm/s:140:100/plain/https://notenet.ir/media/97d620cd8eadedaf1e567e8611984b6a.jpg@webp HTTP/2.0" 200 2974 "https://notenet.ir/p/%D8%B9%D9%84%DB%8C%D8%B1%D8%B6%D8%A7_%D9%82%D8%B1%D8%A8%D8%A7%D9%86%DB%8C/%D8%B4%D8%A8_%D8%AF%D9%87%D9%85?" "Mozilla/5.0 (Linux; Android 10; K) AppleWebKit/537.36 (KHTML, like Gecko) Chrome/115.0.0.0 Mobile Safari/537.36" -access_log/var/log/nginx/access.log
10.2.51.2 - - [09/Aug/2023:02:29:34 +0330] "GET /media/97d620cd8eadedaf1e567e8611984b6a.jpg HTTP/2.0" 200 79749 "-" "imgproxy/3.18.2" -access_log/var/log/nginx/access.log
5.214.130.117 - - [09/Aug/2023:02:29:34 +0330] "GET /image/proxy/rs:fill:140:100:1/g:sm/s:140:100/plain/https://notenet.ir/media/2a000326a5629ef697f62bc7fce41003.jpg@webp HTTP/2.0" 200 2154 "https://notenet.ir/p/%D8%B9%D9%84%DB%8C%D8%B1%D8%B6%D8%A7_%D9%82%D8%B1%D8%A8%D8%A7%D9%86%DB%8C/%D8%B4%D8%A8_%D8%AF%D9%87%D9%85?" "Mozilla/5.0 (Linux; Android 10; K) AppleWebKit/537.36 (KHTML, like Gecko) Chrome/115.0.0.0 Mobile Safari/537.36" -access_log/var/log/nginx/access.log
10.2.51.2 - - [09/Aug/2023:02:29:34 +0330] "GET /media/2a000326a5629ef697f62bc7fce41003.jpg HTTP/2.0" 200 218661 "-" "imgproxy/3.18.2" -access_log/var/log/nginx/access.log
5.214.130.117 - - [09/Aug/2023:02:29:36 +0330] "GET /v/media/e81dce0a-4df2-11eb-82ce-ecb1d77bc5d8/bc5ec84089bff8612565555268349155/1080/1080p_000.ts HTTP/2.0" 200 3977140 "https://notenet.ir/" "Mozilla/5.0 (Linux; Android 10; K) AppleWebKit/537.36 (KHTML, like Gecko) Chrome/115.0.0.0 Mobile Safari/537.36" -access_log/var/log/nginx/access.log
5.214.130.117 - - [09/Aug/2023:02:29:47 +0330] "GET /v/media/e81dce0a-4df2-11eb-82ce-ecb1d77bc5d8/bc5ec84089bff8612565555268349155/1080/1080p_001.ts HTTP/2.0" 200 1687280 "https://notenet.ir/" "Mozilla/5.0 (Linux; Android 10; K) AppleWebKit/537.36 (KHTML, like Gecko) Chrome/115.0.0.0 Mobile Safari/537.36" -access_log/var/log/nginx/access.log
40.77.167.202 - - [09/Aug/2023:02:30:09 +0330] "GET /band/SevenBand HTTP/2.0" 200 15345 "-" "Mozilla/5.0 AppleWebKit/537.36 (KHTML, like Gecko; compatible; bingbot/2.0; +http://www.bing.com/bingbot.htm) Chrome/103.0.5060.134 Safari/537.36" -access_log/var/log/nginx/access.log
66.249.64.106 - - [09/Aug/2023:02:30:58 +0330] "GET /artist/SaberKhorasani HTTP/1.1" 200 14728 "-" "Mozilla/5.0 (Linux; Android 6.0.1; Nexus 5X Build/MMB29P) AppleWebKit/537.36 (KHTML, like Gecko) Chrome/114.0.5735.179 Mobile Safari/537.36 (compatible; Googlebot/2.1; +http://www.google.com/bot.html)" -access_log/var/log/nginx/access.log
114.119.137.230 - - [09/Aug/2023:02:31:00 +0330] "GET /p/%D9%85%D8%B9%DB%8C%D9%86_%D8%B2%D8%AF/%D8%AF%D8%B1%DB%8C%D8%A7%D8%A8%D9%85 HTTP/1.1" 302 50273 "-" "Mozilla/5.0 (Linux; Android 7.0;) AppleWebKit/537.36 (KHTML, like Gecko) Mobile Safari/537.36 (compatible; PetalBot;+https://webmaster.petalsearch.com/site/petalbot)" -access_log/var/log/nginx/access.log
114.119.137.230 - - [09/Aug/2023:02:31:01 +0330] "GET /notfound-404 HTTP/1.1" 200 0 "-" "Mozilla/5.0 (Linux; Android 7.0;) AppleWebKit/537.36 (KHTML, like Gecko) Mobile Safari/537.36 (compatible; PetalBot;+https://webmaster.petalsearch.com/site/petalbot)" -access_log/var/log/nginx/access.log
51.222.253.15 - - [09/Aug/2023:02:34:48 +0330] "GET /p/%D8%B1%D8%B6%D8%A7_%D9%85%D8%B1%DB%8C%D8%AF%DB%8C/%D8%B5%D8%AF%D8%A7%DB%8C_%D8%AF%D9%87%D9%84 HTTP/2.0" 200 26389 "-" "Mozilla/5.0 (compatible; AhrefsBot/7.0; +http://ahrefs.com/robot/)" -access_log/var/log/nginx/access.log
66.249.64.106 - - [09/Aug/2023:02:37:17 +0330] "GET /p/%D9%81%D8%B1%D8%B2%D8%A7%D8%AF_%D9%81%D8%B1%D8%AE/%D8%AF%D9%84%D8%A8%D8%B1_%D8%AE%D9%88%D8%B4_%D9%85%D9%87%D8%A7%D8%B1%D8%AA? HTTP/1.1" 200 27184 "-" "Mozilla/5.0 (compatible; Googlebot/2.1; +http://www.google.com/bot.html)" -access_log/var/log/nginx/access.log
54.36.148.81 - - [09/Aug/2023:02:38:01 +0330] "GET /robots.txt HTTP/2.0" 302 0 "-" "Mozilla/5.0 (compatible; AhrefsBot/7.0; +http://ahrefs.com/robot/)" -access_log/var/log/nginx/access.log
54.36.148.81 - - [09/Aug/2023:02:38:01 +0330] "GET /notfound-404 HTTP/2.0" 200 0 "-" "Mozilla/5.0 (compatible; AhrefsBot/7.0; +http://ahrefs.com/robot/)" -access_log/var/log/nginx/access.log
54.36.148.201 - - [09/Aug/2023:02:38:11 +0330] "GET / HTTP/2.0" 200 14829 "-" "Mozilla/5.0 (compatible; AhrefsBot/7.0; +http://ahrefs.com/robot/)" -access_log/var/log/nginx/access.log
66.249.64.105 - - [09/Aug/2023:02:38:36 +0330] "GET /p/%D9%85%D8%B3%D8%B9%D9%88%D8%AF_%D8%B5%D8%A7%D8%AF%D9%82%D9%84%D9%88/%D8%AF%D9%88%D8%A7_%D8%AF%D8%B1%D9%85%D9%88%D9%86 HTTP/1.1" 200 26628 "-" "Mozilla/5.0 (Linux; Android 6.0.1; Nexus 5X Build/MMB29P) AppleWebKit/537.36 (KHTML, like Gecko) Chrome/114.0.5735.179 Mobile Safari/537.36 (compatible; Googlebot/2.1; +http://www.google.com/bot.html)" -access_log/var/log/nginx/access.log
216.244.66.236 - - [09/Aug/2023:02:38:40 +0330] "GET /p/%D8%A2%D8%B1%DB%8C%D8%A7_%D8%A7%D9%85%D8%AC%D8%AF/%D8%AF%D9%84_%D8%B2%D8%A7%D8%B1?artist=62c144347a1a6870d72c7ca0 HTTP/1.1" 200 84738 "-" "Mozilla/5.0 (compatible; DotBot/1.2; +https://opensiteexplorer.org/dotbot; help@moz.com)" -access_log/var/log/nginx/access.log
216.244.66.236 - - [09/Aug/2023:02:40:36 +0330] "GET /p/%D9%85%D8%B3%DB%8C%D8%AD_%D9%88_%D8%A2%D8%B1%D8%B4/%DB%8C%D8%A7_%D8%A8%DB%8C%D8%A7_%DB%8C%D8%A7_%D9%85%DB%8C%D8%A7%D9%85 HTTP/1.1" 200 154648 "-" "Mozilla/5.0 (compatible; DotBot/1.2; +https://opensiteexplorer.org/dotbot; help@moz.com)" -access_log/var/log/nginx/access.log
216.244.66.236 - - [09/Aug/2023:02:41:45 +0330] "GET /p/%D8%B4%D8%A7%D9%87%DB%8C%D9%86_%D8%A8%D9%86%D8%A7%D9%86/%DA%86%D8%A7%D9%84_%D8%B1%D9%88_%DA%AF%D9%88%D9%86%D9%87%E2%80%8C%D8%A7%D8%AA_(%DA%86%D8%B4%D9%85%D8%A7%DB%8C_%D8%AF%D8%B1%DB%8C%D8%A7%DB%8C%DB%8C) HTTP/1.1" 200 165866 "-" "Mozilla/5.0 (compatible; DotBot/1.2; +https://opensiteexplorer.org/dotbot; help@moz.com)" -access_log/var/log/nginx/access.log
85.208.96.195 - - [09/Aug/2023:02:42:46 +0330] "GET /p/%D9%87%D9%88%D8%B1%D8%B4_%D8%A8%D9%86%D8%AF/%D8%A2%D9%87%D8%A7%DB%8C HTTP/1.1" 200 25430 "-" "Mozilla/5.0 (compatible; SemrushBot/7~bl; +http://www.semrush.com/bot.html)" -access_log/var/log/nginx/access.log
