5.214.143.253 - - [09/Aug/2023:01:19:05 +0330] "GET /image/proxy/rs:fill:140:100:1/g:sm/s:140:100/plain/https://notenet.ir/media/b7bab37eb80fc9034104c3f041081150.jpg@webp HTTP/2.0" 200 2934 "https://notenet.ir/p/%D8%B9%D8%B1%D9%81%D8%A7%D9%86_%D8%B7%D9%87%D9%85%D8%A7%D8%B3%D8%A8%DB%8C/%D8%A8%DB%8C_%D9%85%D9%86?" "Mozilla/5.0 (Linux; Android 10; K) AppleWebKit/537.36 (KHTML, like Gecko) Chrome/115.0.0.0 Mobile Safari/537.36" -access_log/var/log/nginx/access.log
5.214.143.253 - - [09/Aug/2023:01:19:05 +0330] "GET /image/proxy/rs:fill:140:100:1/g:sm/s:140:100/plain/https://notenet.ir/media/b15f4e816a3e8ce516868bd445c706d7.jpg@webp HTTP/2.0" 200 1874 "https://notenet.ir/p/%D8%B9%D8%B1%D9%81%D8%A7%D9%86_%D8%B7%D9%87%D9%85%D8%A7%D8%B3%D8%A8%DB%8C/%D8%A8%DB%8C_%D9%85%D9%86?" "Mozilla/5.0 (Linux; Android 10; K) AppleWebKit/537.36 (KHTML, like Gecko) Chrome/115.0.0.0 Mobile Safari/537.36" -access_log/var/log/nginx/access.log
10.2.51.2 - - [09/Aug/2023:01:19:05 +0330] "GET /media/6efe3a7d220cea5bc732c0058d4d9616.jpg HTTP/2.0" 200 142325 "-" "imgproxy/3.18.2" -access_log/var/log/nginx/access.log
10.2.51.2 - - [09/Aug/2023:01:19:05 +0330] "GET /media/b15f4e816a3e8ce516868bd445c706d7.jpg HTTP/2.0" 200 187093 "-" "imgproxy/3.18.2" -access_log/var/log/nginx/access.log
10.2.51.2 - - [09/Aug/2023:01:19:05 +0330] "GET /media/b7bab37eb80fc9034104c3f041081150.jpg HTTP/2.0" 200 388131 "-" "imgproxy/3.18.2" -access_log/var/log/nginx/access.log
5.214.143.253 - - [09/Aug/2023:01:19:05 +0330] "GET /image/proxy/rs:fill:140:100:1/g:sm/s:140:100/plain/https://notenet.ir/media/8cd47aa11f4674a12dc2506960580776.jpg@webp HTTP/2.0" 200 2642 "https://notenet.ir/p/%D8%B9%D8%B1%D9%81%D8%A7%D9%86_%D8%B7%D9%87%D9%85%D8%A7%D8%B3%D8%A8%DB%8C/%D8%A8%DB%8C_%D9%85%D9%86?" "Mozilla/5.0 (Linux; Android 10; K) AppleWebKit/537.36 (KHTML, like Gecko) Chrome/115.0.0.0 Mobile Safari/537.36" -access_log/var/log/nginx/access.log
5.214.143.253 - - [09/Aug/2023:01:19:05 +0330] "GET /image/proxy/rs:fill:140:100:1/g:sm/s:140:100/plain/https://notenet.ir/media/9237c2807f6f3ae9ccd07d09e0c6d424.jpg@webp HTTP/2.0" 200 2602 "https://notenet.ir/p/%D8%B9%D8%B1%D9%81%D8%A7%D9%86_%D8%B7%D9%87%D9%85%D8%A7%D8%B3%D8%A8%DB%8C/%D8%A8%DB%8C_%D9%85%D9%86?" "Mozilla/5.0 (Linux; Android 10; K) AppleWebKit/537.36 (KHTML, like Gecko) Chrome/115.0.0.0 Mobile Safari/537.36" -access_log/var/log/nginx/access.log
5.214.143.253 - - [09/Aug/2023:01:19:05 +0330] "GET /image/proxy/rs:fill:140:100:1/g:sm/s:140:100/plain/https://notenet.ir/media/6ac3105569ec5424957fa7a33837ee26.jpg@webp HTTP/2.0" 200 2384 "https://notenet.ir/p/%D8%B9%D8%B1%D9%81%D8%A7%D9%86_%D8%B7%D9%87%D9%85%D8%A7%D8%B3%D8%A8%DB%8C/%D8%A8%DB%8C_%D9%85%D9%86?" "Mozilla/5.0 (Linux; Android 10; K) AppleWebKit/537.36 (KHTML, like Gecko) Chrome/115.0.0.0 Mobile Safari/537.36" -access_log/var/log/nginx/access.log
5.214.143.253 - - [09/Aug/2023:01:19:05 +0330] "GET /image/proxy/rs:fill:140:100:1/g:sm/s:140:100/plain/https://notenet.ir/media/e563b533f2a8b670fcaa113a2d8b08b2.jpg@webp HTTP/2.0" 200 2452 "https://notenet.ir/p/%D8%B9%D8%B1%D9%81%D8%A7%D9%86_%D8%B7%D9%87%D9%85%D8%A7%D8%B3%D8%A8%DB%8C/%D8%A8%DB%8C_%D9%85%D9%86?" "Mozilla/5.0 (Linux; Android 10; K) AppleWebKit/537.36 (KHTML, like Gecko) Chrome/115.0.0.0 Mobile Safari/537.36" -access_log/var/log/nginx/access.log
5.214.143.253 - - [09/Aug/2023:01:19:05 +0330] "GET /image/proxy/rs:fill:140:100:1/g:sm/s:140:100/plain/https://notenet.ir/media/b33c6ade36f7a044a5667333d82f13e6.jpg@webp HTTP/2.0" 200 2728 "https://notenet.ir/p/%D8%B9%D8%B1%D9%81%D8%A7%D9%86_%D8%B7%D9%87%D9%85%D8%A7%D8%B3%D8%A8%DB%8C/%D8%A8%DB%8C_%D9%85%D9%86?" "Mozilla/5.0 (Linux; Android 10; K) AppleWebKit/537.36 (KHTML, like Gecko) Chrome/115.0.0.0 Mobile Safari/537.36" -access_log/var/log/nginx/access.log
5.214.143.253 - - [09/Aug/2023:01:19:06 +0330] "GET /v/media/e81dce0a-4df2-11eb-82ce-ecb1d77bc5d8/b682d892b5d106099537ef78a29b91b0/b682d892b5d106099537ef78a29b91b0.m3u8 HTTP/2.0" 200 308 "https://notenet.ir/" "Mozilla/5.0 (Linux; Android 10; K) AppleWebKit/537.36 (KHTML, like Gecko) Chrome/115.0.0.0 Mobile Safari/537.36" -access_log/var/log/nginx/access.log
5.214.143.253 - - [09/Aug/2023:01:19:06 +0330] "GET /v/media/e81dce0a-4df2-11eb-82ce-ecb1d77bc5d8/b682d892b5d106099537ef78a29b91b0/480/480p.m3u8 HTTP/2.0" 200 839 "https://notenet.ir/" "Mozilla/5.0 (Linux; Android 10; K) AppleWebKit/537.36 (KHTML, like Gecko) Chrome/115.0.0.0 Mobile Safari/537.36" -access_log/var/log/nginx/access.log
5.214.143.253 - - [09/Aug/2023:01:19:07 +0330] "GET /image/proxy/rs:fill:140:100:1/g:sm/s:140:100/plain/https://notenet.ir/media/ae03bee9355c6c64ebabd3a099094bb7.jpg@webp HTTP/2.0" 200 2680 "https://notenet.ir/p/%D8%B9%D8%B1%D9%81%D8%A7%D9%86_%D8%B7%D9%87%D9%85%D8%A7%D8%B3%D8%A8%DB%8C/%D8%A8%DB%8C_%D9%85%D9%86?" "Mozilla/5.0 (Linux; Android 10; K) AppleWebKit/537.36 (KHTML, like Gecko) Chrome/115.0.0.0 Mobile Safari/537.36" -access_log/var/log/nginx/access.log
5.214.143.253 - - [09/Aug/2023:01:19:07 +0330] "GET /v/media/e81dce0a-4df2-11eb-82ce-ecb1d77bc5d8/b682d892b5d106099537ef78a29b91b0/480/480p_000.ts HTTP/2.0" 200 1319196 "https://notenet.ir/" "Mozilla/5.0 (Linux; Android 10; K) AppleWebKit/537.36 (KHTML, like Gecko) Chrome/115.0.0.0 Mobile Safari/537.36" -access_log/var/log/nginx/access.log
5.214.143.253 - - [09/Aug/2023:01:19:10 +0330] "GET /image/proxy/rs:fill:140:100:1/g:sm/s:140:100/plain/https://notenet.ir/media/ffb1c7136eb400d9464b9cf05513b1a6.jpg@webp HTTP/2.0" 200 2250 "https://notenet.ir/p/%D8%B9%D8%B1%D9%81%D8%A7%D9%86_%D8%B7%D9%87%D9%85%D8%A7%D8%B3%D8%A8%DB%8C/%D8%A8%DB%8C_%D9%85%D9%86?" "Mozilla/5.0 (Linux; Android 10; K) AppleWebKit/537.36 (KHTML, like Gecko) Chrome/115.0.0.0 Mobile Safari/537.36" -access_log/var/log/nginx/access.log
10.2.51.2 - - [09/Aug/2023:01:19:10 +0330] "GET /media/ffb1c7136eb400d9464b9cf05513b1a6.jpg HTTP/2.0" 200 203149 "-" "imgproxy/3.18.2" -access_log/var/log/nginx/access.log
5.214.143.253 - - [09/Aug/2023:01:19:10 +0330] "GET /image/proxy/rs:fill:140:100:1/g:sm/s:140:100/plain/https://notenet.ir/media/5034d28ab2d419a29d7e20a910b1a201.jpg@webp HTTP/2.0" 200 1786 "https://notenet.ir/p/%D8%B9%D8%B1%D9%81%D8%A7%D9%86_%D8%B7%D9%87%D9%85%D8%A7%D8%B3%D8%A8%DB%8C/%D8%A8%DB%8C_%D9%85%D9%86?" "Mozilla/5.0 (Linux; Android 10; K) AppleWebKit/537.36 (KHTML, like Gecko) Chrome/115.0.0.0 Mobile Safari/537.36" -access_log/var/log/nginx/access.log
10.2.51.2 - - [09/Aug/2023:01:19:10 +0330] "GET /media/5034d28ab2d419a29d7e20a910b1a201.jpg HTTP/2.0" 200 15202 "-" "imgproxy/3.18.2" -access_log/var/log/nginx/access.log
5.214.143.253 - - [09/Aug/2023:01:19:10 +0330] "GET /image/proxy/rs:fill:140:100:1/g:sm/s:140:100/plain/https://notenet.ir/media/9b2141d0c0c137ae23de6745c5fca244.jpg@webp HTTP/2.0" 200 2818 "https://notenet.ir/p/%D8%B9%D8%B1%D9%81%D8%A7%D9%86_%D8%B7%D9%87%D9%85%D8%A7%D8%B3%D8%A8%DB%8C/%D8%A8%DB%8C_%D9%85%D9%86?" "Mozilla/5.0 (Linux; Android 10; K) AppleWebKit/537.36 (KHTML, like Gecko) Chrome/115.0.0.0 Mobile Safari/537.36" -access_log/var/log/nginx/access.log
10.2.51.2 - - [09/Aug/2023:01:19:10 +0330] "GET /media/9b2141d0c0c137ae23de6745c5fca244.jpg HTTP/2.0" 200 25607 "-" "imgproxy/3.18.2" -access_log/var/log/nginx/access.log
5.214.143.253 - - [09/Aug/2023:01:19:10 +0330] "GET /image/proxy/rs:fill:140:100:1/g:sm/s:140:100/plain/https://notenet.ir/media/93072cb364a970f6b3340577d6a0e30e.jpg@webp HTTP/2.0" 200 1416 "https://notenet.ir/p/%D8%B9%D8%B1%D9%81%D8%A7%D9%86_%D8%B7%D9%87%D9%85%D8%A7%D8%B3%D8%A8%DB%8C/%D8%A8%DB%8C_%D9%85%D9%86?" "Mozilla/5.0 (Linux; Android 10; K) AppleWebKit/537.36 (KHTML, like Gecko) Chrome/115.0.0.0 Mobile Safari/537.36" -access_log/var/log/nginx/access.log
10.2.51.2 - - [09/Aug/2023:01:19:10 +0330] "GET /media/93072cb364a970f6b3340577d6a0e30e.jpg HTTP/2.0" 200 22635 "-" "imgproxy/3.18.2" -access_log/var/log/nginx/access.log
5.214.143.253 - - [09/Aug/2023:01:19:10 +0330] "GET /image/proxy/rs:fill:140:100:1/g:sm/s:140:100/plain/https://notenet.ir/media/0dd5be0ffa4a44d13ebd5147cfa9e4d0.jpg@webp HTTP/2.0" 200 3104 "https://notenet.ir/p/%D8%B9%D8%B1%D9%81%D8%A7%D9%86_%D8%B7%D9%87%D9%85%D8%A7%D8%B3%D8%A8%DB%8C/%D8%A8%DB%8C_%D9%85%D9%86?" "Mozilla/5.0 (Linux; Android 10; K) AppleWebKit/537.36 (KHTML, like Gecko) Chrome/115.0.0.0 Mobile Safari/537.36" -access_log/var/log/nginx/access.log
10.2.51.2 - - [09/Aug/2023:01:19:10 +0330] "GET /media/0dd5be0ffa4a44d13ebd5147cfa9e4d0.jpg HTTP/2.0" 200 34047 "-" "imgproxy/3.18.2" -access_log/var/log/nginx/access.log
5.214.143.253 - - [09/Aug/2023:01:19:10 +0330] "GET /image/proxy/rs:fill:140:100:1/g:sm/s:140:100/plain/https://notenet.ir/media/5c30ed5f6d710e9aba1ce3237782b664.jpg@webp HTTP/2.0" 200 4322 "https://notenet.ir/p/%D8%B9%D8%B1%D9%81%D8%A7%D9%86_%D8%B7%D9%87%D9%85%D8%A7%D8%B3%D8%A8%DB%8C/%D8%A8%DB%8C_%D9%85%D9%86?" "Mozilla/5.0 (Linux; Android 10; K) AppleWebKit/537.36 (KHTML, like Gecko) Chrome/115.0.0.0 Mobile Safari/537.36" -access_log/var/log/nginx/access.log
10.2.51.2 - - [09/Aug/2023:01:19:10 +0330] "GET /media/5c30ed5f6d710e9aba1ce3237782b664.jpg HTTP/2.0" 200 298746 "-" "imgproxy/3.18.2" -access_log/var/log/nginx/access.log
10.2.51.2 - - [09/Aug/2023:01:19:10 +0330] "GET /media/97d620cd8eadedaf1e567e8611984b6a.jpg HTTP/2.0" 200 79749 "-" "imgproxy/3.18.2" -access_log/var/log/nginx/access.log
5.214.143.253 - - [09/Aug/2023:01:19:10 +0330] "GET /image/proxy/rs:fill:140:100:1/g:sm/s:140:100/plain/https://notenet.ir/media/97d620cd8eadedaf1e567e8611984b6a.jpg@webp HTTP/2.0" 200 2974 "https://notenet.ir/p/%D8%B9%D8%B1%D9%81%D8%A7%D9%86_%D8%B7%D9%87%D9%85%D8%A7%D8%B3%D8%A8%DB%8C/%D8%A8%DB%8C_%D9%85%D9%86?" "Mozilla/5.0 (Linux; Android 10; K) AppleWebKit/537.36 (KHTML, like Gecko) Chrome/115.0.0.0 Mobile Safari/537.36" -access_log/var/log/nginx/access.log
5.214.143.253 - - [09/Aug/2023:01:19:19 +0330] "GET /categories HTTP/2.0" 200 13938 "https://notenet.ir/p/%D8%B9%D8%B1%D9%81%D8%A7%D9%86_%D8%B7%D9%87%D9%85%D8%A7%D8%B3%D8%A8%DB%8C/%D8%A8%DB%8C_%D9%85%D9%86?" "Mozilla/5.0 (Linux; Android 10; K) AppleWebKit/537.36 (KHTML, like Gecko) Chrome/115.0.0.0 Mobile Safari/537.36" -access_log/var/log/nginx/access.log
5.214.143.253 - - [09/Aug/2023:01:19:19 +0330] "GET /image/proxy/rs:fill:540:206:1/g:sm/s:540:206/plain/https://notenet.ir/media/d5e7fb26485ba589fab6cd058a5ef711.jpg@webp HTTP/2.0" 200 9042 "https://notenet.ir/categories" "Mozilla/5.0 (Linux; Android 10; K) AppleWebKit/537.36 (KHTML, like Gecko) Chrome/115.0.0.0 Mobile Safari/537.36" -access_log/var/log/nginx/access.log
5.214.143.253 - - [09/Aug/2023:01:19:19 +0330] "GET /image/proxy/rs:fill:540:206:1/g:sm/s:540:206/plain/https://notenet.ir/media/3b0722daa6b67bd93eb336f2a4f17970.jpg@webp HTTP/2.0" 200 11186 "https://notenet.ir/categories" "Mozilla/5.0 (Linux; Android 10; K) AppleWebKit/537.36 (KHTML, like Gecko) Chrome/115.0.0.0 Mobile Safari/537.36" -access_log/var/log/nginx/access.log
5.214.143.253 - - [09/Aug/2023:01:19:19 +0330] "GET /image/proxy/rs:fill:540:206:1/g:sm/s:540:206/plain/https://notenet.ir/media/398433a37bbbc33f8271a5961ec369a6.jpg@webp HTTP/2.0" 200 8484 "https://notenet.ir/categories" "Mozilla/5.0 (Linux; Android 10; K) AppleWebKit/537.36 (KHTML, like Gecko) Chrome/115.0.0.0 Mobile Safari/537.36" -access_log/var/log/nginx/access.log
5.214.143.253 - - [09/Aug/2023:01:19:19 +0330] "GET /image/proxy/rs:fill:540:206:1/g:sm/s:540:206/plain/https://notenet.ir/media/4a5b922d0adec11816eee04986ede551.jpg@webp HTTP/2.0" 200 11140 "https://notenet.ir/categories" "Mozilla/5.0 (Linux; Android 10; K) AppleWebKit/537.36 (KHTML, like Gecko) Chrome/115.0.0.0 Mobile Safari/537.36" -access_log/var/log/nginx/access.log
5.214.143.253 - - [09/Aug/2023:01:19:19 +0330] "GET /image/proxy/rs:fill:540:206:1/g:sm/s:540:206/plain/https://notenet.ir/media/17a8809c0c30eff233e88c92806d0006.jpg@webp HTTP/2.0" 200 13166 "https://notenet.ir/categories" "Mozilla/5.0 (Linux; Android 10; K) AppleWebKit/537.36 (KHTML, like Gecko) Chrome/115.0.0.0 Mobile Safari/537.36" -access_log/var/log/nginx/access.log
10.2.51.2 - - [09/Aug/2023:01:19:19 +0330] "GET /media/d5e7fb26485ba589fab6cd058a5ef711.jpg HTTP/2.0" 200 1873934 "-" "imgproxy/3.18.2" -access_log/var/log/nginx/access.log
5.214.143.253 - - [09/Aug/2023:01:19:19 +0330] "GET /image/proxy/rs:fill:540:206:1/g:sm/s:540:206/plain/https://notenet.ir/media/6876e8cdb80d7206ee2b2d371df72877.jpg@webp HTTP/2.0" 200 17126 "https://notenet.ir/categories" "Mozilla/5.0 (Linux; Android 10; K) AppleWebKit/537.36 (KHTML, like Gecko) Chrome/115.0.0.0 Mobile Safari/537.36" -access_log/var/log/nginx/access.log
5.214.143.253 - - [09/Aug/2023:01:19:19 +0330] "GET /image/proxy/rs:fill:540:206:1/g:sm/s:540:206/plain/https://notenet.ir/media/96c1c9c303b69eda7097c5cef4f2cf3b.jpg@webp HTTP/2.0" 200 8834 "https://notenet.ir/categories" "Mozilla/5.0 (Linux; Android 10; K) AppleWebKit/537.36 (KHTML, like Gecko) Chrome/115.0.0.0 Mobile Safari/537.36" -access_log/var/log/nginx/access.log
5.214.143.253 - - [09/Aug/2023:01:19:19 +0330] "GET /image/proxy/rs:fill:540:206:1/g:sm/s:540:206/plain/https://notenet.ir/media/d904c281b5d4728880f8e91354c575c2.jpg@webp HTTP/2.0" 200 9134 "https://notenet.ir/categories" "Mozilla/5.0 (Linux; Android 10; K) AppleWebKit/537.36 (KHTML, like Gecko) Chrome/115.0.0.0 Mobile Safari/537.36" -access_log/var/log/nginx/access.log
5.214.143.253 - - [09/Aug/2023:01:19:19 +0330] "GET /image/proxy/rs:fill:540:206:1/g:sm/s:540:206/plain/https://notenet.ir/media/4c0ab44a44f10c387099f26ecdc62057.jpg@webp HTTP/2.0" 200 16716 "https://notenet.ir/categories" "Mozilla/5.0 (Linux; Android 10; K) AppleWebKit/537.36 (KHTML, like Gecko) Chrome/115.0.0.0 Mobile Safari/537.36" -access_log/var/log/nginx/access.log
5.214.143.253 - - [09/Aug/2023:01:19:19 +0330] "GET /image/proxy/rs:fill:540:206:1/g:sm/s:540:206/plain/https://notenet.ir/media/b5f3f3cbfbaa1309530f0494bb71059b.jpg@webp HTTP/2.0" 200 25146 "https://notenet.ir/categories" "Mozilla/5.0 (Linux; Android 10; K) AppleWebKit/537.36 (KHTML, like Gecko) Chrome/115.0.0.0 Mobile Safari/537.36" -access_log/var/log/nginx/access.log
5.214.143.253 - - [09/Aug/2023:01:19:19 +0330] "GET /image/proxy/rs:fill:540:206:1/g:sm/s:540:206/plain/https://notenet.ir/media/7690af0507aa5e0f89913380bf763b91.jpg@webp HTTP/2.0" 200 22352 "https://notenet.ir/categories" "Mozilla/5.0 (Linux; Android 10; K) AppleWebKit/537.36 (KHTML, like Gecko) Chrome/115.0.0.0 Mobile Safari/537.36" -access_log/var/log/nginx/access.log
10.2.51.2 - - [09/Aug/2023:01:19:19 +0330] "GET /media/398433a37bbbc33f8271a5961ec369a6.jpg HTTP/2.0" 200 58831 "-" "imgproxy/3.18.2" -access_log/var/log/nginx/access.log
10.2.51.2 - - [09/Aug/2023:01:19:19 +0330] "GET /media/3b0722daa6b67bd93eb336f2a4f17970.jpg HTTP/2.0" 200 141316 "-" "imgproxy/3.18.2" -access_log/var/log/nginx/access.log
10.2.51.2 - - [09/Aug/2023:01:19:19 +0330] "GET /media/96c1c9c303b69eda7097c5cef4f2cf3b.jpg HTTP/2.0" 200 54786 "-" "imgproxy/3.18.2" -access_log/var/log/nginx/access.log
10.2.51.2 - - [09/Aug/2023:01:19:19 +0330] "GET /media/b5f3f3cbfbaa1309530f0494bb71059b.jpg HTTP/2.0" 200 227757 "-" "imgproxy/3.18.2" -access_log/var/log/nginx/access.log
10.2.51.2 - - [09/Aug/2023:01:19:19 +0330] "GET /media/17a8809c0c30eff233e88c92806d0006.jpg HTTP/2.0" 200 277162 "-" "imgproxy/3.18.2" -access_log/var/log/nginx/access.log
10.2.51.2 - - [09/Aug/2023:01:19:19 +0330] "GET /media/4a5b922d0adec11816eee04986ede551.jpg HTTP/2.0" 200 2836894 "-" "imgproxy/3.18.2" -access_log/var/log/nginx/access.log
10.2.51.2 - - [09/Aug/2023:01:19:19 +0330] "GET /media/6876e8cdb80d7206ee2b2d371df72877.jpg HTTP/2.0" 200 132547 "-" "imgproxy/3.18.2" -access_log/var/log/nginx/access.log
10.2.51.2 - - [09/Aug/2023:01:19:19 +0330] "GET /media/7690af0507aa5e0f89913380bf763b91.jpg HTTP/2.0" 200 167639 "-" "imgproxy/3.18.2" -access_log/var/log/nginx/access.log
10.2.51.2 - - [09/Aug/2023:01:19:19 +0330] "GET /media/4c0ab44a44f10c387099f26ecdc62057.jpg HTTP/2.0" 200 1350141 "-" "imgproxy/3.18.2" -access_log/var/log/nginx/access.log
10.2.51.2 - - [09/Aug/2023:01:19:19 +0330] "GET /media/d904c281b5d4728880f8e91354c575c2.jpg HTTP/2.0" 200 1230789 "-" "imgproxy/3.18.2" -access_log/var/log/nginx/access.log
5.214.143.253 - - [09/Aug/2023:01:19:20 +0330] "GET /media/favicon/6e922c4dbabb9a3c895f5121ae335d58.png HTTP/2.0" 200 6227 "https://notenet.ir/categories" "Mozilla/5.0 (Linux; Android 10; K) AppleWebKit/537.36 (KHTML, like Gecko) Chrome/115.0.0.0 Mobile Safari/537.36" -access_log/var/log/nginx/access.log
5.214.143.253 - - [09/Aug/2023:01:19:24 +0330] "GET /category/Folk HTTP/2.0" 200 20163 "https://notenet.ir/categories" "Mozilla/5.0 (Linux; Android 10; K) AppleWebKit/537.36 (KHTML, like Gecko) Chrome/115.0.0.0 Mobile Safari/537.36" -access_log/var/log/nginx/access.log
5.214.143.253 - - [09/Aug/2023:01:19:24 +0330] "GET /static/img/svg/Play.svg HTTP/2.0" 200 1174 "https://notenet.ir/static/css/main.css" "Mozilla/5.0 (Linux; Android 10; K) AppleWebKit/537.36 (KHTML, like Gecko) Chrome/115.0.0.0 Mobile Safari/537.36" -access_log/var/log/nginx/access.log
5.214.143.253 - - [09/Aug/2023:01:19:24 +0330] "GET /static/static/img/Banner01-Desktop.jpg HTTP/2.0" 302 0 "https://notenet.ir/static/css/main.css" "Mozilla/5.0 (Linux; Android 10; K) AppleWebKit/537.36 (KHTML, like Gecko) Chrome/115.0.0.0 Mobile Safari/537.36" -access_log/var/log/nginx/access.log
10.2.51.2 - - [09/Aug/2023:01:19:24 +0330] "GET /media/f6a8f722105791e96165f27df79ca476.jpg HTTP/2.0" 200 325169 "-" "imgproxy/3.18.2" -access_log/var/log/nginx/access.log
10.2.51.2 - - [09/Aug/2023:01:19:24 +0330] "GET /media/e90f135f3f53f8094fed48c65bdc00eb.jpg HTTP/2.0" 200 54439 "-" "imgproxy/3.18.2" -access_log/var/log/nginx/access.log
10.2.51.2 - - [09/Aug/2023:01:19:24 +0330] "GET /media/d84512225a8522c1fd701e4140c135e1.jpg HTTP/2.0" 200 61099 "-" "imgproxy/3.18.2" -access_log/var/log/nginx/access.log
10.2.51.2 - - [09/Aug/2023:01:19:24 +0330] "GET /media/81cf93d747fd824e5832e69e97cc1f3f.jpg HTTP/2.0" 200 94469 "-" "imgproxy/3.18.2" -access_log/var/log/nginx/access.log
10.2.51.2 - - [09/Aug/2023:01:19:24 +0330] "GET /media/12d228d9db5bdb32e27a99d511081a08.jpg HTTP/2.0" 200 20715 "-" "imgproxy/3.18.2" -access_log/var/log/nginx/access.log
10.2.51.2 - - [09/Aug/2023:01:19:24 +0330] "GET /media/92f32d9d33bc3e8c006e98d71e78d646.jpeg HTTP/2.0" 200 28066 "-" "imgproxy/3.18.2" -access_log/var/log/nginx/access.log
10.2.51.2 - - [09/Aug/2023:01:19:24 +0330] "GET /media/665ea796db5836afa83b6c0d0c9abb5b.jpg HTTP/2.0" 200 748676 "-" "imgproxy/3.18.2" -access_log/var/log/nginx/access.log
10.2.51.2 - - [09/Aug/2023:01:19:24 +0330] "GET /media/32c5e96c927a02fd8b528d2bd1b22f35.jpg HTTP/2.0" 200 29151 "-" "imgproxy/3.18.2" -access_log/var/log/nginx/access.log
10.2.51.2 - - [09/Aug/2023:01:19:24 +0330] "GET /media/2215c4d6af4677d42d1b925d53b37e30.jpg HTTP/2.0" 200 122386 "-" "imgproxy/3.18.2" -access_log/var/log/nginx/access.log
10.2.51.2 - - [09/Aug/2023:01:19:24 +0330] "GET /media/f52abb28e6cac29225de50e0bed211d8.jpg HTTP/2.0" 200 34976 "-" "imgproxy/3.18.2" -access_log/var/log/nginx/access.log
5.214.143.253 - - [09/Aug/2023:01:19:24 +0330] "GET /image/proxy/rs:fill:230:230:1/g:sm/s:230:230/plain/https://notenet.ir/media/e90f135f3f53f8094fed48c65bdc00eb.jpg@webp HTTP/2.0" 200 9300 "https://notenet.ir/category/Folk" "Mozilla/5.0 (Linux; Android 10; K) AppleWebKit/537.36 (KHTML, like Gecko) Chrome/115.0.0.0 Mobile Safari/537.36" -access_log/var/log/nginx/access.log
5.214.143.253 - - [09/Aug/2023:01:19:24 +0330] "GET /image/proxy/rs:fill:230:230:1/g:sm/s:230:230/plain/https://notenet.ir/media/d84512225a8522c1fd701e4140c135e1.jpg@webp HTTP/2.0" 200 10892 "https://notenet.ir/category/Folk" "Mozilla/5.0 (Linux; Android 10; K) AppleWebKit/537.36 (KHTML, like Gecko) Chrome/115.0.0.0 Mobile Safari/537.36" -access_log/var/log/nginx/access.log
5.214.143.253 - - [09/Aug/2023:01:19:24 +0330] "GET /image/proxy/rs:fill:230:230:1/g:sm/s:230:230/plain/https://notenet.ir/media/92f32d9d33bc3e8c006e98d71e78d646.jpeg@webp HTTP/2.0" 200 9200 "https://notenet.ir/category/Folk" "Mozilla/5.0 (Linux; Android 10; K) AppleWebKit/537.36 (KHTML, like Gecko) Chrome/115.0.0.0 Mobile Safari/537.36" -access_log/var/log/nginx/access.log
5.214.143.253 - - [09/Aug/2023:01:19:24 +0330] "GET /image/proxy/rs:fill:230:230:1/g:sm/s:230:230/plain/https://notenet.ir/media/12d228d9db5bdb32e27a99d511081a08.jpg@webp HTTP/2.0" 200 7278 "https://notenet.ir/category/Folk" "Mozilla/5.0 (Linux; Android 10; K) AppleWebKit/537.36 (KHTML, like Gecko) Chrome/115.0.0.0 Mobile Safari/537.36" -access_log/var/log/nginx/access.log
5.214.143.253 - - [09/Aug/2023:01:19:24 +0330] "GET /image/proxy/rs:fill:230:230:1/g:sm/s:230:230/plain/https://notenet.ir/media/f6a8f722105791e96165f27df79ca476.jpg@webp HTTP/2.0" 200 9462 "https://notenet.ir/category/Folk" "Mozilla/5.0 (Linux; Android 10; K) AppleWebKit/537.36 (KHTML, like Gecko) Chrome/115.0.0.0 Mobile Safari/537.36" -access_log/var/log/nginx/access.log
5.214.143.253 - - [09/Aug/2023:01:19:24 +0330] "GET /image/proxy/rs:fill:540:180:1/g:sm/s:540:180/plain/https://notenet.ir/media/81cf93d747fd824e5832e69e97cc1f3f.jpg@webp HTTP/2.0" 200 18208 "https://notenet.ir/category/Folk" "Mozilla/5.0 (Linux; Android 10; K) AppleWebKit/537.36 (KHTML, like Gecko) Chrome/115.0.0.0 Mobile Safari/537.36" -access_log/var/log/nginx/access.log
5.214.143.253 - - [09/Aug/2023:01:19:24 +0330] "GET /image/proxy/rs:fill:230:230:1/g:sm/s:230:230/plain/https://notenet.ir/media/f52abb28e6cac29225de50e0bed211d8.jpg@webp HTTP/2.0" 200 9036 "https://notenet.ir/category/Folk" "Mozilla/5.0 (Linux; Android 10; K) AppleWebKit/537.36 (KHTML, like Gecko) Chrome/115.0.0.0 Mobile Safari/537.36" -access_log/var/log/nginx/access.log
5.214.143.253 - - [09/Aug/2023:01:19:24 +0330] "GET /image/proxy/rs:fill:230:230:1/g:sm/s:230:230/plain/https://notenet.ir/media/32c5e96c927a02fd8b528d2bd1b22f35.jpg@webp HTTP/2.0" 200 11152 "https://notenet.ir/category/Folk" "Mozilla/5.0 (Linux; Android 10; K) AppleWebKit/537.36 (KHTML, like Gecko) Chrome/115.0.0.0 Mobile Safari/537.36" -access_log/var/log/nginx/access.log
5.214.143.253 - - [09/Aug/2023:01:19:24 +0330] "GET /image/proxy/rs:fill:230:230:1/g:sm/s:230:230/plain/https://notenet.ir/media/2215c4d6af4677d42d1b925d53b37e30.jpg@webp HTTP/2.0" 200 7906 "https://notenet.ir/category/Folk" "Mozilla/5.0 (Linux; Android 10; K) AppleWebKit/537.36 (KHTML, like Gecko) Chrome/115.0.0.0 Mobile Safari/537.36" -access_log/var/log/nginx/access.log
5.214.143.253 - - [09/Aug/2023:01:19:24 +0330] "GET /image/proxy/rs:fill:230:230:1/g:sm/s:230:230/plain/https://notenet.ir/media/88de1ba085adefc53ed2897f8382fe05.jpg@webp HTTP/2.0" 200 7434 "https://notenet.ir/category/Folk" "Mozilla/5.0 (Linux; Android 10; K) AppleWebKit/537.36 (KHTML, like Gecko) Chrome/115.0.0.0 Mobile Safari/537.36" -access_log/var/log/nginx/access.log
10.2.51.2 - - [09/Aug/2023:01:19:24 +0330] "GET /media/6e6909783dbe8e4a08ee3ef12c6555f7.jpg HTTP/2.0" 200 25781 "-" "imgproxy/3.18.2" -access_log/var/log/nginx/access.log
10.2.51.2 - - [09/Aug/2023:01:19:24 +0330] "GET /media/71f8dc63c01bbfbfdd8c2b0e2e0345d6.jpg HTTP/2.0" 200 17228 "-" "imgproxy/3.18.2" -access_log/var/log/nginx/access.log
10.2.51.2 - - [09/Aug/2023:01:19:24 +0330] "GET /media/5c0122b4b01d5bc6d15e7e5c52f1dbf7.jpg HTTP/2.0" 200 60867 "-" "imgproxy/3.18.2" -access_log/var/log/nginx/access.log
10.2.51.2 - - [09/Aug/2023:01:19:24 +0330] "GET /media/3b3a6f3f0f69bd4610c0c70c4a05ed6a.jpg HTTP/2.0" 200 46897 "-" "imgproxy/3.18.2" -access_log/var/log/nginx/access.log
10.2.51.2 - - [09/Aug/2023:01:19:24 +0330] "GET /media/e76b5aba87f7ecd5e494a588a2530091.jpg HTTP/2.0" 200 82490 "-" "imgproxy/3.18.2" -access_log/var/log/nginx/access.log
10.2.51.2 - - [09/Aug/2023:01:19:24 +0330] "GET /media/246ba443decd0e8471f22e4e24403282.jpg HTTP/2.0" 200 43623 "-" "imgproxy/3.18.2" -access_log/var/log/nginx/access.log
10.2.51.2 - - [09/Aug/2023:01:19:24 +0330] "GET /media/cb63feaf6d8e9569264aa1a2105ccb2b.jpg HTTP/2.0" 200 46274 "-" "imgproxy/3.18.2" -access_log/var/log/nginx/access.log
5.214.143.253 - - [09/Aug/2023:01:19:24 +0330] "GET /image/proxy/rs:fill:230:230:1/g:sm/s:230:230/plain/https://notenet.ir/media/665ea796db5836afa83b6c0d0c9abb5b.jpg@webp HTTP/2.0" 200 10024 "https://notenet.ir/category/Folk" "Mozilla/5.0 (Linux; Android 10; K) AppleWebKit/537.36 (KHTML, like Gecko) Chrome/115.0.0.0 Mobile Safari/537.36" -access_log/var/log/nginx/access.log
10.2.51.2 - - [09/Aug/2023:01:19:24 +0330] "GET /media/2ad9f4e17c6d5890094762a1aae1f746.jpeg HTTP/2.0" 200 23089 "-" "imgproxy/3.18.2" -access_log/var/log/nginx/access.log
10.2.51.2 - - [09/Aug/2023:01:19:24 +0330] "GET /media/88de1ba085adefc53ed2897f8382fe05.jpg HTTP/2.0" 200 222452 "-" "imgproxy/3.18.2" -access_log/var/log/nginx/access.log
10.2.51.2 - - [09/Aug/2023:01:19:24 +0330] "GET /media/b6d283d063d766426c905f5f6dc7390a.jpg HTTP/2.0" 200 216805 "-" "imgproxy/3.18.2" -access_log/var/log/nginx/access.log
10.2.51.2 - - [09/Aug/2023:01:19:24 +0330] "GET /media/7ee29f1b6f655a1581d7223e68fd0f01.jpg HTTP/2.0" 200 471018 "-" "imgproxy/3.18.2" -access_log/var/log/nginx/access.log
10.2.51.2 - - [09/Aug/2023:01:19:24 +0330] "GET /media/1d06b03aaf719290cfd03f3230da2dbf.jpg HTTP/2.0" 200 528953 "-" "imgproxy/3.18.2" -access_log/var/log/nginx/access.log
10.2.51.2 - - [09/Aug/2023:01:19:24 +0330] "GET /media/e911111a803c508cf2148dd12dd5fa57.jpg HTTP/2.0" 200 223457 "-" "imgproxy/3.18.2" -access_log/var/log/nginx/access.log
10.2.51.2 - - [09/Aug/2023:01:19:24 +0330] "GET /media/7cb2a6f96ae72580c16e1023bdd5f209.jpg HTTP/2.0" 200 150395 "-" "imgproxy/3.18.2" -access_log/var/log/nginx/access.log
10.2.51.2 - - [09/Aug/2023:01:19:24 +0330] "GET /media/882578c18dbcdc819d3697785ed19342.jpg HTTP/2.0" 200 31808 "-" "imgproxy/3.18.2" -access_log/var/log/nginx/access.log
5.214.143.253 - - [09/Aug/2023:01:19:24 +0330] "GET /notfound-404 HTTP/2.0" 200 12573 "https://notenet.ir/static/css/main.css" "Mozilla/5.0 (Linux; Android 10; K) AppleWebKit/537.36 (KHTML, like Gecko) Chrome/115.0.0.0 Mobile Safari/537.36" -access_log/var/log/nginx/access.log
5.214.143.253 - - [09/Aug/2023:01:19:24 +0330] "GET /image/proxy/rs:fill:230:230:1/g:sm/s:230:230/plain/https://notenet.ir/media/71f8dc63c01bbfbfdd8c2b0e2e0345d6.jpg@webp HTTP/2.0" 200 5428 "https://notenet.ir/category/Folk" "Mozilla/5.0 (Linux; Android 10; K) AppleWebKit/537.36 (KHTML, like Gecko) Chrome/115.0.0.0 Mobile Safari/537.36" -access_log/var/log/nginx/access.log
5.214.143.253 - - [09/Aug/2023:01:19:24 +0330] "GET /image/proxy/rs:fill:230:230:1/g:sm/s:230:230/plain/https://notenet.ir/media/246ba443decd0e8471f22e4e24403282.jpg@webp HTTP/2.0" 200 9480 "https://notenet.ir/category/Folk" "Mozilla/5.0 (Linux; Android 10; K) AppleWebKit/537.36 (KHTML, like Gecko) Chrome/115.0.0.0 Mobile Safari/537.36" -access_log/var/log/nginx/access.log
10.2.51.2 - - [09/Aug/2023:01:19:24 +0330] "GET /media/00e05462488d7f9d961317c077d45a91.jpg HTTP/2.0" 200 446100 "-" "imgproxy/3.18.2" -access_log/var/log/nginx/access.log
5.214.143.253 - - [09/Aug/2023:01:19:24 +0330] "GET /image/proxy/rs:fill:230:230:1/g:sm/s:230:230/plain/https://notenet.ir/media/6e6909783dbe8e4a08ee3ef12c6555f7.jpg@webp HTTP/2.0" 200 9592 "https://notenet.ir/category/Folk" "Mozilla/5.0 (Linux; Android 10; K) AppleWebKit/537.36 (KHTML, like Gecko) Chrome/115.0.0.0 Mobile Safari/537.36" -access_log/var/log/nginx/access.log
5.214.143.253 - - [09/Aug/2023:01:19:24 +0330] "GET /image/proxy/rs:fill:230:230:1/g:sm/s:230:230/plain/https://notenet.ir/media/3b3a6f3f0f69bd4610c0c70c4a05ed6a.jpg@webp HTTP/2.0" 200 12988 "https://notenet.ir/category/Folk" "Mozilla/5.0 (Linux; Android 10; K) AppleWebKit/537.36 (KHTML, like Gecko) Chrome/115.0.0.0 Mobile Safari/537.36" -access_log/var/log/nginx/access.log
5.214.143.253 - - [09/Aug/2023:01:19:24 +0330] "GET /image/proxy/rs:fill:230:230:1/g:sm/s:230:230/plain/https://notenet.ir/media/5c0122b4b01d5bc6d15e7e5c52f1dbf7.jpg@webp HTTP/2.0" 200 11952 "https://notenet.ir/category/Folk" "Mozilla/5.0 (Linux; Android 10; K) AppleWebKit/537.36 (KHTML, like Gecko) Chrome/115.0.0.0 Mobile Safari/537.36" -access_log/var/log/nginx/access.log
10.2.51.2 - - [09/Aug/2023:01:19:24 +0330] "GET /media/82a27e6662896c912771200abe6884db.jpg HTTP/2.0" 200 378894 "-" "imgproxy/3.18.2" -access_log/var/log/nginx/access.log
5.214.143.253 - - [09/Aug/2023:01:19:24 +0330] "GET /image/proxy/rs:fill:230:230:1/g:sm/s:230:230/plain/https://notenet.ir/media/e76b5aba87f7ecd5e494a588a2530091.jpg@webp HTTP/2.0" 200 9994 "https://notenet.ir/category/Folk" "Mozilla/5.0 (Linux; Android 10; K) AppleWebKit/537.36 (KHTML, like Gecko) Chrome/115.0.0.0 Mobile Safari/537.36" -access_log/var/log/nginx/access.log
10.2.51.2 - - [09/Aug/2023:01:19:24 +0330] "GET /media/492e13d6496a8a3f3ec9376129470edb.jpg HTTP/2.0" 200 407852 "-" "imgproxy/3.18.2" -access_log/var/log/nginx/access.log
10.2.51.2 - - [09/Aug/2023:01:19:24 +0330] "GET /media/11758985c4a0cafc4e5a1c19527bf806.jpg HTTP/2.0" 200 666947 "-" "imgproxy/3.18.2" -access_log/var/log/nginx/access.log
5.214.143.253 - - [09/Aug/2023:01:19:24 +0330] "GET /image/proxy/rs:fill:230:230:1/g:sm/s:230:230/plain/https://notenet.ir/media/cb63feaf6d8e9569264aa1a2105ccb2b.jpg@webp HTTP/2.0" 200 14558 "https://notenet.ir/category/Folk" "Mozilla/5.0 (Linux; Android 10; K) AppleWebKit/537.36 (KHTML, like Gecko) Chrome/115.0.0.0 Mobile Safari/537.36" -access_log/var/log/nginx/access.log
5.214.143.253 - - [09/Aug/2023:01:19:25 +0330] "GET /image/proxy/rs:fill:230:230:1/g:sm/s:230:230/plain/https://notenet.ir/media/b6d283d063d766426c905f5f6dc7390a.jpg@webp HTTP/2.0" 200 3080 "https://notenet.ir/category/Folk" "Mozilla/5.0 (Linux; Android 10; K) AppleWebKit/537.36 (KHTML, like Gecko) Chrome/115.0.0.0 Mobile Safari/537.36" -access_log/var/log/nginx/access.log
5.214.143.253 - - [09/Aug/2023:01:19:25 +0330] "GET /image/proxy/rs:fill:230:230:1/g:sm/s:230:230/plain/https://notenet.ir/media/882578c18dbcdc819d3697785ed19342.jpg@webp HTTP/2.0" 200 9832 "https://notenet.ir/category/Folk" "Mozilla/5.0 (Linux; Android 10; K) AppleWebKit/537.36 (KHTML, like Gecko) Chrome/115.0.0.0 Mobile Safari/537.36" -access_log/var/log/nginx/access.log
5.214.143.253 - - [09/Aug/2023:01:19:25 +0330] "GET /image/proxy/rs:fill:230:230:1/g:sm/s:230:230/plain/https://notenet.ir/media/e911111a803c508cf2148dd12dd5fa57.jpg@webp HTTP/2.0" 200 8360 "https://notenet.ir/category/Folk" "Mozilla/5.0 (Linux; Android 10; K) AppleWebKit/537.36 (KHTML, like Gecko) Chrome/115.0.0.0 Mobile Safari/537.36" -access_log/var/log/nginx/access.log
5.214.143.253 - - [09/Aug/2023:01:19:25 +0330] "GET /image/proxy/rs:fill:230:230:1/g:sm/s:230:230/plain/https://notenet.ir/media/7cb2a6f96ae72580c16e1023bdd5f209.jpg@webp HTTP/2.0" 200 8912 "https://notenet.ir/category/Folk" "Mozilla/5.0 (Linux; Android 10; K) AppleWebKit/537.36 (KHTML, like Gecko) Chrome/115.0.0.0 Mobile Safari/537.36" -access_log/var/log/nginx/access.log
5.214.143.253 - - [09/Aug/2023:01:19:25 +0330] "GET /image/proxy/rs:fill:230:230:1/g:sm/s:230:230/plain/https://notenet.ir/media/2ad9f4e17c6d5890094762a1aae1f746.jpeg@webp HTTP/2.0" 200 6134 "https://notenet.ir/category/Folk" "Mozilla/5.0 (Linux; Android 10; K) AppleWebKit/537.36 (KHTML, like Gecko) Chrome/115.0.0.0 Mobile Safari/537.36" -access_log/var/log/nginx/access.log
5.214.143.253 - - [09/Aug/2023:01:19:25 +0330] "GET /image/proxy/rs:fill:230:230:1/g:sm/s:230:230/plain/https://notenet.ir/media/7ee29f1b6f655a1581d7223e68fd0f01.jpg@webp HTTP/2.0" 200 15676 "https://notenet.ir/category/Folk" "Mozilla/5.0 (Linux; Android 10; K) AppleWebKit/537.36 (KHTML, like Gecko) Chrome/115.0.0.0 Mobile Safari/537.36" -access_log/var/log/nginx/access.log
5.214.143.253 - - [09/Aug/2023:01:19:25 +0330] "GET /image/proxy/rs:fill:230:230:1/g:sm/s:230:230/plain/https://notenet.ir/media/1d06b03aaf719290cfd03f3230da2dbf.jpg@webp HTTP/2.0" 200 10070 "https://notenet.ir/category/Folk" "Mozilla/5.0 (Linux; Android 10; K) AppleWebKit/537.36 (KHTML, like Gecko) Chrome/115.0.0.0 Mobile Safari/537.36" -access_log/var/log/nginx/access.log
5.214.143.253 - - [09/Aug/2023:01:19:25 +0330] "GET /image/proxy/rs:fill:230:230:1/g:sm/s:230:230/plain/https://notenet.ir/media/00e05462488d7f9d961317c077d45a91.jpg@webp HTTP/2.0" 200 14216 "https://notenet.ir/category/Folk" "Mozilla/5.0 (Linux; Android 10; K) AppleWebKit/537.36 (KHTML, like Gecko) Chrome/115.0.0.0 Mobile Safari/537.36" -access_log/var/log/nginx/access.log
5.214.143.253 - - [09/Aug/2023:01:19:25 +0330] "GET /image/proxy/rs:fill:230:230:1/g:sm/s:230:230/plain/https://notenet.ir/media/82a27e6662896c912771200abe6884db.jpg@webp HTTP/2.0" 200 13872 "https://notenet.ir/category/Folk" "Mozilla/5.0 (Linux; Android 10; K) AppleWebKit/537.36 (KHTML, like Gecko) Chrome/115.0.0.0 Mobile Safari/537.36" -access_log/var/log/nginx/access.log
5.214.143.253 - - [09/Aug/2023:01:19:25 +0330] "GET /image/proxy/rs:fill:230:230:1/g:sm/s:230:230/plain/https://notenet.ir/media/492e13d6496a8a3f3ec9376129470edb.jpg@webp HTTP/2.0" 200 12944 "https://notenet.ir/category/Folk" "Mozilla/5.0 (Linux; Android 10; K) AppleWebKit/537.36 (KHTML, like Gecko) Chrome/115.0.0.0 Mobile Safari/537.36" -access_log/var/log/nginx/access.log
5.214.143.253 - - [09/Aug/2023:01:19:25 +0330] "GET /image/proxy/rs:fill:230:230:1/g:sm/s:230:230/plain/https://notenet.ir/media/11758985c4a0cafc4e5a1c19527bf806.jpg@webp HTTP/2.0" 200 14748 "https://notenet.ir/category/Folk" "Mozilla/5.0 (Linux; Android 10; K) AppleWebKit/537.36 (KHTML, like Gecko) Chrome/115.0.0.0 Mobile Safari/537.36" -access_log/var/log/nginx/access.log
216.244.66.236 - - [09/Aug/2023:01:19:41 +0330] "GET /robots.txt HTTP/1.1" 302 0 "-" "Mozilla/5.0 (compatible; DotBot/1.2; +https://opensiteexplorer.org/dotbot; help@moz.com)" -access_log/var/log/nginx/access.log
216.244.66.236 - - [09/Aug/2023:01:19:43 +0330] "GET /notfound-404 HTTP/1.1" 200 53509 "-" "Mozilla/5.0 (compatible; DotBot/1.2; +https://opensiteexplorer.org/dotbot; help@moz.com)" -access_log/var/log/nginx/access.log
5.214.143.253 - - [09/Aug/2023:01:19:46 +0330] "GET /player/NjMyMWNmZTMwNmFkMGUzYjcyMTE0ZjAw?category=6187c6044e71d7c73f50bbc8 HTTP/2.0" 302 0 "https://notenet.ir/category/Folk" "Mozilla/5.0 (Linux; Android 10; K) AppleWebKit/537.36 (KHTML, like Gecko) Chrome/115.0.0.0 Mobile Safari/537.36" -access_log/var/log/nginx/access.log
5.214.143.253 - - [09/Aug/2023:01:19:47 +0330] "GET /p/%D9%85%D9%87%D8%AF%DB%8C_%D9%85%D8%AF%D8%B1%D8%B3/%D8%B3%D9%86_%D9%87%D8%A7%DB%8C%D8%A7%D9%86%D8%A7%D9%86_%DA%AF%D9%84%D8%AF%DB%8C%D9%86?category=6187c6044e71d7c73f50bbc8 HTTP/2.0" 200 25368 "https://notenet.ir/category/Folk" "Mozilla/5.0 (Linux; Android 10; K) AppleWebKit/537.36 (KHTML, like Gecko) Chrome/115.0.0.0 Mobile Safari/537.36" -access_log/var/log/nginx/access.log
5.214.143.253 - - [09/Aug/2023:01:19:47 +0330] "GET /image/proxy/rs:fill:150:150:1/g:sm/s:150:150/plain/https://notenet.ir/media/537f76a6c5ef85f68d3175fc9e56d1b3.jpg@webp HTTP/2.0" 200 2938 "https://notenet.ir/p/%D9%85%D9%87%D8%AF%DB%8C_%D9%85%D8%AF%D8%B1%D8%B3/%D8%B3%D9%86_%D9%87%D8%A7%DB%8C%D8%A7%D9%86%D8%A7%D9%86_%DA%AF%D9%84%D8%AF%DB%8C%D9%86?category=6187c6044e71d7c73f50bbc8" "Mozilla/5.0 (Linux; Android 10; K) AppleWebKit/537.36 (KHTML, like Gecko) Chrome/115.0.0.0 Mobile Safari/537.36" -access_log/var/log/nginx/access.log
5.214.143.253 - - [09/Aug/2023:01:19:47 +0330] "GET /image/proxy/rs:fill:140:100:1/g:sm/s:140:100/plain/https://notenet.ir/media/cb63feaf6d8e9569264aa1a2105ccb2b.jpg@webp HTTP/2.0" 200 3316 "https://notenet.ir/p/%D9%85%D9%87%D8%AF%DB%8C_%D9%85%D8%AF%D8%B1%D8%B3/%D8%B3%D9%86_%D9%87%D8%A7%DB%8C%D8%A7%D9%86%D8%A7%D9%86_%DA%AF%D9%84%D8%AF%DB%8C%D9%86?category=6187c6044e71d7c73f50bbc8" "Mozilla/5.0 (Linux; Android 10; K) AppleWebKit/537.36 (KHTML, like Gecko) Chrome/115.0.0.0 Mobile Safari/537.36" -access_log/var/log/nginx/access.log
10.2.51.2 - - [09/Aug/2023:01:19:47 +0330] "GET /media/cb63feaf6d8e9569264aa1a2105ccb2b.jpg HTTP/2.0" 200 46274 "-" "imgproxy/3.18.2" -access_log/var/log/nginx/access.log
10.2.51.2 - - [09/Aug/2023:01:19:47 +0330] "GET /media/537f76a6c5ef85f68d3175fc9e56d1b3.jpg HTTP/2.0" 200 30996 "-" "imgproxy/3.18.2" -access_log/var/log/nginx/access.log
10.2.51.2 - - [09/Aug/2023:01:19:47 +0330] "GET /media/98178204e13c43c0b990ab3bd9b1c42b.jpg HTTP/2.0" 200 254113 "-" "imgproxy/3.18.2" -access_log/var/log/nginx/access.log
5.214.143.253 - - [09/Aug/2023:01:19:47 +0330] "GET /image/proxy/rs:fill:140:100:1/g:sm/s:140:100/plain/https://notenet.ir/media/98178204e13c43c0b990ab3bd9b1c42b.jpg@webp HTTP/2.0" 200 2032 "https://notenet.ir/p/%D9%85%D9%87%D8%AF%DB%8C_%D9%85%D8%AF%D8%B1%D8%B3/%D8%B3%D9%86_%D9%87%D8%A7%DB%8C%D8%A7%D9%86%D8%A7%D9%86_%DA%AF%D9%84%D8%AF%DB%8C%D9%86?category=6187c6044e71d7c73f50bbc8" "Mozilla/5.0 (Linux; Android 10; K) AppleWebKit/537.36 (KHTML, like Gecko) Chrome/115.0.0.0 Mobile Safari/537.36" -access_log/var/log/nginx/access.log
10.2.51.2 - - [09/Aug/2023:01:19:47 +0330] "GET /media/1d0a0ee58cd53b6eec1c32ab35399d9c.jpg HTTP/2.0" 200 449300 "-" "imgproxy/3.18.2" -access_log/var/log/nginx/access.log
10.2.51.2 - - [09/Aug/2023:01:19:47 +0330] "GET /media/12545a5ed334a5f10addb156e3e55b39.jpg HTTP/2.0" 200 452605 "-" "imgproxy/3.18.2" -access_log/var/log/nginx/access.log
5.214.143.253 - - [09/Aug/2023:01:19:47 +0330] "GET /image/proxy/rs:fill:140:100:1/g:sm/s:140:100/plain/https://notenet.ir/media/1d0a0ee58cd53b6eec1c32ab35399d9c.jpg@webp HTTP/2.0" 200 3514 "https://notenet.ir/p/%D9%85%D9%87%D8%AF%DB%8C_%D9%85%D8%AF%D8%B1%D8%B3/%D8%B3%D9%86_%D9%87%D8%A7%DB%8C%D8%A7%D9%86%D8%A7%D9%86_%DA%AF%D9%84%D8%AF%DB%8C%D9%86?category=6187c6044e71d7c73f50bbc8" "Mozilla/5.0 (Linux; Android 10; K) AppleWebKit/537.36 (KHTML, like Gecko) Chrome/115.0.0.0 Mobile Safari/537.36" -access_log/var/log/nginx/access.log
5.214.143.253 - - [09/Aug/2023:01:19:47 +0330] "GET /image/proxy/rs:fill:140:100:1/g:sm/s:140:100/plain/https://notenet.ir/media/12545a5ed334a5f10addb156e3e55b39.jpg@webp HTTP/2.0" 200 3522 "https://notenet.ir/p/%D9%85%D9%87%D8%AF%DB%8C_%D9%85%D8%AF%D8%B1%D8%B3/%D8%B3%D9%86_%D9%87%D8%A7%DB%8C%D8%A7%D9%86%D8%A7%D9%86_%DA%AF%D9%84%D8%AF%DB%8C%D9%86?category=6187c6044e71d7c73f50bbc8" "Mozilla/5.0 (Linux; Android 10; K) AppleWebKit/537.36 (KHTML, like Gecko) Chrome/115.0.0.0 Mobile Safari/537.36" -access_log/var/log/nginx/access.log
10.2.51.2 - - [09/Aug/2023:01:19:48 +0330] "GET /media/5113aa1159e20d5483868c1430d8d18e.jpg HTTP/2.0" 200 226625 "-" "imgproxy/3.18.2" -access_log/var/log/nginx/access.log
5.214.143.253 - - [09/Aug/2023:01:19:48 +0330] "GET /image/proxy/rs:fill:140:100:1/g:sm/s:140:100/plain/https://notenet.ir/media/5113aa1159e20d5483868c1430d8d18e.jpg@webp HTTP/2.0" 200 2218 "https://notenet.ir/p/%D9%85%D9%87%D8%AF%DB%8C_%D9%85%D8%AF%D8%B1%D8%B3/%D8%B3%D9%86_%D9%87%D8%A7%DB%8C%D8%A7%D9%86%D8%A7%D9%86_%DA%AF%D9%84%D8%AF%DB%8C%D9%86?category=6187c6044e71d7c73f50bbc8" "Mozilla/5.0 (Linux; Android 10; K) AppleWebKit/537.36 (KHTML, like Gecko) Chrome/115.0.0.0 Mobile Safari/537.36" -access_log/var/log/nginx/access.log
10.2.51.2 - - [09/Aug/2023:01:19:48 +0330] "GET /media/921b18d35fd415d8e8092c1b5a99a81b.jpg HTTP/2.0" 200 595617 "-" "imgproxy/3.18.2" -access_log/var/log/nginx/access.log
5.214.143.253 - - [09/Aug/2023:01:19:48 +0330] "GET /image/proxy/rs:fill:140:100:1/g:sm/s:140:100/plain/https://notenet.ir/media/921b18d35fd415d8e8092c1b5a99a81b.jpg@webp HTTP/2.0" 200 2948 "https://notenet.ir/p/%D9%85%D9%87%D8%AF%DB%8C_%D9%85%D8%AF%D8%B1%D8%B3/%D8%B3%D9%86_%D9%87%D8%A7%DB%8C%D8%A7%D9%86%D8%A7%D9%86_%DA%AF%D9%84%D8%AF%DB%8C%D9%86?category=6187c6044e71d7c73f50bbc8" "Mozilla/5.0 (Linux; Android 10; K) AppleWebKit/537.36 (KHTML, like Gecko) Chrome/115.0.0.0 Mobile Safari/537.36" -access_log/var/log/nginx/access.log
10.2.51.2 - - [09/Aug/2023:01:19:48 +0330] "GET /media/43874d2a09099666ce26fb706d2e58e7.jpg HTTP/2.0" 200 240071 "-" "imgproxy/3.18.2" -access_log/var/log/nginx/access.log
5.214.143.253 - - [09/Aug/2023:01:19:48 +0330] "GET /image/proxy/rs:fill:140:100:1/g:sm/s:140:100/plain/https://notenet.ir/media/43874d2a09099666ce26fb706d2e58e7.jpg@webp HTTP/2.0" 200 2228 "https://notenet.ir/p/%D9%85%D9%87%D8%AF%DB%8C_%D9%85%D8%AF%D8%B1%D8%B3/%D8%B3%D9%86_%D9%87%D8%A7%DB%8C%D8%A7%D9%86%D8%A7%D9%86_%DA%AF%D9%84%D8%AF%DB%8C%D9%86?category=6187c6044e71d7c73f50bbc8" "Mozilla/5.0 (Linux; Android 10; K) AppleWebKit/537.36 (KHTML, like Gecko) Chrome/115.0.0.0 Mobile Safari/537.36" -access_log/var/log/nginx/access.log
10.2.51.2 - - [09/Aug/2023:01:19:48 +0330] "GET /media/33072f23b46e6324791f00f340d041e6.jpg HTTP/2.0" 200 211022 "-" "imgproxy/3.18.2" -access_log/var/log/nginx/access.log
5.214.143.253 - - [09/Aug/2023:01:19:48 +0330] "GET /image/proxy/rs:fill:140:100:1/g:sm/s:140:100/plain/https://notenet.ir/media/33072f23b46e6324791f00f340d041e6.jpg@webp HTTP/2.0" 200 1762 "https://notenet.ir/p/%D9%85%D9%87%D8%AF%DB%8C_%D9%85%D8%AF%D8%B1%D8%B3/%D8%B3%D9%86_%D9%87%D8%A7%DB%8C%D8%A7%D9%86%D8%A7%D9%86_%DA%AF%D9%84%D8%AF%DB%8C%D9%86?category=6187c6044e71d7c73f50bbc8" "Mozilla/5.0 (Linux; Android 10; K) AppleWebKit/537.36 (KHTML, like Gecko) Chrome/115.0.0.0 Mobile Safari/537.36" -access_log/var/log/nginx/access.log
10.2.51.2 - - [09/Aug/2023:01:19:48 +0330] "GET /media/9d32390a363d6f9fdc48dce892864b8a.jpg HTTP/2.0" 200 295021 "-" "imgproxy/3.18.2" -access_log/var/log/nginx/access.log
5.214.143.253 - - [09/Aug/2023:01:19:48 +0330] "GET /image/proxy/rs:fill:140:100:1/g:sm/s:140:100/plain/https://notenet.ir/media/9d32390a363d6f9fdc48dce892864b8a.jpg@webp HTTP/2.0" 200 4202 "https://notenet.ir/p/%D9%85%D9%87%D8%AF%DB%8C_%D9%85%D8%AF%D8%B1%D8%B3/%D8%B3%D9%86_%D9%87%D8%A7%DB%8C%D8%A7%D9%86%D8%A7%D9%86_%DA%AF%D9%84%D8%AF%DB%8C%D9%86?category=6187c6044e71d7c73f50bbc8" "Mozilla/5.0 (Linux; Android 10; K) AppleWebKit/537.36 (KHTML, like Gecko) Chrome/115.0.0.0 Mobile Safari/537.36" -access_log/var/log/nginx/access.log
10.2.51.2 - - [09/Aug/2023:01:19:48 +0330] "GET /media/51e244da03e51de6fcc631ddb3c00000.jpg HTTP/2.0" 200 26683 "-" "imgproxy/3.18.2" -access_log/var/log/nginx/access.log
5.214.143.253 - - [09/Aug/2023:01:19:48 +0330] "GET /image/proxy/rs:fill:140:100:1/g:sm/s:140:100/plain/https://notenet.ir/media/51e244da03e51de6fcc631ddb3c00000.jpg@webp HTTP/2.0" 200 2600 "https://notenet.ir/p/%D9%85%D9%87%D8%AF%DB%8C_%D9%85%D8%AF%D8%B1%D8%B3/%D8%B3%D9%86_%D9%87%D8%A7%DB%8C%D8%A7%D9%86%D8%A7%D9%86_%DA%AF%D9%84%D8%AF%DB%8C%D9%86?category=6187c6044e71d7c73f50bbc8" "Mozilla/5.0 (Linux; Android 10; K) AppleWebKit/537.36 (KHTML, like Gecko) Chrome/115.0.0.0 Mobile Safari/537.36" -access_log/var/log/nginx/access.log
10.2.51.2 - - [09/Aug/2023:01:19:48 +0330] "GET /media/886121ddd58350a6e7a8b1af1af36616.jpeg HTTP/2.0" 200 463787 "-" "imgproxy/3.18.2" -access_log/var/log/nginx/access.log
5.214.143.253 - - [09/Aug/2023:01:19:48 +0330] "GET /image/proxy/rs:fill:140:100:1/g:sm/s:140:100/plain/https://notenet.ir/media/886121ddd58350a6e7a8b1af1af36616.jpeg@webp HTTP/2.0" 200 3954 "https://notenet.ir/p/%D9%85%D9%87%D8%AF%DB%8C_%D9%85%D8%AF%D8%B1%D8%B3/%D8%B3%D9%86_%D9%87%D8%A7%DB%8C%D8%A7%D9%86%D8%A7%D9%86_%DA%AF%D9%84%D8%AF%DB%8C%D9%86?category=6187c6044e71d7c73f50bbc8" "Mozilla/5.0 (Linux; Android 10; K) AppleWebKit/537.36 (KHTML, like Gecko) Chrome/115.0.0.0 Mobile Safari/537.36" -access_log/var/log/nginx/access.log
10.2.51.2 - - [09/Aug/2023:01:19:48 +0330] "GET /media/c0b58079dbe0ec37ae2664cbfb31e1c6.jpeg HTTP/2.0" 200 301447 "-" "imgproxy/3.18.2" -access_log/var/log/nginx/access.log
5.214.143.253 - - [09/Aug/2023:01:19:48 +0330] "GET /image/proxy/rs:fill:140:100:1/g:sm/s:140:100/plain/https://notenet.ir/media/c0b58079dbe0ec37ae2664cbfb31e1c6.jpeg@webp HTTP/2.0" 200 3680 "https://notenet.ir/p/%D9%85%D9%87%D8%AF%DB%8C_%D9%85%D8%AF%D8%B1%D8%B3/%D8%B3%D9%86_%D9%87%D8%A7%DB%8C%D8%A7%D9%86%D8%A7%D9%86_%DA%AF%D9%84%D8%AF%DB%8C%D9%86?category=6187c6044e71d7c73f50bbc8" "Mozilla/5.0 (Linux; Android 10; K) AppleWebKit/537.36 (KHTML, like Gecko) Chrome/115.0.0.0 Mobile Safari/537.36" -access_log/var/log/nginx/access.log
5.214.143.253 - - [09/Aug/2023:01:19:48 +0330] "GET /image/proxy/rs:fill:140:100:1/g:sm/s:140:100/plain/https://notenet.ir/media/e461fb11308ce76052a9c3441e52f7b3.jpg@webp HTTP/2.0" 200 2514 "https://notenet.ir/p/%D9%85%D9%87%D8%AF%DB%8C_%D9%85%D8%AF%D8%B1%D8%B3/%D8%B3%D9%86_%D9%87%D8%A7%DB%8C%D8%A7%D9%86%D8%A7%D9%86_%DA%AF%D9%84%D8%AF%DB%8C%D9%86?category=6187c6044e71d7c73f50bbc8" "Mozilla/5.0 (Linux; Android 10; K) AppleWebKit/537.36 (KHTML, like Gecko) Chrome/115.0.0.0 Mobile Safari/537.36" -access_log/var/log/nginx/access.log
10.2.51.2 - - [09/Aug/2023:01:19:48 +0330] "GET /media/e461fb11308ce76052a9c3441e52f7b3.jpg HTTP/2.0" 200 825784 "-" "imgproxy/3.18.2" -access_log/var/log/nginx/access.log
5.214.143.253 - - [09/Aug/2023:01:19:48 +0330] "GET /image/proxy/rs:fill:140:100:1/g:sm/s:140:100/plain/https://notenet.ir/media/f76d0695ceed3ffe063a3f4d74b1abb6.jpg@webp HTTP/2.0" 200 2342 "https://notenet.ir/p/%D9%85%D9%87%D8%AF%DB%8C_%D9%85%D8%AF%D8%B1%D8%B3/%D8%B3%D9%86_%D9%87%D8%A7%DB%8C%D8%A7%D9%86%D8%A7%D9%86_%DA%AF%D9%84%D8%AF%DB%8C%D9%86?category=6187c6044e71d7c73f50bbc8" "Mozilla/5.0 (Linux; Android 10; K) AppleWebKit/537.36 (KHTML, like Gecko) Chrome/115.0.0.0 Mobile Safari/537.36" -access_log/var/log/nginx/access.log
10.2.51.2 - - [09/Aug/2023:01:19:48 +0330] "GET /media/f76d0695ceed3ffe063a3f4d74b1abb6.jpg HTTP/2.0" 200 309168 "-" "imgproxy/3.18.2" -access_log/var/log/nginx/access.log
10.2.51.2 - - [09/Aug/2023:01:19:48 +0330] "GET /media/e9e2c020c89ea10f9aa3699181a52d88.jpeg HTTP/2.0" 200 2492152 "-" "imgproxy/3.18.2" -access_log/var/log/nginx/access.log
5.214.143.253 - - [09/Aug/2023:01:19:48 +0330] "GET /image/proxy/rs:fill:140:100:1/g:sm/s:140:100/plain/https://notenet.ir/media/e9e2c020c89ea10f9aa3699181a52d88.jpeg@webp HTTP/2.0" 200 2350 "https://notenet.ir/p/%D9%85%D9%87%D8%AF%DB%8C_%D9%85%D8%AF%D8%B1%D8%B3/%D8%B3%D9%86_%D9%87%D8%A7%DB%8C%D8%A7%D9%86%D8%A7%D9%86_%DA%AF%D9%84%D8%AF%DB%8C%D9%86?category=6187c6044e71d7c73f50bbc8" "Mozilla/5.0 (Linux; Android 10; K) AppleWebKit/537.36 (KHTML, like Gecko) Chrome/115.0.0.0 Mobile Safari/537.36" -access_log/var/log/nginx/access.log
10.2.51.2 - - [09/Aug/2023:01:19:48 +0330] "GET /media/281dfac6c8be201450f7034995282295.jpg HTTP/2.0" 200 1166819 "-" "imgproxy/3.18.2" -access_log/var/log/nginx/access.log
5.214.143.253 - - [09/Aug/2023:01:19:48 +0330] "GET /image/proxy/rs:fill:140:100:1/g:sm/s:140:100/plain/https://notenet.ir/media/281dfac6c8be201450f7034995282295.jpg@webp HTTP/2.0" 200 1634 "https://notenet.ir/p/%D9%85%D9%87%D8%AF%DB%8C_%D9%85%D8%AF%D8%B1%D8%B3/%D8%B3%D9%86_%D9%87%D8%A7%DB%8C%D8%A7%D9%86%D8%A7%D9%86_%DA%AF%D9%84%D8%AF%DB%8C%D9%86?category=6187c6044e71d7c73f50bbc8" "Mozilla/5.0 (Linux; Android 10; K) AppleWebKit/537.36 (KHTML, like Gecko) Chrome/115.0.0.0 Mobile Safari/537.36" -access_log/var/log/nginx/access.log
10.2.51.2 - - [09/Aug/2023:01:19:48 +0330] "GET /media/da892ffd202d2d5ec37c77b4e5f3bcb4.jpg HTTP/2.0" 200 1569648 "-" "imgproxy/3.18.2" -access_log/var/log/nginx/access.log
5.214.143.253 - - [09/Aug/2023:01:19:49 +0330] "GET /image/proxy/rs:fill:140:100:1/g:sm/s:140:100/plain/https://notenet.ir/media/da892ffd202d2d5ec37c77b4e5f3bcb4.jpg@webp HTTP/2.0" 200 1990 "https://notenet.ir/p/%D9%85%D9%87%D8%AF%DB%8C_%D9%85%D8%AF%D8%B1%D8%B3/%D8%B3%D9%86_%D9%87%D8%A7%DB%8C%D8%A7%D9%86%D8%A7%D9%86_%DA%AF%D9%84%D8%AF%DB%8C%D9%86?category=6187c6044e71d7c73f50bbc8" "Mozilla/5.0 (Linux; Android 10; K) AppleWebKit/537.36 (KHTML, like Gecko) Chrome/115.0.0.0 Mobile Safari/537.36" -access_log/var/log/nginx/access.log
5.214.143.253 - - [09/Aug/2023:01:19:49 +0330] "GET /image/proxy/rs:fill:140:100:1/g:sm/s:140:100/plain/https://notenet.ir/media/2a1ecc17b10e2aa5743f35cc6a84f82a.jpg@webp HTTP/2.0" 200 2454 "https://notenet.ir/p/%D9%85%D9%87%D8%AF%DB%8C_%D9%85%D8%AF%D8%B1%D8%B3/%D8%B3%D9%86_%D9%87%D8%A7%DB%8C%D8%A7%D9%86%D8%A7%D9%86_%DA%AF%D9%84%D8%AF%DB%8C%D9%86?category=6187c6044e71d7c73f50bbc8" "Mozilla/5.0 (Linux; Android 10; K) AppleWebKit/537.36 (KHTML, like Gecko) Chrome/115.0.0.0 Mobile Safari/537.36" -access_log/var/log/nginx/access.log
10.2.51.2 - - [09/Aug/2023:01:19:49 +0330] "GET /media/2a1ecc17b10e2aa5743f35cc6a84f82a.jpg HTTP/2.0" 200 23528 "-" "imgproxy/3.18.2" -access_log/var/log/nginx/access.log
10.2.51.2 - - [09/Aug/2023:01:19:49 +0330] "GET /media/04745dc4d6b3ed2dd59f98d587eb37bc.jpg HTTP/2.0" 200 13714706 "-" "imgproxy/3.18.2" -access_log/var/log/nginx/access.log
5.214.143.253 - - [09/Aug/2023:01:19:49 +0330] "GET /image/proxy/rs:fill:140:100:1/g:sm/s:140:100/plain/https://notenet.ir/media/7906b4780b2089a14e1963f2cacbab45.jpg@webp HTTP/2.0" 200 1206 "https://notenet.ir/p/%D9%85%D9%87%D8%AF%DB%8C_%D9%85%D8%AF%D8%B1%D8%B3/%D8%B3%D9%86_%D9%87%D8%A7%DB%8C%D8%A7%D9%86%D8%A7%D9%86_%DA%AF%D9%84%D8%AF%DB%8C%D9%86?category=6187c6044e71d7c73f50bbc8" "Mozilla/5.0 (Linux; Android 10; K) AppleWebKit/537.36 (KHTML, like Gecko) Chrome/115.0.0.0 Mobile Safari/537.36" -access_log/var/log/nginx/access.log
10.2.51.2 - - [09/Aug/2023:01:19:49 +0330] "GET /media/7906b4780b2089a14e1963f2cacbab45.jpg HTTP/2.0" 200 34442 "-" "imgproxy/3.18.2" -access_log/var/log/nginx/access.log
5.214.143.253 - - [09/Aug/2023:01:19:49 +0330] "GET /image/proxy/rs:fill:140:100:1/g:sm/s:140:100/plain/https://notenet.ir/media/bf201f9016b45c5c421ba6c166d127ca.jpeg@webp HTTP/2.0" 200 1952 "https://notenet.ir/p/%D9%85%D9%87%D8%AF%DB%8C_%D9%85%D8%AF%D8%B1%D8%B3/%D8%B3%D9%86_%D9%87%D8%A7%DB%8C%D8%A7%D9%86%D8%A7%D9%86_%DA%AF%D9%84%D8%AF%DB%8C%D9%86?category=6187c6044e71d7c73f50bbc8" "Mozilla/5.0 (Linux; Android 10; K) AppleWebKit/537.36 (KHTML, like Gecko) Chrome/115.0.0.0 Mobile Safari/537.36" -access_log/var/log/nginx/access.log
10.2.51.2 - - [09/Aug/2023:01:19:49 +0330] "GET /media/bf201f9016b45c5c421ba6c166d127ca.jpeg HTTP/2.0" 200 167619 "-" "imgproxy/3.18.2" -access_log/var/log/nginx/access.log
10.2.51.2 - - [09/Aug/2023:01:19:49 +0330] "GET /media/62ee6914cced095b4d81b16f9a53205f.jpg HTTP/2.0" 200 500802 "-" "imgproxy/3.18.2" -access_log/var/log/nginx/access.log
