5.214.143.253 - - [09/Aug/2023:01:19:49 +0330] "GET /image/proxy/rs:fill:140:100:1/g:sm/s:140:100/plain/https://notenet.ir/media/62ee6914cced095b4d81b16f9a53205f.jpg@webp HTTP/2.0" 200 2758 "https://notenet.ir/p/%D9%85%D9%87%D8%AF%DB%8C_%D9%85%D8%AF%D8%B1%D8%B3/%D8%B3%D9%86_%D9%87%D8%A7%DB%8C%D8%A7%D9%86%D8%A7%D9%86_%DA%AF%D9%84%D8%AF%DB%8C%D9%86?category=6187c6044e71d7c73f50bbc8" "Mozilla/5.0 (Linux; Android 10; K) AppleWebKit/537.36 (KHTML, like Gecko) Chrome/115.0.0.0 Mobile Safari/537.36" -access_log/var/log/nginx/access.log
5.214.143.253 - - [09/Aug/2023:01:19:49 +0330] "GET /image/proxy/rs:fill:140:100:1/g:sm/s:140:100/plain/https://notenet.ir/media/04745dc4d6b3ed2dd59f98d587eb37bc.jpg@webp HTTP/2.0" 200 2044 "https://notenet.ir/p/%D9%85%D9%87%D8%AF%DB%8C_%D9%85%D8%AF%D8%B1%D8%B3/%D8%B3%D9%86_%D9%87%D8%A7%DB%8C%D8%A7%D9%86%D8%A7%D9%86_%DA%AF%D9%84%D8%AF%DB%8C%D9%86?category=6187c6044e71d7c73f50bbc8" "Mozilla/5.0 (Linux; Android 10; K) AppleWebKit/537.36 (KHTML, like Gecko) Chrome/115.0.0.0 Mobile Safari/537.36" -access_log/var/log/nginx/access.log
66.249.64.107 - - [09/Aug/2023:01:20:56 +0330] "GET /p/%D8%B4%D9%87%D8%A7%D8%A8_%D8%B1%D9%85%D8%B6%D8%A7%D9%86/%D9%87%D9%85%D9%87_%DA%A9%D8%B3? HTTP/1.1" 200 26482 "-" "Mozilla/5.0 (Linux; Android 6.0.1; Nexus 5X Build/MMB29P) AppleWebKit/537.36 (KHTML, like Gecko) Chrome/114.0.5735.179 Mobile Safari/537.36 (compatible; Googlebot/2.1; +http://www.google.com/bot.html)" -access_log/var/log/nginx/access.log
216.244.66.236 - - [09/Aug/2023:01:22:52 +0330] "GET /player/NjQ0YWFmNjU5OTRhNjM2MzdiMGI5NjUx HTTP/1.1" 200 143835 "-" "Mozilla/5.0 (compatible; DotBot/1.2; +https://opensiteexplorer.org/dotbot; help@moz.com)" -access_log/var/log/nginx/access.log
66.249.64.106 - - [09/Aug/2023:01:23:09 +0330] "GET /image/proxy/rs:fill:300:300:1/g:sm/s:300:300/plain/https://notenet.ir/media/61a94a275f82d9ae956574573eb0d063.jpg@webp HTTP/1.1" 304 0 "-" "Googlebot-Image/1.0" -access_log/var/log/nginx/access.log
10.2.51.2 - - [09/Aug/2023:01:23:09 +0330] "GET /media/61a94a275f82d9ae956574573eb0d063.jpg HTTP/2.0" 200 281173 "-" "imgproxy/3.18.2" -access_log/var/log/nginx/access.log
85.208.96.206 - - [09/Aug/2023:01:23:55 +0330] "GET /player/NjQ2MjFhN2M5OTRhNjM2MzdiMGI5Njg0?company=6374c5e1e62d2de4fbb51363 HTTP/1.1" 200 19334 "-" "Mozilla/5.0 (compatible; SemrushBot/7~bl; +http://www.semrush.com/bot.html)" -access_log/var/log/nginx/access.log
216.244.66.236 - - [09/Aug/2023:01:25:31 +0330] "GET /player/NjM0ZDY2ODM5OTRhNjM2MzdiMGI5NDFl HTTP/1.1" 302 0 "-" "Mozilla/5.0 (compatible; DotBot/1.2; +https://opensiteexplorer.org/dotbot; help@moz.com)" -access_log/var/log/nginx/access.log
193.186.4.43 - - [09/Aug/2023:01:25:36 +0330] "GET /p/%D8%B1%D8%A7%D8%BA%D8%A8/%D8%AA%D9%88_%D8%B1%D8%A7_%DA%A9%D9%87_%D8%AF%DB%8C%D8%AF%D9%85? HTTP/2.0" 499 0 "-" "Mozilla/5.0 (Linux; Android 10; K) AppleWebKit/537.36 (KHTML, like Gecko) Chrome/106.0.0.0 Mobile Safari/537.36" -access_log/var/log/nginx/access.log
193.186.4.43 - - [09/Aug/2023:01:25:39 +0330] "GET /p/%D8%B1%D8%A7%D8%BA%D8%A8/%D8%AA%D9%88_%D8%B1%D8%A7_%DA%A9%D9%87_%D8%AF%DB%8C%D8%AF%D9%85? HTTP/2.0" 200 27149 "-" "Mozilla/5.0 (Linux; Android 10; K) AppleWebKit/537.36 (KHTML, like Gecko) Chrome/106.0.0.0 Mobile Safari/537.36" -access_log/var/log/nginx/access.log
216.244.66.236 - - [09/Aug/2023:01:27:22 +0330] "GET /artist/AhmadNabati HTTP/1.1" 200 59628 "-" "Mozilla/5.0 (compatible; DotBot/1.2; +https://opensiteexplorer.org/dotbot; help@moz.com)" -access_log/var/log/nginx/access.log
66.249.64.107 - - [09/Aug/2023:01:27:54 +0330] "GET /p/%D8%B1%D8%A7%D8%BA%D8%A8/%D8%AA%D9%88_%D8%B1%D8%A7_%DA%A9%D9%87_%D8%AF%DB%8C%D8%AF%D9%85? HTTP/1.1" 200 27158 "-" "Mozilla/5.0 (compatible; Googlebot/2.1; +http://www.google.com/bot.html)" -access_log/var/log/nginx/access.log
65.109.172.245 - - [09/Aug/2023:01:28:45 +0330] "GET /player/NjBlYmZjNmU1YTcwN2ZjMGVlMDJiNGEx%7D HTTP/2.0" 302 0 "-" "Mozilla/5.0 (Macintosh; Intel Mac OS X 10_15_7) AppleWebKit/537.36 (KHTML, like Gecko) Chrome/114.0.0.0 Safari/537.36" -access_log/var/log/nginx/access.log
66.249.64.105 - - [09/Aug/2023:01:30:05 +0330] "GET /image/proxy/rs:fill:300:300:1/g:sm/s:300:300/plain/https://notenet.ir/media/047fa9f023a0671fa3954a52391ed6ee.jpg@webp HTTP/1.1" 304 0 "-" "Googlebot-Image/1.0" -access_log/var/log/nginx/access.log
10.2.51.2 - - [09/Aug/2023:01:30:05 +0330] "GET /media/047fa9f023a0671fa3954a52391ed6ee.jpg HTTP/2.0" 200 30487 "-" "imgproxy/3.18.2" -access_log/var/log/nginx/access.log
51.222.253.2 - - [09/Aug/2023:01:30:35 +0330] "GET /artist/MobinRasaei HTTP/2.0" 200 15046 "-" "Mozilla/5.0 (compatible; AhrefsBot/7.0; +http://ahrefs.com/robot/)" -access_log/var/log/nginx/access.log
185.191.171.13 - - [09/Aug/2023:01:33:31 +0330] "GET /p/%D9%85%D8%AC%DB%8C%D8%AF_%D8%B1%D8%B6%D9%88%DB%8C/%D9%86%DA%AF%DB%8C%D9%86_%D9%82%D9%84%D8%A8%D9%85%DB%8C?playlist=60f150781d41c878e17497d1 HTTP/1.1" 200 27676 "-" "Mozilla/5.0 (compatible; SemrushBot/7~bl; +http://www.semrush.com/bot.html)" -access_log/var/log/nginx/access.log
66.249.64.106 - - [09/Aug/2023:01:34:54 +0330] "GET /player/NjJlYmFiNDk5NzY3YTBkMjAwZTg0MTQ3 HTTP/1.1" 302 0 "-" "Mozilla/5.0 (Linux; Android 6.0.1; Nexus 5X Build/MMB29P) AppleWebKit/537.36 (KHTML, like Gecko) Chrome/114.0.5735.179 Mobile Safari/537.36 (compatible; Googlebot/2.1; +http://www.google.com/bot.html)" -access_log/var/log/nginx/access.log
66.249.64.105 - - [09/Aug/2023:01:34:56 +0330] "GET /p/%D9%85%DB%8C%D8%AB%D9%85_%D9%85%D8%B7%DB%8C%D8%B9%DB%8C/%D8%A8%D9%87_%D8%AD%D8%B1%D9%85_%D8%AA%D9%88_%D8%A8%D8%B1%D9%85%DB%8C%DA%AF%D8%B1%D8%AF%D9%85? HTTP/1.1" 200 25595 "-" "Mozilla/5.0 (Linux; Android 6.0.1; Nexus 5X Build/MMB29P) AppleWebKit/537.36 (KHTML, like Gecko) Chrome/114.0.5735.179 Mobile Safari/537.36 (compatible; Googlebot/2.1; +http://www.google.com/bot.html)" -access_log/var/log/nginx/access.log
66.249.64.106 - - [09/Aug/2023:01:35:57 +0330] "GET /hits HTTP/1.1" 200 19054 "-" "Mozilla/5.0 (compatible; Googlebot/2.1; +http://www.google.com/bot.html)" -access_log/var/log/nginx/access.log
66.249.64.106 - - [09/Aug/2023:01:35:58 +0330] "GET /static/css/main.css HTTP/1.1" 200 21289 "https://notenet.ir/hits" "Mozilla/5.0 AppleWebKit/537.36 (KHTML, like Gecko; compatible; Googlebot/2.1; +http://www.google.com/bot.html) Chrome/114.0.5735.179 Safari/537.36" -access_log/var/log/nginx/access.log
31.2.147.112 - - [09/Aug/2023:01:36:14 +0330] "GET /image/proxy/rs:fill:150:150:1/g:sm/s:150:150/plain/https://notenet.ir/media/a420cd013bcec87c4d454bef7a2911e7.jpg@webp HTTP/1.1" 200 3366 "-" "python-requests/2.28.1" -access_log/var/log/nginx/access.log
10.2.51.2 - - [09/Aug/2023:01:36:14 +0330] "GET /media/a420cd013bcec87c4d454bef7a2911e7.jpg HTTP/2.0" 200 34049 "-" "imgproxy/3.18.2" -access_log/var/log/nginx/access.log
10.2.51.2 - - [09/Aug/2023:01:37:00 +0330] "GET /media/75ed033681812732bf75686c2eaefc0f.jpg HTTP/2.0" 200 312055 "-" "imgproxy/3.18.2" -access_log/var/log/nginx/access.log
66.249.64.105 - - [09/Aug/2023:01:37:00 +0330] "GET /image/proxy/rs:fill:300:300:1/g:sm/s:300:300/plain/https://notenet.ir/media/75ed033681812732bf75686c2eaefc0f.jpg@webp HTTP/1.1" 200 10170 "-" "Googlebot-Image/1.0" -access_log/var/log/nginx/access.log
66.249.64.105 - - [09/Aug/2023:01:37:20 +0330] "GET /player/NjEzZGM4MTY4NmQyZDMzNDIzNjNkMDBm HTTP/1.1" 302 0 "-" "Mozilla/5.0 (Linux; Android 6.0.1; Nexus 5X Build/MMB29P) AppleWebKit/537.36 (KHTML, like Gecko) Chrome/114.0.5735.179 Mobile Safari/537.36 (compatible; Googlebot/2.1; +http://www.google.com/bot.html)" -access_log/var/log/nginx/access.log
66.249.64.105 - - [09/Aug/2023:01:39:59 +0330] "GET /p/%DA%AF%D8%B1%D9%88%D9%87_%D8%B9%D8%AC%D9%85/%D8%B7%DB%8C%D8%A8%D9%87_%D8%AC%D8%A7%D9%86? HTTP/1.1" 200 26161 "-" "Mozilla/5.0 (compatible; Googlebot/2.1; +http://www.google.com/bot.html)" -access_log/var/log/nginx/access.log
193.186.4.42 - - [09/Aug/2023:01:41:32 +0330] "GET /p/%D8%B9%D9%84%DB%8C%D8%B1%D8%B6%D8%A7_%D9%82%D8%B1%D8%A8%D8%A7%D9%86%DB%8C/%D8%B4%D8%A8_%D8%AF%D9%87%D9%85? HTTP/2.0" 499 0 "-" "Mozilla/5.0 (Linux; Android 10; K) AppleWebKit/537.36 (KHTML, like Gecko) Chrome/103.0.0.0 Mobile Safari/537.36" -access_log/var/log/nginx/access.log
5.112.135.54 - - [09/Aug/2023:01:41:34 +0330] "GET /p/%D8%B9%D9%84%DB%8C%D8%B1%D8%B6%D8%A7_%D9%82%D8%B1%D8%A8%D8%A7%D9%86%DB%8C/%D8%B4%D8%A8_%D8%AF%D9%87%D9%85? HTTP/2.0" 200 27505 "https://www.google.com/" "Mozilla/5.0 (Linux; Android 10; STK-L21) AppleWebKit/537.36 (KHTML, like Gecko) Chrome/103.0.0.0 Mobile Safari/537.36" -access_log/var/log/nginx/access.log
5.112.135.54 - - [09/Aug/2023:01:41:34 +0330] "GET /static/sass/layout/footer.min.css HTTP/2.0" 200 1497 "https://notenet.ir/p/%D8%B9%D9%84%DB%8C%D8%B1%D8%B6%D8%A7_%D9%82%D8%B1%D8%A8%D8%A7%D9%86%DB%8C/%D8%B4%D8%A8_%D8%AF%D9%87%D9%85?" "Mozilla/5.0 (Linux; Android 10; STK-L21) AppleWebKit/537.36 (KHTML, like Gecko) Chrome/103.0.0.0 Mobile Safari/537.36" -access_log/var/log/nginx/access.log
5.112.135.54 - - [09/Aug/2023:01:41:34 +0330] "GET /static/css/reset.min.css HTTP/2.0" 200 1085 "https://notenet.ir/p/%D8%B9%D9%84%DB%8C%D8%B1%D8%B6%D8%A7_%D9%82%D8%B1%D8%A8%D8%A7%D9%86%DB%8C/%D8%B4%D8%A8_%D8%AF%D9%87%D9%85?" "Mozilla/5.0 (Linux; Android 10; STK-L21) AppleWebKit/537.36 (KHTML, like Gecko) Chrome/103.0.0.0 Mobile Safari/537.36" -access_log/var/log/nginx/access.log
5.112.135.54 - - [09/Aug/2023:01:41:34 +0330] "GET /static/vendors/all/all.min.css HTTP/2.0" 200 14668 "https://notenet.ir/p/%D8%B9%D9%84%DB%8C%D8%B1%D8%B6%D8%A7_%D9%82%D8%B1%D8%A8%D8%A7%D9%86%DB%8C/%D8%B4%D8%A8_%D8%AF%D9%87%D9%85?" "Mozilla/5.0 (Linux; Android 10; STK-L21) AppleWebKit/537.36 (KHTML, like Gecko) Chrome/103.0.0.0 Mobile Safari/537.36" -access_log/var/log/nginx/access.log
5.112.135.54 - - [09/Aug/2023:01:41:34 +0330] "GET /static/vendors/owl-carousel/owl.theme.default.min.css HTTP/2.0" 200 1013 "https://notenet.ir/p/%D8%B9%D9%84%DB%8C%D8%B1%D8%B6%D8%A7_%D9%82%D8%B1%D8%A8%D8%A7%D9%86%DB%8C/%D8%B4%D8%A8_%D8%AF%D9%87%D9%85?" "Mozilla/5.0 (Linux; Android 10; STK-L21) AppleWebKit/537.36 (KHTML, like Gecko) Chrome/103.0.0.0 Mobile Safari/537.36" -access_log/var/log/nginx/access.log
5.112.135.54 - - [09/Aug/2023:01:41:34 +0330] "GET /static/vendors/owl-carousel/owl.carousel.min.css HTTP/2.0" 200 3351 "https://notenet.ir/p/%D8%B9%D9%84%DB%8C%D8%B1%D8%B6%D8%A7_%D9%82%D8%B1%D8%A8%D8%A7%D9%86%DB%8C/%D8%B4%D8%A8_%D8%AF%D9%87%D9%85?" "Mozilla/5.0 (Linux; Android 10; STK-L21) AppleWebKit/537.36 (KHTML, like Gecko) Chrome/103.0.0.0 Mobile Safari/537.36" -access_log/var/log/nginx/access.log
5.112.135.54 - - [09/Aug/2023:01:41:34 +0330] "GET /static/sass/layout/header.min.css HTTP/2.0" 200 2667 "https://notenet.ir/p/%D8%B9%D9%84%DB%8C%D8%B1%D8%B6%D8%A7_%D9%82%D8%B1%D8%A8%D8%A7%D9%86%DB%8C/%D8%B4%D8%A8_%D8%AF%D9%87%D9%85?" "Mozilla/5.0 (Linux; Android 10; STK-L21) AppleWebKit/537.36 (KHTML, like Gecko) Chrome/103.0.0.0 Mobile Safari/537.36" -access_log/var/log/nginx/access.log
5.112.135.54 - - [09/Aug/2023:01:41:34 +0330] "GET /static/sass/font.min.css HTTP/2.0" 200 465 "https://notenet.ir/p/%D8%B9%D9%84%DB%8C%D8%B1%D8%B6%D8%A7_%D9%82%D8%B1%D8%A8%D8%A7%D9%86%DB%8C/%D8%B4%D8%A8_%D8%AF%D9%87%D9%85?" "Mozilla/5.0 (Linux; Android 10; STK-L21) AppleWebKit/537.36 (KHTML, like Gecko) Chrome/103.0.0.0 Mobile Safari/537.36" -access_log/var/log/nginx/access.log
5.112.135.54 - - [09/Aug/2023:01:41:34 +0330] "GET /static/vendors/jquery-3.6.0.min.js HTTP/2.0" 200 36043 "https://notenet.ir/p/%D8%B9%D9%84%DB%8C%D8%B1%D8%B6%D8%A7_%D9%82%D8%B1%D8%A8%D8%A7%D9%86%DB%8C/%D8%B4%D8%A8_%D8%AF%D9%87%D9%85?" "Mozilla/5.0 (Linux; Android 10; STK-L21) AppleWebKit/537.36 (KHTML, like Gecko) Chrome/103.0.0.0 Mobile Safari/537.36" -access_log/var/log/nginx/access.log
5.112.135.54 - - [09/Aug/2023:01:41:34 +0330] "GET /static/vendors/bootstrap/js/bootstrap.min.js HTTP/2.0" 200 18986 "https://notenet.ir/p/%D8%B9%D9%84%DB%8C%D8%B1%D8%B6%D8%A7_%D9%82%D8%B1%D8%A8%D8%A7%D9%86%DB%8C/%D8%B4%D8%A8_%D8%AF%D9%87%D9%85?" "Mozilla/5.0 (Linux; Android 10; STK-L21) AppleWebKit/537.36 (KHTML, like Gecko) Chrome/103.0.0.0 Mobile Safari/537.36" -access_log/var/log/nginx/access.log
5.112.135.54 - - [09/Aug/2023:01:41:34 +0330] "GET /static/js/carousel.min.js HTTP/2.0" 200 5228 "https://notenet.ir/p/%D8%B9%D9%84%DB%8C%D8%B1%D8%B6%D8%A7_%D9%82%D8%B1%D8%A8%D8%A7%D9%86%DB%8C/%D8%B4%D8%A8_%D8%AF%D9%87%D9%85?" "Mozilla/5.0 (Linux; Android 10; STK-L21) AppleWebKit/537.36 (KHTML, like Gecko) Chrome/103.0.0.0 Mobile Safari/537.36" -access_log/var/log/nginx/access.log
5.112.135.54 - - [09/Aug/2023:01:41:34 +0330] "GET /static/vendors/owl-carousel/owl.carousel.min.js HTTP/2.0" 200 13726 "https://notenet.ir/p/%D8%B9%D9%84%DB%8C%D8%B1%D8%B6%D8%A7_%D9%82%D8%B1%D8%A8%D8%A7%D9%86%DB%8C/%D8%B4%D8%A8_%D8%AF%D9%87%D9%85?" "Mozilla/5.0 (Linux; Android 10; STK-L21) AppleWebKit/537.36 (KHTML, like Gecko) Chrome/103.0.0.0 Mobile Safari/537.36" -access_log/var/log/nginx/access.log
5.112.135.54 - - [09/Aug/2023:01:41:34 +0330] "GET /static/vendors/bootstrap/css/bootstrap.min.css HTTP/2.0" 200 31918 "https://notenet.ir/p/%D8%B9%D9%84%DB%8C%D8%B1%D8%B6%D8%A7_%D9%82%D8%B1%D8%A8%D8%A7%D9%86%DB%8C/%D8%B4%D8%A8_%D8%AF%D9%87%D9%85?" "Mozilla/5.0 (Linux; Android 10; STK-L21) AppleWebKit/537.36 (KHTML, like Gecko) Chrome/103.0.0.0 Mobile Safari/537.36" -access_log/var/log/nginx/access.log
5.112.135.54 - - [09/Aug/2023:01:41:34 +0330] "GET /static/css/main.css HTTP/2.0" 200 21276 "https://notenet.ir/p/%D8%B9%D9%84%DB%8C%D8%B1%D8%B6%D8%A7_%D9%82%D8%B1%D8%A8%D8%A7%D9%86%DB%8C/%D8%B4%D8%A8_%D8%AF%D9%87%D9%85?" "Mozilla/5.0 (Linux; Android 10; STK-L21) AppleWebKit/537.36 (KHTML, like Gecko) Chrome/103.0.0.0 Mobile Safari/537.36" -access_log/var/log/nginx/access.log
5.112.135.54 - - [09/Aug/2023:01:41:34 +0330] "GET /static/js/main-javascript.min.js HTTP/2.0" 200 7142 "https://notenet.ir/p/%D8%B9%D9%84%DB%8C%D8%B1%D8%B6%D8%A7_%D9%82%D8%B1%D8%A8%D8%A7%D9%86%DB%8C/%D8%B4%D8%A8_%D8%AF%D9%87%D9%85?" "Mozilla/5.0 (Linux; Android 10; STK-L21) AppleWebKit/537.36 (KHTML, like Gecko) Chrome/103.0.0.0 Mobile Safari/537.36" -access_log/var/log/nginx/access.log
5.112.135.54 - - [09/Aug/2023:01:41:34 +0330] "GET /static/vendors/jquery-cookie.min.js HTTP/2.0" 200 1301 "https://notenet.ir/p/%D8%B9%D9%84%DB%8C%D8%B1%D8%B6%D8%A7_%D9%82%D8%B1%D8%A8%D8%A7%D9%86%DB%8C/%D8%B4%D8%A8_%D8%AF%D9%87%D9%85?" "Mozilla/5.0 (Linux; Android 10; STK-L21) AppleWebKit/537.36 (KHTML, like Gecko) Chrome/103.0.0.0 Mobile Safari/537.36" -access_log/var/log/nginx/access.log
5.112.135.54 - - [09/Aug/2023:01:41:35 +0330] "GET /static/vendors/shaka/mux.js HTTP/2.0" 200 81795 "https://notenet.ir/p/%D8%B9%D9%84%DB%8C%D8%B1%D8%B6%D8%A7_%D9%82%D8%B1%D8%A8%D8%A7%D9%86%DB%8C/%D8%B4%D8%A8_%D8%AF%D9%87%D9%85?" "Mozilla/5.0 (Linux; Android 10; STK-L21) AppleWebKit/537.36 (KHTML, like Gecko) Chrome/103.0.0.0 Mobile Safari/537.36" -access_log/var/log/nginx/access.log
5.112.135.54 - - [09/Aug/2023:01:41:35 +0330] "GET /static/vendors/shaka/controls.css HTTP/2.0" 200 4468 "https://notenet.ir/p/%D8%B9%D9%84%DB%8C%D8%B1%D8%B6%D8%A7_%D9%82%D8%B1%D8%A8%D8%A7%D9%86%DB%8C/%D8%B4%D8%A8_%D8%AF%D9%87%D9%85?" "Mozilla/5.0 (Linux; Android 10; STK-L21) AppleWebKit/537.36 (KHTML, like Gecko) Chrome/103.0.0.0 Mobile Safari/537.36" -access_log/var/log/nginx/access.log
5.112.135.54 - - [09/Aug/2023:01:41:35 +0330] "GET /static/vendors/shaka/shaka-player.ui.js HTTP/2.0" 200 200643 "https://notenet.ir/p/%D8%B9%D9%84%DB%8C%D8%B1%D8%B6%D8%A7_%D9%82%D8%B1%D8%A8%D8%A7%D9%86%DB%8C/%D8%B4%D8%A8_%D8%AF%D9%87%D9%85?" "Mozilla/5.0 (Linux; Android 10; STK-L21) AppleWebKit/537.36 (KHTML, like Gecko) Chrome/103.0.0.0 Mobile Safari/537.36" -access_log/var/log/nginx/access.log
5.112.135.54 - - [09/Aug/2023:01:41:35 +0330] "GET /static/vendors/iphone-inline-video.min.js HTTP/2.0" 200 4086 "https://notenet.ir/p/%D8%B9%D9%84%DB%8C%D8%B1%D8%B6%D8%A7_%D9%82%D8%B1%D8%A8%D8%A7%D9%86%DB%8C/%D8%B4%D8%A8_%D8%AF%D9%87%D9%85?" "Mozilla/5.0 (Linux; Android 10; STK-L21) AppleWebKit/537.36 (KHTML, like Gecko) Chrome/103.0.0.0 Mobile Safari/537.36" -access_log/var/log/nginx/access.log
5.112.135.54 - - [09/Aug/2023:01:41:35 +0330] "GET /image/proxy/rs:fill:150:150:1/g:sm/s:150:150/plain/https://notenet.ir/media/d3caa267988c0cb2a2e5b3850e59c0b2.jpg@webp HTTP/2.0" 200 2486 "https://notenet.ir/p/%D8%B9%D9%84%DB%8C%D8%B1%D8%B6%D8%A7_%D9%82%D8%B1%D8%A8%D8%A7%D9%86%DB%8C/%D8%B4%D8%A8_%D8%AF%D9%87%D9%85?" "Mozilla/5.0 (Linux; Android 10; STK-L21) AppleWebKit/537.36 (KHTML, like Gecko) Chrome/103.0.0.0 Mobile Safari/537.36" -access_log/var/log/nginx/access.log
5.112.135.54 - - [09/Aug/2023:01:41:35 +0330] "GET /static/img/Email.png HTTP/2.0" 200 466 "https://notenet.ir/p/%D8%B9%D9%84%DB%8C%D8%B1%D8%B6%D8%A7_%D9%82%D8%B1%D8%A8%D8%A7%D9%86%DB%8C/%D8%B4%D8%A8_%D8%AF%D9%87%D9%85?" "Mozilla/5.0 (Linux; Android 10; STK-L21) AppleWebKit/537.36 (KHTML, like Gecko) Chrome/103.0.0.0 Mobile Safari/537.36" -access_log/var/log/nginx/access.log
5.112.135.54 - - [09/Aug/2023:01:41:35 +0330] "GET /static/img/FooterLogo.png HTTP/2.0" 200 2585 "https://notenet.ir/p/%D8%B9%D9%84%DB%8C%D8%B1%D8%B6%D8%A7_%D9%82%D8%B1%D8%A8%D8%A7%D9%86%DB%8C/%D8%B4%D8%A8_%D8%AF%D9%87%D9%85?" "Mozilla/5.0 (Linux; Android 10; STK-L21) AppleWebKit/537.36 (KHTML, like Gecko) Chrome/103.0.0.0 Mobile Safari/537.36" -access_log/var/log/nginx/access.log
5.112.135.54 - - [09/Aug/2023:01:41:35 +0330] "GET /static/img/AboutUs.png HTTP/2.0" 200 1642 "https://notenet.ir/p/%D8%B9%D9%84%DB%8C%D8%B1%D8%B6%D8%A7_%D9%82%D8%B1%D8%A8%D8%A7%D9%86%DB%8C/%D8%B4%D8%A8_%D8%AF%D9%87%D9%85?" "Mozilla/5.0 (Linux; Android 10; STK-L21) AppleWebKit/537.36 (KHTML, like Gecko) Chrome/103.0.0.0 Mobile Safari/537.36" -access_log/var/log/nginx/access.log
5.112.135.54 - - [09/Aug/2023:01:41:35 +0330] "GET /static/img/Instagram.png HTTP/2.0" 200 467 "https://notenet.ir/p/%D8%B9%D9%84%DB%8C%D8%B1%D8%B6%D8%A7_%D9%82%D8%B1%D8%A8%D8%A7%D9%86%DB%8C/%D8%B4%D8%A8_%D8%AF%D9%87%D9%85?" "Mozilla/5.0 (Linux; Android 10; STK-L21) AppleWebKit/537.36 (KHTML, like Gecko) Chrome/103.0.0.0 Mobile Safari/537.36" -access_log/var/log/nginx/access.log
5.112.135.54 - - [09/Aug/2023:01:41:35 +0330] "GET /static/img/Rules.png HTTP/2.0" 200 1530 "https://notenet.ir/p/%D8%B9%D9%84%DB%8C%D8%B1%D8%B6%D8%A7_%D9%82%D8%B1%D8%A8%D8%A7%D9%86%DB%8C/%D8%B4%D8%A8_%D8%AF%D9%87%D9%85?" "Mozilla/5.0 (Linux; Android 10; STK-L21) AppleWebKit/537.36 (KHTML, like Gecko) Chrome/103.0.0.0 Mobile Safari/537.36" -access_log/var/log/nginx/access.log
10.2.51.2 - - [09/Aug/2023:01:41:35 +0330] "GET /media/d3caa267988c0cb2a2e5b3850e59c0b2.jpg HTTP/2.0" 200 7501 "-" "imgproxy/3.18.2" -access_log/var/log/nginx/access.log
5.112.135.54 - - [09/Aug/2023:01:41:35 +0330] "GET /static/img/ContactUs.png HTTP/2.0" 200 1819 "https://notenet.ir/p/%D8%B9%D9%84%DB%8C%D8%B1%D8%B6%D8%A7_%D9%82%D8%B1%D8%A8%D8%A7%D9%86%DB%8C/%D8%B4%D8%A8_%D8%AF%D9%87%D9%85?" "Mozilla/5.0 (Linux; Android 10; STK-L21) AppleWebKit/537.36 (KHTML, like Gecko) Chrome/103.0.0.0 Mobile Safari/537.36" -access_log/var/log/nginx/access.log
5.112.135.54 - - [09/Aug/2023:01:41:35 +0330] "GET /static/img/FAQ.svg HTTP/2.0" 200 1961 "https://notenet.ir/p/%D8%B9%D9%84%DB%8C%D8%B1%D8%B6%D8%A7_%D9%82%D8%B1%D8%A8%D8%A7%D9%86%DB%8C/%D8%B4%D8%A8_%D8%AF%D9%87%D9%85?" "Mozilla/5.0 (Linux; Android 10; STK-L21) AppleWebKit/537.36 (KHTML, like Gecko) Chrome/103.0.0.0 Mobile Safari/537.36" -access_log/var/log/nginx/access.log
5.112.135.54 - - [09/Aug/2023:01:41:35 +0330] "GET /static/font/Shabnam.woff2 HTTP/2.0" 200 35752 "https://notenet.ir/static/sass/font.min.css" "Mozilla/5.0 (Linux; Android 10; STK-L21) AppleWebKit/537.36 (KHTML, like Gecko) Chrome/103.0.0.0 Mobile Safari/537.36" -access_log/var/log/nginx/access.log
5.112.135.54 - - [09/Aug/2023:01:41:35 +0330] "GET /static/img/Notenet-Logotype.png HTTP/2.0" 200 15578 "https://notenet.ir/p/%D8%B9%D9%84%DB%8C%D8%B1%D8%B6%D8%A7_%D9%82%D8%B1%D8%A8%D8%A7%D9%86%DB%8C/%D8%B4%D8%A8_%D8%AF%D9%87%D9%85?" "Mozilla/5.0 (Linux; Android 10; STK-L21) AppleWebKit/537.36 (KHTML, like Gecko) Chrome/103.0.0.0 Mobile Safari/537.36" -access_log/var/log/nginx/access.log
5.112.135.54 - - [09/Aug/2023:01:41:35 +0330] "GET /static/vendors/webfonts/fa-regular-400.woff2 HTTP/2.0" 200 13548 "https://notenet.ir/static/vendors/all/all.min.css" "Mozilla/5.0 (Linux; Android 10; STK-L21) AppleWebKit/537.36 (KHTML, like Gecko) Chrome/103.0.0.0 Mobile Safari/537.36" -access_log/var/log/nginx/access.log
5.112.135.54 - - [09/Aug/2023:01:41:36 +0330] "GET /static/img/svg/backward.svg HTTP/2.0" 200 1314 "https://notenet.ir/p/%D8%B9%D9%84%DB%8C%D8%B1%D8%B6%D8%A7_%D9%82%D8%B1%D8%A8%D8%A7%D9%86%DB%8C/%D8%B4%D8%A8_%D8%AF%D9%87%D9%85?" "Mozilla/5.0 (Linux; Android 10; STK-L21) AppleWebKit/537.36 (KHTML, like Gecko) Chrome/103.0.0.0 Mobile Safari/537.36" -access_log/var/log/nginx/access.log
5.112.135.54 - - [09/Aug/2023:01:41:36 +0330] "GET /static/img/svg/forward.svg HTTP/2.0" 200 1322 "https://notenet.ir/p/%D8%B9%D9%84%DB%8C%D8%B1%D8%B6%D8%A7_%D9%82%D8%B1%D8%A8%D8%A7%D9%86%DB%8C/%D8%B4%D8%A8_%D8%AF%D9%87%D9%85?" "Mozilla/5.0 (Linux; Android 10; STK-L21) AppleWebKit/537.36 (KHTML, like Gecko) Chrome/103.0.0.0 Mobile Safari/537.36" -access_log/var/log/nginx/access.log
5.112.135.54 - - [09/Aug/2023:01:41:36 +0330] "GET /static/vendors/webfonts/fa-solid-900.woff2 HTTP/2.0" 200 80300 "https://notenet.ir/static/vendors/all/all.min.css" "Mozilla/5.0 (Linux; Android 10; STK-L21) AppleWebKit/537.36 (KHTML, like Gecko) Chrome/103.0.0.0 Mobile Safari/537.36" -access_log/var/log/nginx/access.log
5.112.135.54 - - [09/Aug/2023:01:41:36 +0330] "GET /static/font/Shabnam-FD.woff2 HTTP/2.0" 200 34816 "https://notenet.ir/static/sass/font.min.css" "Mozilla/5.0 (Linux; Android 10; STK-L21) AppleWebKit/537.36 (KHTML, like Gecko) Chrome/103.0.0.0 Mobile Safari/537.36" -access_log/var/log/nginx/access.log
5.112.135.54 - - [09/Aug/2023:01:41:36 +0330] "GET /image/proxy/rs:fill:140:100:1/g:sm/s:140:100/plain/https://notenet.ir/media/e90f5f84307c391ad7378b078598342d.jpg@webp HTTP/2.0" 200 2514 "https://notenet.ir/p/%D8%B9%D9%84%DB%8C%D8%B1%D8%B6%D8%A7_%D9%82%D8%B1%D8%A8%D8%A7%D9%86%DB%8C/%D8%B4%D8%A8_%D8%AF%D9%87%D9%85?" "Mozilla/5.0 (Linux; Android 10; STK-L21) AppleWebKit/537.36 (KHTML, like Gecko) Chrome/103.0.0.0 Mobile Safari/537.36" -access_log/var/log/nginx/access.log
10.2.51.2 - - [09/Aug/2023:01:41:36 +0330] "GET /media/e90f5f84307c391ad7378b078598342d.jpg HTTP/2.0" 200 386454 "-" "imgproxy/3.18.2" -access_log/var/log/nginx/access.log
5.112.135.54 - - [09/Aug/2023:01:41:36 +0330] "GET /image/proxy/rs:fill:140:100:1/g:sm/s:140:100/plain/https://notenet.ir/media/f4a526692804612b73ff3ca65db448aa.jpg@webp HTTP/2.0" 200 1454 "https://notenet.ir/p/%D8%B9%D9%84%DB%8C%D8%B1%D8%B6%D8%A7_%D9%82%D8%B1%D8%A8%D8%A7%D9%86%DB%8C/%D8%B4%D8%A8_%D8%AF%D9%87%D9%85?" "Mozilla/5.0 (Linux; Android 10; STK-L21) AppleWebKit/537.36 (KHTML, like Gecko) Chrome/103.0.0.0 Mobile Safari/537.36" -access_log/var/log/nginx/access.log
10.2.51.2 - - [09/Aug/2023:01:41:36 +0330] "GET /media/f4a526692804612b73ff3ca65db448aa.jpg HTTP/2.0" 200 218656 "-" "imgproxy/3.18.2" -access_log/var/log/nginx/access.log
5.112.135.54 - - [09/Aug/2023:01:41:36 +0330] "GET /image/proxy/rs:fill:140:100:1/g:sm/s:140:100/plain/https://notenet.ir/media/829f807c875bd126fc9ddaf628237ea9.jpg@webp HTTP/2.0" 200 1550 "https://notenet.ir/p/%D8%B9%D9%84%DB%8C%D8%B1%D8%B6%D8%A7_%D9%82%D8%B1%D8%A8%D8%A7%D9%86%DB%8C/%D8%B4%D8%A8_%D8%AF%D9%87%D9%85?" "Mozilla/5.0 (Linux; Android 10; STK-L21) AppleWebKit/537.36 (KHTML, like Gecko) Chrome/103.0.0.0 Mobile Safari/537.36" -access_log/var/log/nginx/access.log
5.112.135.54 - - [09/Aug/2023:01:41:36 +0330] "GET /image/proxy/rs:fill:140:100:1/g:sm/s:140:100/plain/https://notenet.ir/media/54b883634234a80954bb8e86de527e89.jpg@webp HTTP/2.0" 200 2586 "https://notenet.ir/p/%D8%B9%D9%84%DB%8C%D8%B1%D8%B6%D8%A7_%D9%82%D8%B1%D8%A8%D8%A7%D9%86%DB%8C/%D8%B4%D8%A8_%D8%AF%D9%87%D9%85?" "Mozilla/5.0 (Linux; Android 10; STK-L21) AppleWebKit/537.36 (KHTML, like Gecko) Chrome/103.0.0.0 Mobile Safari/537.36" -access_log/var/log/nginx/access.log
10.2.51.2 - - [09/Aug/2023:01:41:36 +0330] "GET /media/54b883634234a80954bb8e86de527e89.jpg HTTP/2.0" 200 45894 "-" "imgproxy/3.18.2" -access_log/var/log/nginx/access.log
10.2.51.2 - - [09/Aug/2023:01:41:36 +0330] "GET /media/829f807c875bd126fc9ddaf628237ea9.jpg HTTP/2.0" 200 836086 "-" "imgproxy/3.18.2" -access_log/var/log/nginx/access.log
5.112.135.54 - - [09/Aug/2023:01:41:36 +0330] "GET /image/proxy/rs:fill:140:100:1/g:sm/s:140:100/plain/https://notenet.ir/media/02721f37d1721fd03e5d0e48b6f4640d.jpg@webp HTTP/2.0" 200 3080 "https://notenet.ir/p/%D8%B9%D9%84%DB%8C%D8%B1%D8%B6%D8%A7_%D9%82%D8%B1%D8%A8%D8%A7%D9%86%DB%8C/%D8%B4%D8%A8_%D8%AF%D9%87%D9%85?" "Mozilla/5.0 (Linux; Android 10; STK-L21) AppleWebKit/537.36 (KHTML, like Gecko) Chrome/103.0.0.0 Mobile Safari/537.36" -access_log/var/log/nginx/access.log
5.112.135.54 - - [09/Aug/2023:01:41:36 +0330] "GET /image/proxy/rs:fill:140:100:1/g:sm/s:140:100/plain/https://notenet.ir/media/3e8944c26444e898a77ebfc855dd949b.jpg@webp HTTP/2.0" 200 2626 "https://notenet.ir/p/%D8%B9%D9%84%DB%8C%D8%B1%D8%B6%D8%A7_%D9%82%D8%B1%D8%A8%D8%A7%D9%86%DB%8C/%D8%B4%D8%A8_%D8%AF%D9%87%D9%85?" "Mozilla/5.0 (Linux; Android 10; STK-L21) AppleWebKit/537.36 (KHTML, like Gecko) Chrome/103.0.0.0 Mobile Safari/537.36" -access_log/var/log/nginx/access.log
5.112.135.54 - - [09/Aug/2023:01:41:36 +0330] "GET /image/proxy/rs:fill:140:100:1/g:sm/s:140:100/plain/https://notenet.ir/media/eea620c81e05cc11805a09c99d49303f.jpg@webp HTTP/2.0" 200 3340 "https://notenet.ir/p/%D8%B9%D9%84%DB%8C%D8%B1%D8%B6%D8%A7_%D9%82%D8%B1%D8%A8%D8%A7%D9%86%DB%8C/%D8%B4%D8%A8_%D8%AF%D9%87%D9%85?" "Mozilla/5.0 (Linux; Android 10; STK-L21) AppleWebKit/537.36 (KHTML, like Gecko) Chrome/103.0.0.0 Mobile Safari/537.36" -access_log/var/log/nginx/access.log
5.112.135.54 - - [09/Aug/2023:01:41:36 +0330] "GET /image/proxy/rs:fill:140:100:1/g:sm/s:140:100/plain/https://notenet.ir/media/b3ed683109ce7735717b381d73f29b00.jpg@webp HTTP/2.0" 200 2178 "https://notenet.ir/p/%D8%B9%D9%84%DB%8C%D8%B1%D8%B6%D8%A7_%D9%82%D8%B1%D8%A8%D8%A7%D9%86%DB%8C/%D8%B4%D8%A8_%D8%AF%D9%87%D9%85?" "Mozilla/5.0 (Linux; Android 10; STK-L21) AppleWebKit/537.36 (KHTML, like Gecko) Chrome/103.0.0.0 Mobile Safari/537.36" -access_log/var/log/nginx/access.log
10.2.51.2 - - [09/Aug/2023:01:41:36 +0330] "GET /media/02721f37d1721fd03e5d0e48b6f4640d.jpg HTTP/2.0" 200 295754 "-" "imgproxy/3.18.2" -access_log/var/log/nginx/access.log
10.2.51.2 - - [09/Aug/2023:01:41:36 +0330] "GET /media/3e8944c26444e898a77ebfc855dd949b.jpg HTTP/2.0" 200 64051 "-" "imgproxy/3.18.2" -access_log/var/log/nginx/access.log
10.2.51.2 - - [09/Aug/2023:01:41:36 +0330] "GET /media/eea620c81e05cc11805a09c99d49303f.jpg HTTP/2.0" 200 475178 "-" "imgproxy/3.18.2" -access_log/var/log/nginx/access.log
10.2.51.2 - - [09/Aug/2023:01:41:36 +0330] "GET /media/b3ed683109ce7735717b381d73f29b00.jpg HTTP/2.0" 200 485036 "-" "imgproxy/3.18.2" -access_log/var/log/nginx/access.log
5.112.135.54 - - [09/Aug/2023:01:41:36 +0330] "GET /image/proxy/rs:fill:140:100:1/g:sm/s:140:100/plain/https://notenet.ir/media/ffb1c7136eb400d9464b9cf05513b1a6.jpg@webp HTTP/2.0" 200 2250 "https://notenet.ir/p/%D8%B9%D9%84%DB%8C%D8%B1%D8%B6%D8%A7_%D9%82%D8%B1%D8%A8%D8%A7%D9%86%DB%8C/%D8%B4%D8%A8_%D8%AF%D9%87%D9%85?" "Mozilla/5.0 (Linux; Android 10; STK-L21) AppleWebKit/537.36 (KHTML, like Gecko) Chrome/103.0.0.0 Mobile Safari/537.36" -access_log/var/log/nginx/access.log
5.112.135.54 - - [09/Aug/2023:01:41:36 +0330] "GET /image/proxy/rs:fill:140:100:1/g:sm/s:140:100/plain/https://notenet.ir/media/9c559bdc9fa29aeb05c9aa6cc06cd587.jpg@webp HTTP/2.0" 200 3760 "https://notenet.ir/p/%D8%B9%D9%84%DB%8C%D8%B1%D8%B6%D8%A7_%D9%82%D8%B1%D8%A8%D8%A7%D9%86%DB%8C/%D8%B4%D8%A8_%D8%AF%D9%87%D9%85?" "Mozilla/5.0 (Linux; Android 10; STK-L21) AppleWebKit/537.36 (KHTML, like Gecko) Chrome/103.0.0.0 Mobile Safari/537.36" -access_log/var/log/nginx/access.log
5.112.135.54 - - [09/Aug/2023:01:41:36 +0330] "GET /image/proxy/rs:fill:140:100:1/g:sm/s:140:100/plain/https://notenet.ir/media/de2b98c7be479f5bdbb29b11bfddbe2f.jpg@webp HTTP/2.0" 200 2046 "https://notenet.ir/p/%D8%B9%D9%84%DB%8C%D8%B1%D8%B6%D8%A7_%D9%82%D8%B1%D8%A8%D8%A7%D9%86%DB%8C/%D8%B4%D8%A8_%D8%AF%D9%87%D9%85?" "Mozilla/5.0 (Linux; Android 10; STK-L21) AppleWebKit/537.36 (KHTML, like Gecko) Chrome/103.0.0.0 Mobile Safari/537.36" -access_log/var/log/nginx/access.log
5.112.135.54 - - [09/Aug/2023:01:41:36 +0330] "GET /image/proxy/rs:fill:140:100:1/g:sm/s:140:100/plain/https://notenet.ir/media/8e1f1fd9536f0f101badef9521babcd0.jpg@webp HTTP/2.0" 200 1496 "https://notenet.ir/p/%D8%B9%D9%84%DB%8C%D8%B1%D8%B6%D8%A7_%D9%82%D8%B1%D8%A8%D8%A7%D9%86%DB%8C/%D8%B4%D8%A8_%D8%AF%D9%87%D9%85?" "Mozilla/5.0 (Linux; Android 10; STK-L21) AppleWebKit/537.36 (KHTML, like Gecko) Chrome/103.0.0.0 Mobile Safari/537.36" -access_log/var/log/nginx/access.log
5.112.135.54 - - [09/Aug/2023:01:41:36 +0330] "GET /image/proxy/rs:fill:140:100:1/g:sm/s:140:100/plain/https://notenet.ir/media/adba086cc4a838f01d6cdfc51a1d9602.jpg@webp HTTP/2.0" 200 2762 "https://notenet.ir/p/%D8%B9%D9%84%DB%8C%D8%B1%D8%B6%D8%A7_%D9%82%D8%B1%D8%A8%D8%A7%D9%86%DB%8C/%D8%B4%D8%A8_%D8%AF%D9%87%D9%85?" "Mozilla/5.0 (Linux; Android 10; STK-L21) AppleWebKit/537.36 (KHTML, like Gecko) Chrome/103.0.0.0 Mobile Safari/537.36" -access_log/var/log/nginx/access.log
5.112.135.54 - - [09/Aug/2023:01:41:36 +0330] "GET /image/proxy/rs:fill:140:100:1/g:sm/s:140:100/plain/https://notenet.ir/media/ebe4f9b15a4bffd3dda20d775a02d235.jpg@webp HTTP/2.0" 200 2688 "https://notenet.ir/p/%D8%B9%D9%84%DB%8C%D8%B1%D8%B6%D8%A7_%D9%82%D8%B1%D8%A8%D8%A7%D9%86%DB%8C/%D8%B4%D8%A8_%D8%AF%D9%87%D9%85?" "Mozilla/5.0 (Linux; Android 10; STK-L21) AppleWebKit/537.36 (KHTML, like Gecko) Chrome/103.0.0.0 Mobile Safari/537.36" -access_log/var/log/nginx/access.log
5.112.135.54 - - [09/Aug/2023:01:41:36 +0330] "GET /image/proxy/rs:fill:140:100:1/g:sm/s:140:100/plain/https://notenet.ir/media/ea7e9776e6b5a06844e8877c9b47a8dc.jpeg@webp HTTP/2.0" 200 1624 "https://notenet.ir/p/%D8%B9%D9%84%DB%8C%D8%B1%D8%B6%D8%A7_%D9%82%D8%B1%D8%A8%D8%A7%D9%86%DB%8C/%D8%B4%D8%A8_%D8%AF%D9%87%D9%85?" "Mozilla/5.0 (Linux; Android 10; STK-L21) AppleWebKit/537.36 (KHTML, like Gecko) Chrome/103.0.0.0 Mobile Safari/537.36" -access_log/var/log/nginx/access.log
5.112.135.54 - - [09/Aug/2023:01:41:36 +0330] "GET /image/proxy/rs:fill:140:100:1/g:sm/s:140:100/plain/https://notenet.ir/media/5cc2ca4c6546e529d7d351225912f79f.jpg@webp HTTP/2.0" 200 3530 "https://notenet.ir/p/%D8%B9%D9%84%DB%8C%D8%B1%D8%B6%D8%A7_%D9%82%D8%B1%D8%A8%D8%A7%D9%86%DB%8C/%D8%B4%D8%A8_%D8%AF%D9%87%D9%85?" "Mozilla/5.0 (Linux; Android 10; STK-L21) AppleWebKit/537.36 (KHTML, like Gecko) Chrome/103.0.0.0 Mobile Safari/537.36" -access_log/var/log/nginx/access.log
5.112.135.54 - - [09/Aug/2023:01:41:36 +0330] "GET /image/proxy/rs:fill:140:100:1/g:sm/s:140:100/plain/https://notenet.ir/media/9e435d60e2013a4440df7564a04af26e.jpg@webp HTTP/2.0" 200 2284 "https://notenet.ir/p/%D8%B9%D9%84%DB%8C%D8%B1%D8%B6%D8%A7_%D9%82%D8%B1%D8%A8%D8%A7%D9%86%DB%8C/%D8%B4%D8%A8_%D8%AF%D9%87%D9%85?" "Mozilla/5.0 (Linux; Android 10; STK-L21) AppleWebKit/537.36 (KHTML, like Gecko) Chrome/103.0.0.0 Mobile Safari/537.36" -access_log/var/log/nginx/access.log
5.112.135.54 - - [09/Aug/2023:01:41:36 +0330] "GET /image/proxy/rs:fill:140:100:1/g:sm/s:140:100/plain/https://notenet.ir/media/4fd1def3839dd4b29f2374ddb77a94e5.jpg@webp HTTP/2.0" 200 1938 "https://notenet.ir/p/%D8%B9%D9%84%DB%8C%D8%B1%D8%B6%D8%A7_%D9%82%D8%B1%D8%A8%D8%A7%D9%86%DB%8C/%D8%B4%D8%A8_%D8%AF%D9%87%D9%85?" "Mozilla/5.0 (Linux; Android 10; STK-L21) AppleWebKit/537.36 (KHTML, like Gecko) Chrome/103.0.0.0 Mobile Safari/537.36" -access_log/var/log/nginx/access.log
10.2.51.2 - - [09/Aug/2023:01:41:36 +0330] "GET /media/4fd1def3839dd4b29f2374ddb77a94e5.jpg HTTP/2.0" 200 14844 "-" "imgproxy/3.18.2" -access_log/var/log/nginx/access.log
10.2.51.2 - - [09/Aug/2023:01:41:36 +0330] "GET /media/ea7e9776e6b5a06844e8877c9b47a8dc.jpeg HTTP/2.0" 200 68183 "-" "imgproxy/3.18.2" -access_log/var/log/nginx/access.log
10.2.51.2 - - [09/Aug/2023:01:41:36 +0330] "GET /media/5cc2ca4c6546e529d7d351225912f79f.jpg HTTP/2.0" 200 2104220 "-" "imgproxy/3.18.2" -access_log/var/log/nginx/access.log
10.2.51.2 - - [09/Aug/2023:01:41:36 +0330] "GET /media/8e1f1fd9536f0f101badef9521babcd0.jpg HTTP/2.0" 200 202242 "-" "imgproxy/3.18.2" -access_log/var/log/nginx/access.log
10.2.51.2 - - [09/Aug/2023:01:41:36 +0330] "GET /media/adba086cc4a838f01d6cdfc51a1d9602.jpg HTTP/2.0" 200 2918478 "-" "imgproxy/3.18.2" -access_log/var/log/nginx/access.log
10.2.51.2 - - [09/Aug/2023:01:41:36 +0330] "GET /media/9c559bdc9fa29aeb05c9aa6cc06cd587.jpg HTTP/2.0" 200 815801 "-" "imgproxy/3.18.2" -access_log/var/log/nginx/access.log
5.112.135.54 - - [09/Aug/2023:01:41:36 +0330] "GET /image/proxy/rs:fill:140:100:1/g:sm/s:140:100/plain/https://notenet.ir/media/e160fad21065cb389f167989d1f808f1.jpg@webp HTTP/2.0" 200 2848 "https://notenet.ir/p/%D8%B9%D9%84%DB%8C%D8%B1%D8%B6%D8%A7_%D9%82%D8%B1%D8%A8%D8%A7%D9%86%DB%8C/%D8%B4%D8%A8_%D8%AF%D9%87%D9%85?" "Mozilla/5.0 (Linux; Android 10; STK-L21) AppleWebKit/537.36 (KHTML, like Gecko) Chrome/103.0.0.0 Mobile Safari/537.36" -access_log/var/log/nginx/access.log
5.112.135.54 - - [09/Aug/2023:01:41:36 +0330] "GET /image/proxy/rs:fill:140:100:1/g:sm/s:140:100/plain/https://notenet.ir/media/b842ca31406b6afa1f8bcd2ee47f7976.jpg@webp HTTP/2.0" 200 2824 "https://notenet.ir/p/%D8%B9%D9%84%DB%8C%D8%B1%D8%B6%D8%A7_%D9%82%D8%B1%D8%A8%D8%A7%D9%86%DB%8C/%D8%B4%D8%A8_%D8%AF%D9%87%D9%85?" "Mozilla/5.0 (Linux; Android 10; STK-L21) AppleWebKit/537.36 (KHTML, like Gecko) Chrome/103.0.0.0 Mobile Safari/537.36" -access_log/var/log/nginx/access.log
5.112.135.54 - - [09/Aug/2023:01:41:36 +0330] "GET /image/proxy/rs:fill:140:100:1/g:sm/s:140:100/plain/https://notenet.ir/media/d3beba3c378b7c1c2cbea57ea36022d1.jpg@webp HTTP/2.0" 200 2998 "https://notenet.ir/p/%D8%B9%D9%84%DB%8C%D8%B1%D8%B6%D8%A7_%D9%82%D8%B1%D8%A8%D8%A7%D9%86%DB%8C/%D8%B4%D8%A8_%D8%AF%D9%87%D9%85?" "Mozilla/5.0 (Linux; Android 10; STK-L21) AppleWebKit/537.36 (KHTML, like Gecko) Chrome/103.0.0.0 Mobile Safari/537.36" -access_log/var/log/nginx/access.log
5.112.135.54 - - [09/Aug/2023:01:41:36 +0330] "GET /image/proxy/rs:fill:140:100:1/g:sm/s:140:100/plain/https://notenet.ir/media/9237c2807f6f3ae9ccd07d09e0c6d424.jpg@webp HTTP/2.0" 200 2602 "https://notenet.ir/p/%D8%B9%D9%84%DB%8C%D8%B1%D8%B6%D8%A7_%D9%82%D8%B1%D8%A8%D8%A7%D9%86%DB%8C/%D8%B4%D8%A8_%D8%AF%D9%87%D9%85?" "Mozilla/5.0 (Linux; Android 10; STK-L21) AppleWebKit/537.36 (KHTML, like Gecko) Chrome/103.0.0.0 Mobile Safari/537.36" -access_log/var/log/nginx/access.log
5.112.135.54 - - [09/Aug/2023:01:41:36 +0330] "GET /image/proxy/rs:fill:140:100:1/g:sm/s:140:100/plain/https://notenet.ir/media/6ac3105569ec5424957fa7a33837ee26.jpg@webp HTTP/2.0" 200 2384 "https://notenet.ir/p/%D8%B9%D9%84%DB%8C%D8%B1%D8%B6%D8%A7_%D9%82%D8%B1%D8%A8%D8%A7%D9%86%DB%8C/%D8%B4%D8%A8_%D8%AF%D9%87%D9%85?" "Mozilla/5.0 (Linux; Android 10; STK-L21) AppleWebKit/537.36 (KHTML, like Gecko) Chrome/103.0.0.0 Mobile Safari/537.36" -access_log/var/log/nginx/access.log
5.112.135.54 - - [09/Aug/2023:01:41:36 +0330] "GET /image/proxy/rs:fill:140:100:1/g:sm/s:140:100/plain/https://notenet.ir/media/e563b533f2a8b670fcaa113a2d8b08b2.jpg@webp HTTP/2.0" 200 2452 "https://notenet.ir/p/%D8%B9%D9%84%DB%8C%D8%B1%D8%B6%D8%A7_%D9%82%D8%B1%D8%A8%D8%A7%D9%86%DB%8C/%D8%B4%D8%A8_%D8%AF%D9%87%D9%85?" "Mozilla/5.0 (Linux; Android 10; STK-L21) AppleWebKit/537.36 (KHTML, like Gecko) Chrome/103.0.0.0 Mobile Safari/537.36" -access_log/var/log/nginx/access.log
5.112.135.54 - - [09/Aug/2023:01:41:36 +0330] "GET /image/proxy/rs:fill:140:100:1/g:sm/s:140:100/plain/https://notenet.ir/media/8cd47aa11f4674a12dc2506960580776.jpg@webp HTTP/2.0" 200 2642 "https://notenet.ir/p/%D8%B9%D9%84%DB%8C%D8%B1%D8%B6%D8%A7_%D9%82%D8%B1%D8%A8%D8%A7%D9%86%DB%8C/%D8%B4%D8%A8_%D8%AF%D9%87%D9%85?" "Mozilla/5.0 (Linux; Android 10; STK-L21) AppleWebKit/537.36 (KHTML, like Gecko) Chrome/103.0.0.0 Mobile Safari/537.36" -access_log/var/log/nginx/access.log
5.112.135.54 - - [09/Aug/2023:01:41:36 +0330] "GET /image/proxy/rs:fill:140:100:1/g:sm/s:140:100/plain/https://notenet.ir/media/b33c6ade36f7a044a5667333d82f13e6.jpg@webp HTTP/2.0" 200 2728 "https://notenet.ir/p/%D8%B9%D9%84%DB%8C%D8%B1%D8%B6%D8%A7_%D9%82%D8%B1%D8%A8%D8%A7%D9%86%DB%8C/%D8%B4%D8%A8_%D8%AF%D9%87%D9%85?" "Mozilla/5.0 (Linux; Android 10; STK-L21) AppleWebKit/537.36 (KHTML, like Gecko) Chrome/103.0.0.0 Mobile Safari/537.36" -access_log/var/log/nginx/access.log
5.112.135.54 - - [09/Aug/2023:01:41:36 +0330] "GET /image/proxy/rs:fill:140:100:1/g:sm/s:140:100/plain/https://notenet.ir/media/ae03bee9355c6c64ebabd3a099094bb7.jpg@webp HTTP/2.0" 200 2680 "https://notenet.ir/p/%D8%B9%D9%84%DB%8C%D8%B1%D8%B6%D8%A7_%D9%82%D8%B1%D8%A8%D8%A7%D9%86%DB%8C/%D8%B4%D8%A8_%D8%AF%D9%87%D9%85?" "Mozilla/5.0 (Linux; Android 10; STK-L21) AppleWebKit/537.36 (KHTML, like Gecko) Chrome/103.0.0.0 Mobile Safari/537.36" -access_log/var/log/nginx/access.log
10.2.51.2 - - [09/Aug/2023:01:41:36 +0330] "GET /media/9e435d60e2013a4440df7564a04af26e.jpg HTTP/2.0" 200 338528 "-" "imgproxy/3.18.2" -access_log/var/log/nginx/access.log
10.2.51.2 - - [09/Aug/2023:01:41:36 +0330] "GET /media/ebe4f9b15a4bffd3dda20d775a02d235.jpg HTTP/2.0" 200 306710 "-" "imgproxy/3.18.2" -access_log/var/log/nginx/access.log
10.2.51.2 - - [09/Aug/2023:01:41:36 +0330] "GET /media/de2b98c7be479f5bdbb29b11bfddbe2f.jpg HTTP/2.0" 200 363229 "-" "imgproxy/3.18.2" -access_log/var/log/nginx/access.log
10.2.51.2 - - [09/Aug/2023:01:41:36 +0330] "GET /media/6ac3105569ec5424957fa7a33837ee26.jpg HTTP/2.0" 200 72440 "-" "imgproxy/3.18.2" -access_log/var/log/nginx/access.log
10.2.51.2 - - [09/Aug/2023:01:41:36 +0330] "GET /media/d3beba3c378b7c1c2cbea57ea36022d1.jpg HTTP/2.0" 200 20223 "-" "imgproxy/3.18.2" -access_log/var/log/nginx/access.log
10.2.51.2 - - [09/Aug/2023:01:41:36 +0330] "GET /media/8cd47aa11f4674a12dc2506960580776.jpg HTTP/2.0" 200 57987 "-" "imgproxy/3.18.2" -access_log/var/log/nginx/access.log
10.2.51.2 - - [09/Aug/2023:01:41:36 +0330] "GET /media/ae03bee9355c6c64ebabd3a099094bb7.jpg HTTP/2.0" 200 324785 "-" "imgproxy/3.18.2" -access_log/var/log/nginx/access.log
10.2.51.2 - - [09/Aug/2023:01:41:36 +0330] "GET /media/e160fad21065cb389f167989d1f808f1.jpg HTTP/2.0" 200 292957 "-" "imgproxy/3.18.2" -access_log/var/log/nginx/access.log
10.2.51.2 - - [09/Aug/2023:01:41:36 +0330] "GET /media/b842ca31406b6afa1f8bcd2ee47f7976.jpg HTTP/2.0" 200 691900 "-" "imgproxy/3.18.2" -access_log/var/log/nginx/access.log
10.2.51.2 - - [09/Aug/2023:01:41:36 +0330] "GET /media/9237c2807f6f3ae9ccd07d09e0c6d424.jpg HTTP/2.0" 200 1117508 "-" "imgproxy/3.18.2" -access_log/var/log/nginx/access.log
10.2.51.2 - - [09/Aug/2023:01:41:36 +0330] "GET /media/b33c6ade36f7a044a5667333d82f13e6.jpg HTTP/2.0" 200 382787 "-" "imgproxy/3.18.2" -access_log/var/log/nginx/access.log
10.2.51.2 - - [09/Aug/2023:01:41:36 +0330] "GET /media/e563b533f2a8b670fcaa113a2d8b08b2.jpg HTTP/2.0" 200 273953 "-" "imgproxy/3.18.2" -access_log/var/log/nginx/access.log
5.112.135.54 - - [09/Aug/2023:01:41:37 +0330] "GET /v/media/e81dce0a-4df2-11eb-82ce-ecb1d77bc5d8/bc5ec84089bff8612565555268349155/bc5ec84089bff8612565555268349155.m3u8 HTTP/2.0" 200 308 "https://notenet.ir/" "Mozilla/5.0 (Linux; Android 10; STK-L21) AppleWebKit/537.36 (KHTML, like Gecko) Chrome/103.0.0.0 Mobile Safari/537.36" -access_log/var/log/nginx/access.log
5.112.135.54 - - [09/Aug/2023:01:41:37 +0330] "GET /v/media/e81dce0a-4df2-11eb-82ce-ecb1d77bc5d8/bc5ec84089bff8612565555268349155/480/480p.m3u8 HTTP/2.0" 200 628 "https://notenet.ir/" "Mozilla/5.0 (Linux; Android 10; STK-L21) AppleWebKit/537.36 (KHTML, like Gecko) Chrome/103.0.0.0 Mobile Safari/537.36" -access_log/var/log/nginx/access.log
5.112.135.54 - - [09/Aug/2023:01:41:37 +0330] "GET /v/media/e81dce0a-4df2-11eb-82ce-ecb1d77bc5d8/bc5ec84089bff8612565555268349155/480/480p_000.ts HTTP/2.0" 200 1698392 "https://notenet.ir/" "Mozilla/5.0 (Linux; Android 10; STK-L21) AppleWebKit/537.36 (KHTML, like Gecko) Chrome/103.0.0.0 Mobile Safari/537.36" -access_log/var/log/nginx/access.log
5.112.135.54 - - [09/Aug/2023:01:41:37 +0330] "GET /image/proxy/rs:fill:140:100:1/g:sm/s:140:100/plain/https://notenet.ir/media/5034d28ab2d419a29d7e20a910b1a201.jpg@webp HTTP/2.0" 200 1786 "https://notenet.ir/p/%D8%B9%D9%84%DB%8C%D8%B1%D8%B6%D8%A7_%D9%82%D8%B1%D8%A8%D8%A7%D9%86%DB%8C/%D8%B4%D8%A8_%D8%AF%D9%87%D9%85?" "Mozilla/5.0 (Linux; Android 10; STK-L21) AppleWebKit/537.36 (KHTML, like Gecko) Chrome/103.0.0.0 Mobile Safari/537.36" -access_log/var/log/nginx/access.log
5.112.135.54 - - [09/Aug/2023:01:41:37 +0330] "GET /image/proxy/rs:fill:140:100:1/g:sm/s:140:100/plain/https://notenet.ir/media/bda41b03810f2a921552130c4662b07c.jpg@webp HTTP/2.0" 200 1408 "https://notenet.ir/p/%D8%B9%D9%84%DB%8C%D8%B1%D8%B6%D8%A7_%D9%82%D8%B1%D8%A8%D8%A7%D9%86%DB%8C/%D8%B4%D8%A8_%D8%AF%D9%87%D9%85?" "Mozilla/5.0 (Linux; Android 10; STK-L21) AppleWebKit/537.36 (KHTML, like Gecko) Chrome/103.0.0.0 Mobile Safari/537.36" -access_log/var/log/nginx/access.log
5.112.135.54 - - [09/Aug/2023:01:41:37 +0330] "GET /image/proxy/rs:fill:140:100:1/g:sm/s:140:100/plain/https://notenet.ir/media/9b2141d0c0c137ae23de6745c5fca244.jpg@webp HTTP/2.0" 200 2818 "https://notenet.ir/p/%D8%B9%D9%84%DB%8C%D8%B1%D8%B6%D8%A7_%D9%82%D8%B1%D8%A8%D8%A7%D9%86%DB%8C/%D8%B4%D8%A8_%D8%AF%D9%87%D9%85?" "Mozilla/5.0 (Linux; Android 10; STK-L21) AppleWebKit/537.36 (KHTML, like Gecko) Chrome/103.0.0.0 Mobile Safari/537.36" -access_log/var/log/nginx/access.log
5.112.135.54 - - [09/Aug/2023:01:41:37 +0330] "GET /image/proxy/rs:fill:140:100:1/g:sm/s:140:100/plain/https://notenet.ir/media/93072cb364a970f6b3340577d6a0e30e.jpg@webp HTTP/2.0" 200 1416 "https://notenet.ir/p/%D8%B9%D9%84%DB%8C%D8%B1%D8%B6%D8%A7_%D9%82%D8%B1%D8%A8%D8%A7%D9%86%DB%8C/%D8%B4%D8%A8_%D8%AF%D9%87%D9%85?" "Mozilla/5.0 (Linux; Android 10; STK-L21) AppleWebKit/537.36 (KHTML, like Gecko) Chrome/103.0.0.0 Mobile Safari/537.36" -access_log/var/log/nginx/access.log
5.112.135.54 - - [09/Aug/2023:01:41:37 +0330] "GET /image/proxy/rs:fill:140:100:1/g:sm/s:140:100/plain/https://notenet.ir/media/0dd5be0ffa4a44d13ebd5147cfa9e4d0.jpg@webp HTTP/2.0" 200 3104 "https://notenet.ir/p/%D8%B9%D9%84%DB%8C%D8%B1%D8%B6%D8%A7_%D9%82%D8%B1%D8%A8%D8%A7%D9%86%DB%8C/%D8%B4%D8%A8_%D8%AF%D9%87%D9%85?" "Mozilla/5.0 (Linux; Android 10; STK-L21) AppleWebKit/537.36 (KHTML, like Gecko) Chrome/103.0.0.0 Mobile Safari/537.36" -access_log/var/log/nginx/access.log
5.112.135.54 - - [09/Aug/2023:01:41:37 +0330] "GET /image/proxy/rs:fill:140:100:1/g:sm/s:140:100/plain/https://notenet.ir/media/3064118353a6b5176e9e74c01b7c4d13.jpg@webp HTTP/2.0" 200 2060 "https://notenet.ir/p/%D8%B9%D9%84%DB%8C%D8%B1%D8%B6%D8%A7_%D9%82%D8%B1%D8%A8%D8%A7%D9%86%DB%8C/%D8%B4%D8%A8_%D8%AF%D9%87%D9%85?" "Mozilla/5.0 (Linux; Android 10; STK-L21) AppleWebKit/537.36 (KHTML, like Gecko) Chrome/103.0.0.0 Mobile Safari/537.36" -access_log/var/log/nginx/access.log
10.2.51.2 - - [09/Aug/2023:01:41:37 +0330] "GET /media/3064118353a6b5176e9e74c01b7c4d13.jpg HTTP/2.0" 200 116217 "-" "imgproxy/3.18.2" -access_log/var/log/nginx/access.log
5.112.135.54 - - [09/Aug/2023:01:41:37 +0330] "GET /image/proxy/rs:fill:140:100:1/g:sm/s:140:100/plain/https://notenet.ir/media/4f946eb2de91f2436d6f2b13054fa216.jpg@webp HTTP/2.0" 200 2872 "https://notenet.ir/p/%D8%B9%D9%84%DB%8C%D8%B1%D8%B6%D8%A7_%D9%82%D8%B1%D8%A8%D8%A7%D9%86%DB%8C/%D8%B4%D8%A8_%D8%AF%D9%87%D9%85?" "Mozilla/5.0 (Linux; Android 10; STK-L21) AppleWebKit/537.36 (KHTML, like Gecko) Chrome/103.0.0.0 Mobile Safari/537.36" -access_log/var/log/nginx/access.log
10.2.51.2 - - [09/Aug/2023:01:41:37 +0330] "GET /media/4f946eb2de91f2436d6f2b13054fa216.jpg HTTP/2.0" 200 18908 "-" "imgproxy/3.18.2" -access_log/var/log/nginx/access.log
5.112.135.54 - - [09/Aug/2023:01:41:38 +0330] "GET /image/proxy/rs:fill:140:100:1/g:sm/s:140:100/plain/https://notenet.ir/media/93cb3ccefa43943208c77c3fa69d86a3.jpg@webp HTTP/2.0" 200 2610 "https://notenet.ir/p/%D8%B9%D9%84%DB%8C%D8%B1%D8%B6%D8%A7_%D9%82%D8%B1%D8%A8%D8%A7%D9%86%DB%8C/%D8%B4%D8%A8_%D8%AF%D9%87%D9%85?" "Mozilla/5.0 (Linux; Android 10; STK-L21) AppleWebKit/537.36 (KHTML, like Gecko) Chrome/103.0.0.0 Mobile Safari/537.36" -access_log/var/log/nginx/access.log
10.2.51.2 - - [09/Aug/2023:01:41:38 +0330] "GET /media/93cb3ccefa43943208c77c3fa69d86a3.jpg HTTP/2.0" 200 243143 "-" "imgproxy/3.18.2" -access_log/var/log/nginx/access.log
5.112.135.54 - - [09/Aug/2023:01:41:38 +0330] "GET /image/proxy/rs:fill:140:100:1/g:sm/s:140:100/plain/https://notenet.ir/media/5c30ed5f6d710e9aba1ce3237782b664.jpg@webp HTTP/2.0" 200 4322 "https://notenet.ir/p/%D8%B9%D9%84%DB%8C%D8%B1%D8%B6%D8%A7_%D9%82%D8%B1%D8%A8%D8%A7%D9%86%DB%8C/%D8%B4%D8%A8_%D8%AF%D9%87%D9%85?" "Mozilla/5.0 (Linux; Android 10; STK-L21) AppleWebKit/537.36 (KHTML, like Gecko) Chrome/103.0.0.0 Mobile Safari/537.36" -access_log/var/log/nginx/access.log
5.112.135.54 - - [09/Aug/2023:01:41:38 +0330] "GET /image/proxy/rs:fill:140:100:1/g:sm/s:140:100/plain/https://notenet.ir/media/97d620cd8eadedaf1e567e8611984b6a.jpg@webp HTTP/2.0" 200 2974 "https://notenet.ir/p/%D8%B9%D9%84%DB%8C%D8%B1%D8%B6%D8%A7_%D9%82%D8%B1%D8%A8%D8%A7%D9%86%DB%8C/%D8%B4%D8%A8_%D8%AF%D9%87%D9%85?" "Mozilla/5.0 (Linux; Android 10; STK-L21) AppleWebKit/537.36 (KHTML, like Gecko) Chrome/103.0.0.0 Mobile Safari/537.36" -access_log/var/log/nginx/access.log
10.2.51.2 - - [09/Aug/2023:01:41:38 +0330] "GET /media/e77e5acb1dc1dba895806c08a5ff633f.jpeg HTTP/2.0" 200 216379 "-" "imgproxy/3.18.2" -access_log/var/log/nginx/access.log
5.112.135.54 - - [09/Aug/2023:01:41:38 +0330] "GET /image/proxy/rs:fill:140:100:1/g:sm/s:140:100/plain/https://notenet.ir/media/e77e5acb1dc1dba895806c08a5ff633f.jpeg@webp HTTP/2.0" 200 1560 "https://notenet.ir/p/%D8%B9%D9%84%DB%8C%D8%B1%D8%B6%D8%A7_%D9%82%D8%B1%D8%A8%D8%A7%D9%86%DB%8C/%D8%B4%D8%A8_%D8%AF%D9%87%D9%85?" "Mozilla/5.0 (Linux; Android 10; STK-L21) AppleWebKit/537.36 (KHTML, like Gecko) Chrome/103.0.0.0 Mobile Safari/537.36" -access_log/var/log/nginx/access.log
10.2.51.2 - - [09/Aug/2023:01:41:38 +0330] "GET /media/2a000326a5629ef697f62bc7fce41003.jpg HTTP/2.0" 200 218661 "-" "imgproxy/3.18.2" -access_log/var/log/nginx/access.log
5.112.135.54 - - [09/Aug/2023:01:41:38 +0330] "GET /image/proxy/rs:fill:140:100:1/g:sm/s:140:100/plain/https://notenet.ir/media/2a000326a5629ef697f62bc7fce41003.jpg@webp HTTP/2.0" 200 2154 "https://notenet.ir/p/%D8%B9%D9%84%DB%8C%D8%B1%D8%B6%D8%A7_%D9%82%D8%B1%D8%A8%D8%A7%D9%86%DB%8C/%D8%B4%D8%A8_%D8%AF%D9%87%D9%85?" "Mozilla/5.0 (Linux; Android 10; STK-L21) AppleWebKit/537.36 (KHTML, like Gecko) Chrome/103.0.0.0 Mobile Safari/537.36" -access_log/var/log/nginx/access.log
66.249.64.106 - - [09/Aug/2023:01:41:58 +0330] "GET /p/%D9%81%D8%B1%D8%B2%D8%A7%D8%AF_%D9%81%D8%B1%D8%B2%DB%8C%D9%86/%D9%86%DA%AF%DB%8C_%DA%A9%D9%87_%D9%86%DA%AF%D9%81%D8%AA%D9%85? HTTP/1.1" 200 26770 "-" "Mozilla/5.0 (compatible; Googlebot/2.1; +http://www.google.com/bot.html)" -access_log/var/log/nginx/access.log
74.125.214.100 - - [09/Aug/2023:01:42:13 +0330] "GET /event/ghaf HTTP/1.1" 200 16554 "-" "Mozilla/5.0 (X11; Linux x86_64) AppleWebKit/537.36 (KHTML, like Gecko) Chrome/56.0.2924.87 Safari/537.36 Google-PageRenderer Google (+https://developers.google.com/+/web/snippet/)" -access_log/var/log/nginx/access.log
74.125.214.101 - - [09/Aug/2023:01:42:16 +0330] "GET /media/16df1f5f87933a8aeed45f1053c4bb1e.png HTTP/1.1" 200 132780 "-" "Mozilla/5.0 (X11; Linux x86_64) AppleWebKit/537.36 (KHTML, like Gecko) Chrome/56.0.2924.87 Safari/537.36 Google-PageRenderer Google (+https://developers.google.com/+/web/snippet/)" -access_log/var/log/nginx/access.log
66.249.64.106 - - [09/Aug/2023:01:43:55 +0330] "GET /image/proxy/rs:fill:300:300:1/g:sm/s:300:300/plain/https://notenet.ir/media/f0da39652232c86f256a6a7b02a84831.jpg@webp HTTP/1.1" 200 12882 "-" "Googlebot-Image/1.0" -access_log/var/log/nginx/access.log
10.2.51.2 - - [09/Aug/2023:01:43:55 +0330] "GET /media/f0da39652232c86f256a6a7b02a84831.jpg HTTP/2.0" 200 415225 "-" "imgproxy/3.18.2" -access_log/var/log/nginx/access.log
40.77.167.237 - - [09/Aug/2023:01:45:48 +0330] "GET /player/NjM0NmNhNGU5OTRhNjM2MzdiMGI5M2Zl HTTP/2.0" 302 0 "-" "Mozilla/5.0 AppleWebKit/537.36 (KHTML, like Gecko; compatible; bingbot/2.0; +http://www.bing.com/bingbot.htm) Chrome/103.0.5060.134 Safari/537.36" -access_log/var/log/nginx/access.log
40.77.167.237 - - [09/Aug/2023:01:45:50 +0330] "GET /p/%D9%81%D8%B1%D8%B2%D8%A7%D8%AF_%D9%81%D8%B1%D8%B2%DB%8C%D9%86/%D8%AC%D8%B0%D8%A7%D8%A8? HTTP/2.0" 200 26666 "-" "Mozilla/5.0 AppleWebKit/537.36 (KHTML, like Gecko; compatible; bingbot/2.0; +http://www.bing.com/bingbot.htm) Chrome/103.0.5060.134 Safari/537.36" -access_log/var/log/nginx/access.log
10.2.51.2 - - [09/Aug/2023:01:50:55 +0330] "GET /media/736b4873bf6353fb23435c595013e97e.jpg HTTP/2.0" 200 165319 "-" "imgproxy/3.18.2" -access_log/var/log/nginx/access.log
66.249.64.105 - - [09/Aug/2023:01:50:55 +0330] "GET /image/proxy/rs:fill:540:360:1/g:sm/s:540:360/plain/https://notenet.ir/media/736b4873bf6353fb23435c595013e97e.jpg@webp HTTP/1.1" 200 39136 "-" "Googlebot-Image/1.0" -access_log/var/log/nginx/access.log
40.77.167.224 - - [09/Aug/2023:01:51:37 +0330] "GET /p/%D8%B1%D8%B6%D8%A7_%D8%B5%D8%A7%D8%AF%D9%82%DB%8C/%D8%A8%D9%85%D9%88%D9%86%DB%8C_%D8%A8%D8%B1%D8%A7%D9%85?playlist=60f150781d41c878e17497d1 HTTP/2.0" 200 26507 "-" "Mozilla/5.0 AppleWebKit/537.36 (KHTML, like Gecko; compatible; bingbot/2.0; +http://www.bing.com/bingbot.htm) Chrome/103.0.5060.134 Safari/537.36" -access_log/var/log/nginx/access.log
40.77.167.224 - - [09/Aug/2023:01:52:03 +0330] "GET /p/%D9%BE%D8%A7%D8%B2%D9%84_%D8%A8%D9%86%D8%AF/%D9%85%DB%8C%D8%AE%D9%86%D8%AF%D9%85?category=602b7ee7d13ebe8c308d5f97 HTTP/2.0" 200 25752 "-" "Mozilla/5.0 AppleWebKit/537.36 (KHTML, like Gecko; compatible; bingbot/2.0; +http://www.bing.com/bingbot.htm) Chrome/103.0.5060.134 Safari/537.36" -access_log/var/log/nginx/access.log
